# hetoimasia allocator parity trace, format 1; see README.md
# Derived from Synarchy 9a274311de7596fc971008eb90a3e67eb83fe004: 6251 PNGs under assets/, 255112372 bytes as RGBA8,
# packed into 33 sheets totalling 348127232 bytes; 8 streamed unit families.
# Every sheet is an optimally tiled image aligned to 64 KiB.
# Churn sensitivity variant, hypothetical: old sheets retire exactly one step after their replacement (default 1-3); every other parameter as synarchy-sheets.
trace churn-retire-1
capacity 268435456
seed 331
a 0 4194304 65536
a 1 2097152 65536
a 2 8388608 65536
a 3 1048576 65536
a 4 1048576 65536
a 5 1048576 65536
a 6 4194304 65536
a 7 1048576 65536
a 8 4194304 65536
a 9 8388608 65536
a 10 16777216 65536
a 11 16777216 65536
a 12 16777216 65536
a 13 16777216 65536
a 14 8388608 65536
a 15 16777216 65536
a 16 16777216 65536
a 17 16777216 65536
a 18 16777216 65536
a 19 16777216 65536
a 20 16777216 65536
a 21 16777216 65536
a 22 2097152 65536
a 23 4194304 65536
a 24 8388608 65536
c after-load
f 23
a 25 4194304 65536
a 26 16777216 65536
f 20
a 27 8388608 65536
f 14
f 10
f 11
f 12
f 13
f 27
a 28 4194304 65536
a 29 16777216 65536
a 30 16777216 65536
a 31 8388608 65536
f 30
f 31
a 32 16777216 65536
a 33 8388608 65536
f 15
f 16
f 17
f 18
f 19
f 26
f 21
f 22
a 34 16777216 65536
a 35 16777216 65536
a 36 16777216 65536
a 37 16777216 65536
a 38 16777216 65536
a 39 16777216 65536
a 40 16777216 65536
a 41 2097152 65536
f 28
a 42 4194304 65536
a 43 16777216 65536
f 40
a 44 16777216 65536
f 38
f 34
f 35
f 36
f 37
f 44
f 39
f 43
f 41
a 45 16777216 65536
a 46 16777216 65536
a 47 16777216 65536
a 48 8388608 65536
a 49 16777216 65536
a 50 16777216 65536
a 51 16777216 65536
a 52 16777216 65536
a 53 8388608 65536
f 32
f 33
a 54 16777216 65536
a 55 8388608 65536
f 42
a 56 4194304 65536
f 56
a 57 4194304 65536
f 45
f 46
f 47
f 48
a 58 16777216 65536
a 59 16777216 65536
a 60 16777216 65536
a 61 8388608 65536
a 62 16777216 65536
f 59
f 49
f 50
f 51
f 52
f 53
a 63 16777216 65536
a 64 16777216 65536
a 65 16777216 65536
a 66 16777216 65536
a 67 8388608 65536
a 68 16777216 65536
f 64
f 58
f 62
f 60
f 61
a 69 16777216 65536
a 70 16777216 65536
a 71 16777216 65536
a 72 8388608 65536
f 69
f 70
f 71
f 72
a 73 16777216 65536
a 74 16777216 65536
a 75 16777216 65536
a 76 8388608 65536
f 63
f 68
f 65
f 66
f 67
a 77 16777216 65536
a 78 16777216 65536
a 79 16777216 65536
a 80 16777216 65536
a 81 8388608 65536
f 77
f 78
f 79
f 80
f 81
a 82 16777216 65536
a 83 16777216 65536
a 84 16777216 65536
a 85 16777216 65536
a 86 8388608 65536
f 57
a 87 4194304 65536
f 54
f 55
a 88 16777216 65536
a 89 8388608 65536
f 24
a 90 8388608 65536
a 91 16777216 65536
f 75
f 90
a 92 8388608 65536
f 25
a 93 4194304 65536
f 87
a 94 4194304 65536
f 92
a 95 8388608 65536
a 96 8388608 65536
f 86
f 82
f 83
f 84
f 85
f 96
a 97 16777216 65536
a 98 16777216 65536
a 99 16777216 65536
a 100 16777216 65536
a 101 8388608 65536
a 102 8388608 65536
f 95
f 102
a 103 8388608 65536
f 93
a 104 4194304 65536
a 105 16777216 65536
f 100
a 106 16777216 65536
f 105
f 103
a 107 8388608 65536
f 29
a 108 16777216 65536
f 107
a 109 8388608 65536
f 104
a 110 4194304 65536
a 111 16777216 65536
f 91
f 97
f 98
f 99
f 106
f 101
a 112 16777216 65536
a 113 16777216 65536
a 114 16777216 65536
a 115 16777216 65536
a 116 8388608 65536
f 73
f 74
f 111
f 76
a 117 16777216 65536
a 118 16777216 65536
a 119 16777216 65536
a 120 8388608 65536
f 108
a 121 16777216 65536
f 109
a 122 8388608 65536
f 110
a 123 4194304 65536
a 124 8388608 65536
f 116
a 125 4194304 65536
f 123
f 94
a 126 4194304 65536
f 88
f 89
a 127 16777216 65536
a 128 8388608 65536
a 129 16777216 65536
f 121
f 117
f 118
f 119
f 120
a 130 16777216 65536
a 131 16777216 65536
a 132 16777216 65536
a 133 8388608 65536
f 127
f 128
a 134 16777216 65536
a 135 8388608 65536
f 134
f 135
a 136 16777216 65536
a 137 8388608 65536
a 138 16777216 65536
f 131
f 126
a 139 4194304 65536
f 112
f 113
f 114
f 115
f 124
a 140 16777216 65536
a 141 16777216 65536
a 142 16777216 65536
a 143 16777216 65536
a 144 8388608 65536
f 130
f 138
f 132
f 133
a 145 16777216 65536
a 146 16777216 65536
a 147 16777216 65536
a 148 8388608 65536
f 122
a 149 8388608 65536
a 150 8388608 65536
f 148
f 125
a 151 4194304 65536
f 149
a 152 8388608 65536
a 153 16777216 65536
f 143
f 151
a 154 4194304 65536
f 139
a 155 4194304 65536
f 145
f 146
f 147
f 150
a 156 16777216 65536
a 157 16777216 65536
a 158 16777216 65536
a 159 8388608 65536
a 160 16777216 65536
f 141
f 154
a 161 4194304 65536
f 155
a 162 4194304 65536
f 161
a 163 4194304 65536
f 152
a 164 8388608 65536
a 165 8388608 65536
f 137
f 129
a 166 16777216 65536
f 166
a 167 16777216 65536
a 168 16777216 65536
f 167
f 164
a 169 8388608 65536
f 140
f 160
f 142
f 153
f 144
a 170 16777216 65536
a 171 16777216 65536
a 172 16777216 65536
a 173 16777216 65536
a 174 8388608 65536
a 175 8388608 65536
f 169
f 168
a 176 16777216 65536
f 163
a 177 4194304 65536
a 178 8388608 65536
f 174
a 179 8388608 65536
f 175
f 176
a 180 16777216 65536
a 181 16777216 65536
f 172
a 182 16777216 65536
f 157
f 180
a 183 16777216 65536
f 156
f 182
f 158
f 159
a 184 16777216 65536
a 185 16777216 65536
a 186 16777216 65536
a 187 8388608 65536
a 188 4194304 65536
f 177
a 189 16777216 65536
f 186
f 184
f 185
f 189
f 187
a 190 16777216 65536
a 191 16777216 65536
a 192 16777216 65536
a 193 8388608 65536
f 183
a 194 16777216 65536
a 195 8388608 65536
f 193
f 194
a 196 16777216 65536
f 190
f 191
f 192
f 195
a 197 16777216 65536
a 198 16777216 65536
a 199 16777216 65536
a 200 8388608 65536
f 188
a 201 4194304 65536
f 197
f 198
f 199
f 200
a 202 16777216 65536
a 203 16777216 65536
a 204 16777216 65536
a 205 8388608 65536
f 179
a 206 8388608 65536
f 202
f 203
f 204
f 205
a 207 16777216 65536
a 208 16777216 65536
a 209 16777216 65536
a 210 8388608 65536
a 211 8388608 65536
f 206
a 212 16777216 65536
c churn-100
f 207
f 136
f 165
a 213 16777216 65536
a 214 8388608 65536
f 201
a 215 4194304 65536
a 216 4194304 65536
f 215
f 212
f 208
f 209
f 210
a 217 16777216 65536
a 218 16777216 65536
a 219 16777216 65536
a 220 8388608 65536
a 221 8388608 65536
f 214
f 162
a 222 4194304 65536
a 223 4194304 65536
f 222
f 216
a 224 4194304 65536
f 211
a 225 8388608 65536
a 226 16777216 65536
f 173
f 170
f 171
f 181
f 226
f 178
a 227 16777216 65536
a 228 16777216 65536
a 229 16777216 65536
a 230 16777216 65536
a 231 8388608 65536
a 232 16777216 65536
f 228
a 233 16777216 65536
f 227
f 213
f 221
a 234 16777216 65536
a 235 8388608 65536
f 234
f 235
a 236 16777216 65536
a 237 8388608 65536
a 238 8388608 65536
f 225
f 217
f 218
f 219
f 220
a 239 16777216 65536
a 240 16777216 65536
a 241 16777216 65536
a 242 8388608 65536
a 243 4194304 65536
f 224
f 236
f 237
a 244 16777216 65536
a 245 8388608 65536
f 238
a 246 8388608 65536
f 243
a 247 4194304 65536
f 223
a 248 4194304 65536
f 244
f 245
a 249 16777216 65536
a 250 8388608 65536
f 246
a 251 8388608 65536
f 247
a 252 4194304 65536
f 249
f 250
a 253 16777216 65536
a 254 8388608 65536
f 239
f 240
f 241
f 242
a 255 16777216 65536
a 256 16777216 65536
a 257 16777216 65536
a 258 8388608 65536
f 196
a 259 16777216 65536
f 248
a 260 4194304 65536
f 233
f 232
f 229
f 230
f 231
a 261 16777216 65536
a 262 16777216 65536
a 263 16777216 65536
a 264 16777216 65536
a 265 8388608 65536
f 253
f 254
a 266 16777216 65536
a 267 8388608 65536
f 252
a 268 4194304 65536
f 251
a 269 8388608 65536
a 270 16777216 65536
f 259
f 270
a 271 16777216 65536
f 260
a 272 4194304 65536
a 273 4194304 65536
f 272
f 271
a 274 16777216 65536
f 255
f 256
f 257
f 258
a 275 16777216 65536
a 276 16777216 65536
a 277 16777216 65536
a 278 8388608 65536
f 268
a 279 4194304 65536
f 261
f 262
f 263
f 264
f 265
a 280 16777216 65536
a 281 16777216 65536
a 282 16777216 65536
a 283 16777216 65536
a 284 8388608 65536
a 285 8388608 65536
f 278
f 280
f 281
f 282
f 283
f 284
a 286 16777216 65536
a 287 16777216 65536
a 288 16777216 65536
a 289 16777216 65536
a 290 8388608 65536
a 291 8388608 65536
f 267
f 266
f 291
a 292 16777216 65536
a 293 8388608 65536
f 275
f 276
f 277
f 285
a 294 16777216 65536
a 295 16777216 65536
a 296 16777216 65536
a 297 8388608 65536
f 269
a 298 8388608 65536
f 273
a 299 4194304 65536
a 300 16777216 65536
f 294
f 274
a 301 16777216 65536
f 298
a 302 8388608 65536
a 303 4194304 65536
f 279
f 299
a 304 4194304 65536
f 292
f 293
a 305 16777216 65536
a 306 8388608 65536
f 302
a 307 8388608 65536
a 308 16777216 65536
f 305
f 301
a 309 16777216 65536
f 304
a 310 4194304 65536
f 300
f 295
f 296
f 297
a 311 16777216 65536
a 312 16777216 65536
a 313 16777216 65536
a 314 8388608 65536
f 303
a 315 4194304 65536
f 307
a 316 8388608 65536
a 317 16777216 65536
f 289
a 318 16777216 65536
f 287
f 316
a 319 8388608 65536
f 310
a 320 4194304 65536
f 308
f 306
a 321 16777216 65536
a 322 8388608 65536
f 309
a 323 16777216 65536
a 324 16777216 65536
f 318
f 286
f 324
f 288
f 317
f 290
a 325 16777216 65536
a 326 16777216 65536
a 327 16777216 65536
a 328 16777216 65536
a 329 8388608 65536
f 315
a 330 4194304 65536
f 319
a 331 8388608 65536
a 332 8388608 65536
f 329
f 331
a 333 8388608 65536
a 334 16777216 65536
f 327
f 323
a 335 16777216 65536
f 335
a 336 16777216 65536
a 337 8388608 65536
f 332
f 311
f 312
f 313
f 314
a 338 16777216 65536
a 339 16777216 65536
a 340 16777216 65536
a 341 8388608 65536
f 320
a 342 4194304 65536
f 336
a 343 16777216 65536
f 343
a 344 16777216 65536
f 342
a 345 4194304 65536
f 321
f 322
a 346 16777216 65536
a 347 8388608 65536
f 333
a 348 8388608 65536
f 338
f 339
f 340
f 341
a 349 16777216 65536
a 350 16777216 65536
a 351 16777216 65536
a 352 8388608 65536
f 345
a 353 4194304 65536
f 348
a 354 8388608 65536
f 344
a 355 16777216 65536
a 356 8388608 65536
f 347
a 357 8388608 65536
f 356
f 325
f 326
f 334
f 328
f 337
a 358 16777216 65536
a 359 16777216 65536
a 360 16777216 65536
a 361 16777216 65536
a 362 8388608 65536
f 353
a 363 4194304 65536
f 346
f 357
a 364 16777216 65536
a 365 8388608 65536
f 363
a 366 4194304 65536
f 364
f 365
a 367 16777216 65536
a 368 8388608 65536
f 349
f 350
f 351
f 352
a 369 16777216 65536
a 370 16777216 65536
a 371 16777216 65536
a 372 8388608 65536
f 369
f 370
f 371
f 372
a 373 16777216 65536
a 374 16777216 65536
a 375 16777216 65536
a 376 8388608 65536
a 377 16777216 65536
f 358
f 330
a 378 4194304 65536
a 379 16777216 65536
c churn-200
f 360
f 377
f 359
f 379
f 361
f 362
a 380 16777216 65536
a 381 16777216 65536
a 382 16777216 65536
a 383 16777216 65536
a 384 8388608 65536
f 373
f 374
f 375
f 376
a 385 16777216 65536
a 386 16777216 65536
a 387 16777216 65536
a 388 8388608 65536
a 389 16777216 65536
f 386
a 390 16777216 65536
f 389
f 378
a 391 4194304 65536
f 355
a 392 16777216 65536
f 366
a 393 4194304 65536
f 393
a 394 4194304 65536
f 391
a 395 4194304 65536
a 396 16777216 65536
f 382
f 354
a 397 8388608 65536
f 397
a 398 8388608 65536
f 398
a 399 8388608 65536
f 380
f 381
f 396
f 383
f 384
a 400 16777216 65536
a 401 16777216 65536
a 402 16777216 65536
a 403 16777216 65536
a 404 8388608 65536
a 405 16777216 65536
f 402
a 406 4194304 65536
f 395
f 399
a 407 8388608 65536
f 385
f 390
f 387
f 388
a 408 16777216 65536
a 409 16777216 65536
a 410 16777216 65536
a 411 8388608 65536
f 394
a 412 4194304 65536
f 408
f 409
f 410
f 411
a 413 16777216 65536
a 414 16777216 65536
a 415 16777216 65536
a 416 8388608 65536
f 413
f 414
f 415
f 416
a 417 16777216 65536
a 418 16777216 65536
a 419 16777216 65536
a 420 8388608 65536
a 421 16777216 65536
f 392
f 407
a 422 8388608 65536
f 406
a 423 4194304 65536
a 424 8388608 65536
f 404
f 421
a 425 16777216 65536
f 423
a 426 4194304 65536
f 422
a 427 8388608 65536
f 425
a 428 16777216 65536
a 429 16777216 65536
f 403
f 367
f 368
a 430 16777216 65536
a 431 8388608 65536
f 428
a 432 16777216 65536
a 433 4194304 65536
f 426
a 434 4194304 65536
f 433
a 435 16777216 65536
f 430
f 432
a 436 16777216 65536
a 437 16777216 65536
f 400
a 438 16777216 65536
f 418
f 417
f 438
f 419
f 420
a 439 16777216 65536
a 440 16777216 65536
a 441 16777216 65536
a 442 8388608 65536
f 434
a 443 4194304 65536
f 437
f 401
f 405
f 429
f 424
a 444 16777216 65536
a 445 16777216 65536
a 446 16777216 65536
a 447 16777216 65536
a 448 8388608 65536
f 412
a 449 4194304 65536
a 450 8388608 65536
f 431
a 451 16777216 65536
f 436
f 449
a 452 4194304 65536
a 453 16777216 65536
f 445
f 452
a 454 4194304 65536
f 454
a 455 4194304 65536
f 455
a 456 4194304 65536
f 451
a 457 16777216 65536
a 458 8388608 65536
f 448
f 457
a 459 16777216 65536
f 435
f 450
a 460 16777216 65536
a 461 8388608 65536
f 444
f 453
f 446
f 447
f 458
a 462 16777216 65536
a 463 16777216 65536
a 464 16777216 65536
a 465 16777216 65536
a 466 8388608 65536
f 456
a 467 4194304 65536
a 468 4194304 65536
f 467
f 460
f 461
a 469 16777216 65536
a 470 8388608 65536
f 462
f 463
f 464
f 465
f 466
a 471 16777216 65536
a 472 16777216 65536
a 473 16777216 65536
a 474 16777216 65536
a 475 8388608 65536
f 469
f 470
a 476 16777216 65536
a 477 8388608 65536
f 427
a 478 8388608 65536
a 479 16777216 65536
f 474
f 443
a 480 4194304 65536
f 459
a 481 16777216 65536
f 476
f 477
a 482 16777216 65536
a 483 8388608 65536
f 481
a 484 16777216 65536
f 439
f 440
f 441
f 442
a 485 16777216 65536
a 486 16777216 65536
a 487 16777216 65536
a 488 8388608 65536
f 471
f 472
f 473
f 479
f 475
a 489 16777216 65536
a 490 16777216 65536
a 491 16777216 65536
a 492 16777216 65536
a 493 8388608 65536
f 484
a 494 16777216 65536
a 495 4194304 65536
f 480
a 496 8388608 65536
f 478
f 495
a 497 4194304 65536
f 485
f 486
f 487
f 488
a 498 16777216 65536
a 499 16777216 65536
a 500 16777216 65536
a 501 8388608 65536
f 498
f 499
f 500
f 501
a 502 16777216 65536
a 503 16777216 65536
a 504 16777216 65536
a 505 8388608 65536
f 482
f 483
a 506 16777216 65536
a 507 8388608 65536
f 489
f 490
f 491
f 492
f 493
a 508 16777216 65536
a 509 16777216 65536
a 510 16777216 65536
a 511 16777216 65536
a 512 8388608 65536
a 513 8388608 65536
f 512
f 496
a 514 8388608 65536
f 497
a 515 4194304 65536
f 514
a 516 8388608 65536
f 508
f 509
f 510
f 511
f 513
a 517 16777216 65536
a 518 16777216 65536
a 519 16777216 65536
a 520 16777216 65536
a 521 8388608 65536
f 517
f 518
f 519
f 520
f 521
a 522 16777216 65536
a 523 16777216 65536
a 524 16777216 65536
a 525 16777216 65536
a 526 8388608 65536
a 527 16777216 65536
f 503
f 516
a 528 8388608 65536
f 502
f 527
f 504
f 505
a 529 16777216 65536
a 530 16777216 65536
a 531 16777216 65536
a 532 8388608 65536
a 533 16777216 65536
f 529
f 515
a 534 4194304 65536
f 533
f 530
f 531
f 532
a 535 16777216 65536
a 536 16777216 65536
a 537 16777216 65536
a 538 8388608 65536
f 468
a 539 4194304 65536
a 540 16777216 65536
f 522
f 494
a 541 16777216 65536
f 506
f 507
a 542 16777216 65536
a 543 8388608 65536
f 541
a 544 16777216 65536
a 545 16777216 65536
f 523
a 546 16777216 65536
f 537
f 539
a 547 4194304 65536
f 544
a 548 16777216 65536
a 549 16777216 65536
f 524
a 550 16777216 65536
f 536
f 540
f 545
f 549
f 525
f 526
a 551 16777216 65536
a 552 16777216 65536
a 553 16777216 65536
a 554 16777216 65536
a 555 8388608 65536
a 556 16777216 65536
c churn-300
f 542
f 528
a 557 8388608 65536
f 551
f 552
f 553
f 554
f 555
a 558 16777216 65536
a 559 16777216 65536
a 560 16777216 65536
a 561 16777216 65536
a 562 8388608 65536
f 535
f 550
f 546
f 538
a 563 16777216 65536
a 564 16777216 65536
a 565 16777216 65536
a 566 8388608 65536
f 547
a 567 4194304 65536
f 558
f 559
f 560
f 561
f 562
a 568 16777216 65536
a 569 16777216 65536
a 570 16777216 65536
a 571 16777216 65536
a 572 8388608 65536
f 557
a 573 8388608 65536
f 556
f 543
a 574 16777216 65536
a 575 8388608 65536
f 563
f 564
f 565
f 566
a 576 16777216 65536
a 577 16777216 65536
a 578 16777216 65536
a 579 8388608 65536
a 580 8388608 65536
f 579
f 548
a 581 16777216 65536
f 574
f 575
a 582 16777216 65536
a 583 8388608 65536
f 582
f 583
a 584 16777216 65536
a 585 8388608 65536
f 567
a 586 4194304 65536
a 587 16777216 65536
f 569
a 588 8388608 65536
f 585
f 581
a 589 16777216 65536
f 534
a 590 4194304 65536
f 589
a 591 16777216 65536
f 590
a 592 4194304 65536
f 568
f 587
f 570
f 571
f 572
a 593 16777216 65536
a 594 16777216 65536
a 595 16777216 65536
a 596 16777216 65536
a 597 8388608 65536
f 586
a 598 4194304 65536
a 599 8388608 65536
f 597
a 600 8388608 65536
f 588
a 601 16777216 65536
f 591
f 573
a 602 8388608 65536
f 576
f 577
f 578
f 580
a 603 16777216 65536
a 604 16777216 65536
a 605 16777216 65536
a 606 8388608 65536
f 592
a 607 4194304 65536
a 608 16777216 65536
f 594
a 609 16777216 65536
f 604
a 610 8388608 65536
f 599
f 593
f 608
f 595
f 596
f 610
a 611 16777216 65536
a 612 16777216 65536
a 613 16777216 65536
a 614 16777216 65536
a 615 8388608 65536
a 616 16777216 65536
f 605
f 598
a 617 4194304 65536
f 602
a 618 8388608 65536
f 584
f 600
a 619 16777216 65536
a 620 8388608 65536
a 621 8388608 65536
f 620
f 618
a 622 8388608 65536
a 623 16777216 65536
f 612
f 611
f 623
f 613
f 614
f 615
a 624 16777216 65536
a 625 16777216 65536
a 626 16777216 65536
a 627 16777216 65536
a 628 8388608 65536
f 601
a 629 16777216 65536
f 619
f 621
a 630 16777216 65536
a 631 8388608 65536
f 622
a 632 8388608 65536
f 630
f 631
a 633 16777216 65536
a 634 8388608 65536
f 633
f 634
a 635 16777216 65536
a 636 8388608 65536
f 632
a 637 8388608 65536
f 624
f 625
f 626
f 627
f 628
a 638 16777216 65536
a 639 16777216 65536
a 640 16777216 65536
a 641 16777216 65536
a 642 8388608 65536
f 607
a 643 4194304 65536
f 638
f 639
f 640
f 641
f 642
a 644 16777216 65536
a 645 16777216 65536
a 646 16777216 65536
a 647 16777216 65536
a 648 8388608 65536
f 617
a 649 4194304 65536
f 649
a 650 4194304 65536
f 629
a 651 16777216 65536
a 652 8388608 65536
f 637
a 653 4194304 65536
f 650
f 635
f 636
a 654 16777216 65536
a 655 8388608 65536
a 656 16777216 65536
f 616
f 603
f 609
f 656
f 606
a 657 16777216 65536
a 658 16777216 65536
a 659 16777216 65536
a 660 8388608 65536
f 653
a 661 4194304 65536
a 662 16777216 65536
f 657
f 643
a 663 4194304 65536
f 644
f 645
f 646
f 647
f 648
a 664 16777216 65536
a 665 16777216 65536
a 666 16777216 65536
a 667 16777216 65536
a 668 8388608 65536
f 654
f 655
a 669 16777216 65536
a 670 8388608 65536
f 669
f 670
a 671 16777216 65536
a 672 8388608 65536
f 661
a 673 4194304 65536
f 673
a 674 4194304 65536
a 675 16777216 65536
f 667
f 652
a 676 8388608 65536
f 662
f 658
f 659
f 660
a 677 16777216 65536
a 678 16777216 65536
a 679 16777216 65536
a 680 8388608 65536
f 664
f 665
f 666
f 675
f 668
a 681 16777216 65536
a 682 16777216 65536
a 683 16777216 65536
a 684 16777216 65536
a 685 8388608 65536
a 686 8388608 65536
f 685
f 674
a 687 4194304 65536
f 681
f 682
f 683
f 684
f 686
a 688 16777216 65536
a 689 16777216 65536
a 690 16777216 65536
a 691 16777216 65536
a 692 8388608 65536
f 688
f 689
f 690
f 691
f 692
a 693 16777216 65536
a 694 16777216 65536
a 695 16777216 65536
a 696 16777216 65536
a 697 8388608 65536
a 698 16777216 65536
f 671
f 676
a 699 8388608 65536
a 700 16777216 65536
f 695
f 693
f 694
f 700
f 696
f 697
a 701 16777216 65536
a 702 16777216 65536
a 703 16777216 65536
a 704 16777216 65536
a 705 8388608 65536
f 698
f 672
a 706 16777216 65536
a 707 8388608 65536
f 699
a 708 8388608 65536
f 687
a 709 4194304 65536
f 709
a 710 4194304 65536
f 701
f 702
f 703
f 704
f 705
a 711 16777216 65536
a 712 16777216 65536
a 713 16777216 65536
a 714 16777216 65536
a 715 8388608 65536
a 716 16777216 65536
f 677
f 708
a 717 8388608 65536
f 717
a 718 8388608 65536
f 663
a 719 4194304 65536
f 710
a 720 4194304 65536
f 706
f 707
a 721 16777216 65536
a 722 8388608 65536
f 651
a 723 16777216 65536
f 720
a 724 4194304 65536
a 725 8388608 65536
f 680
f 716
f 678
f 679
f 725
a 726 16777216 65536
a 727 16777216 65536
a 728 16777216 65536
a 729 8388608 65536
f 719
a 730 4194304 65536
f 718
a 731 8388608 65536
f 731
a 732 8388608 65536
f 732
a 733 8388608 65536
f 721
f 722
a 734 16777216 65536
a 735 8388608 65536
f 711
f 712
f 713
f 714
f 715
a 736 16777216 65536
a 737 16777216 65536
a 738 16777216 65536
a 739 16777216 65536
a 740 8388608 65536
f 734
f 735
a 741 16777216 65536
a 742 8388608 65536
f 741
f 742
a 743 16777216 65536
a 744 8388608 65536
f 733
a 745 8388608 65536
c churn-400
f 736
f 737
f 738
f 739
f 740
a 746 16777216 65536
a 747 16777216 65536
a 748 16777216 65536
a 749 16777216 65536
a 750 8388608 65536
a 751 16777216 65536
f 748
f 745
a 752 8388608 65536
f 743
f 744
a 753 16777216 65536
a 754 8388608 65536
a 755 16777216 65536
f 728
f 730
a 756 4194304 65536
a 757 16777216 65536
f 746
a 758 16777216 65536
f 753
a 759 8388608 65536
f 750
f 756
a 760 4194304 65536
f 724
a 761 4194304 65536
f 752
a 762 8388608 65536
f 761
a 763 4194304 65536
f 757
f 747
f 751
f 749
f 759
a 764 16777216 65536
a 765 16777216 65536
a 766 16777216 65536
a 767 16777216 65536
a 768 8388608 65536
a 769 8388608 65536
f 768
f 726
f 727
f 755
f 729
a 770 16777216 65536
a 771 16777216 65536
a 772 16777216 65536
a 773 8388608 65536
a 774 16777216 65536
f 771
f 763
a 775 4194304 65536
f 775
a 776 4194304 65536
f 764
f 765
f 766
f 767
f 769
a 777 16777216 65536
a 778 16777216 65536
a 779 16777216 65536
a 780 16777216 65536
a 781 8388608 65536
f 770
f 774
f 772
f 773
a 782 16777216 65536
a 783 16777216 65536
a 784 16777216 65536
a 785 8388608 65536
a 786 16777216 65536
f 784
f 723
a 787 16777216 65536
f 762
a 788 8388608 65536
f 787
a 789 16777216 65536
f 788
a 790 8388608 65536
f 758
f 754
a 791 16777216 65536
a 792 8388608 65536
a 793 16777216 65536
f 783
f 782
f 793
f 786
f 785
a 794 16777216 65536
a 795 16777216 65536
a 796 16777216 65536
a 797 8388608 65536
f 794
f 795
f 796
f 797
a 798 16777216 65536
a 799 16777216 65536
a 800 16777216 65536
a 801 8388608 65536
a 802 4194304 65536
f 760
f 802
a 803 4194304 65536
f 803
a 804 4194304 65536
a 805 4194304 65536
f 776
a 806 16777216 65536
f 777
f 790
a 807 8388608 65536
a 808 8388608 65536
f 801
a 809 8388608 65536
f 808
f 807
a 810 8388608 65536
f 804
a 811 4194304 65536
a 812 16777216 65536
f 778
f 789
a 813 16777216 65536
a 814 8388608 65536
f 781
f 813
a 815 16777216 65536
f 805
a 816 4194304 65536
f 816
a 817 4194304 65536
a 818 16777216 65536
f 798
a 819 8388608 65536
f 792
a 820 16777216 65536
f 780
f 810
a 821 8388608 65536
a 822 16777216 65536
f 800
a 823 16777216 65536
f 799
a 824 16777216 65536
f 779
f 821
a 825 8388608 65536
f 806
f 812
f 824
f 820
f 814
a 826 16777216 65536
a 827 16777216 65536
a 828 16777216 65536
a 829 16777216 65536
a 830 8388608 65536
f 791
f 819
a 831 16777216 65536
a 832 8388608 65536
a 833 8388608 65536
f 809
f 815
a 834 16777216 65536
f 825
a 835 8388608 65536
f 834
a 836 16777216 65536
f 817
a 837 4194304 65536
f 831
f 832
a 838 16777216 65536
a 839 8388608 65536
f 835
a 840 8388608 65536
f 837
a 841 4194304 65536
f 826
f 827
f 828
f 829
f 830
a 842 16777216 65536
a 843 16777216 65536
a 844 16777216 65536
a 845 16777216 65536
a 846 8388608 65536
a 847 8388608 65536
f 846
f 841
a 848 4194304 65536
f 848
a 849 4194304 65536
f 836
a 850 16777216 65536
f 849
a 851 4194304 65536
f 811
a 852 4194304 65536
a 853 16777216 65536
f 818
f 840
a 854 8388608 65536
f 842
f 843
f 844
f 845
f 847
a 855 16777216 65536
a 856 16777216 65536
a 857 16777216 65536
a 858 16777216 65536
a 859 8388608 65536
a 860 8388608 65536
f 859
f 851
a 861 4194304 65536
f 861
a 862 4194304 65536
f 853
f 823
f 822
f 833
a 863 16777216 65536
a 864 16777216 65536
a 865 16777216 65536
a 866 8388608 65536
f 854
a 867 8388608 65536
f 852
a 868 4194304 65536
f 863
f 864
f 865
f 866
a 869 16777216 65536
a 870 16777216 65536
a 871 16777216 65536
a 872 8388608 65536
f 838
f 839
a 873 16777216 65536
a 874 8388608 65536
a 875 16777216 65536
f 856
f 867
a 876 8388608 65536
f 873
f 874
a 877 16777216 65536
a 878 8388608 65536
f 876
a 879 8388608 65536
f 869
f 870
f 871
f 872
a 880 16777216 65536
a 881 16777216 65536
a 882 16777216 65536
a 883 8388608 65536
f 850
a 884 16777216 65536
f 879
a 885 8388608 65536
a 886 16777216 65536
f 857
f 880
f 881
f 882
f 883
a 887 16777216 65536
a 888 16777216 65536
a 889 16777216 65536
a 890 8388608 65536
a 891 8388608 65536
f 860
f 885
a 892 8388608 65536
f 877
f 878
a 893 16777216 65536
a 894 8388608 65536
f 893
f 894
a 895 16777216 65536
a 896 8388608 65536
f 855
f 875
f 886
f 858
f 891
a 897 16777216 65536
a 898 16777216 65536
a 899 16777216 65536
a 900 16777216 65536
a 901 8388608 65536
f 884
a 902 16777216 65536
f 887
f 888
f 889
f 890
a 903 16777216 65536
a 904 16777216 65536
a 905 16777216 65536
a 906 8388608 65536
f 895
f 896
a 907 16777216 65536
a 908 8388608 65536
f 907
f 908
a 909 16777216 65536
a 910 8388608 65536
c churn-500
f 903
f 904
f 905
f 906
a 911 16777216 65536
a 912 16777216 65536
a 913 16777216 65536
a 914 8388608 65536
f 868
a 915 4194304 65536
f 915
a 916 4194304 65536
f 911
f 912
f 913
f 914
a 917 16777216 65536
a 918 16777216 65536
a 919 16777216 65536
a 920 8388608 65536
f 917
f 918
f 919
f 920
a 921 16777216 65536
a 922 16777216 65536
a 923 16777216 65536
a 924 8388608 65536
f 916
a 925 4194304 65536
f 925
a 926 4194304 65536
f 926
a 927 4194304 65536
f 909
f 910
a 928 16777216 65536
a 929 8388608 65536
a 930 16777216 65536
f 922
f 927
a 931 4194304 65536
a 932 16777216 65536
f 900
f 928
f 929
a 933 16777216 65536
a 934 8388608 65536
f 931
a 935 4194304 65536
f 902
a 936 16777216 65536
f 921
f 930
f 923
f 924
a 937 16777216 65536
a 938 16777216 65536
a 939 16777216 65536
a 940 8388608 65536
f 933
f 934
a 941 16777216 65536
a 942 8388608 65536
f 936
a 943 16777216 65536
f 935
a 944 4194304 65536
a 945 16777216 65536
f 899
f 937
f 938
f 939
f 940
a 946 16777216 65536
a 947 16777216 65536
a 948 16777216 65536
a 949 8388608 65536
f 941
f 942
a 950 16777216 65536
a 951 8388608 65536
f 862
a 952 4194304 65536
a 953 16777216 65536
f 950
f 946
f 947
f 948
f 949
a 954 16777216 65536
a 955 16777216 65536
a 956 16777216 65536
a 957 8388608 65536
a 958 4194304 65536
f 944
f 953
f 951
a 959 16777216 65536
a 960 8388608 65536
a 961 8388608 65536
f 901
f 897
f 898
f 945
f 932
f 961
a 962 16777216 65536
a 963 16777216 65536
a 964 16777216 65536
a 965 16777216 65536
a 966 8388608 65536
f 954
f 955
f 956
f 957
a 967 16777216 65536
a 968 16777216 65536
a 969 16777216 65536
a 970 8388608 65536
f 959
f 960
a 971 16777216 65536
a 972 8388608 65536
a 973 16777216 65536
f 963
f 943
a 974 16777216 65536
a 975 16777216 65536
f 974
a 976 16777216 65536
f 973
f 892
a 977 8388608 65536
f 977
a 978 8388608 65536
a 979 16777216 65536
f 975
f 958
a 980 4194304 65536
a 981 8388608 65536
f 972
a 982 16777216 65536
f 979
a 983 8388608 65536
f 978
f 967
f 968
f 969
f 970
a 984 16777216 65536
a 985 16777216 65536
a 986 16777216 65536
a 987 8388608 65536
f 971
f 981
a 988 16777216 65536
a 989 8388608 65536
f 980
a 990 4194304 65536
f 984
f 985
f 986
f 987
a 991 16777216 65536
a 992 16777216 65536
a 993 16777216 65536
a 994 8388608 65536
f 990
a 995 4194304 65536
a 996 16777216 65536
f 976
a 997 16777216 65536
f 993
f 962
f 996
f 964
f 965
f 966
a 998 16777216 65536
a 999 16777216 65536
a 1000 16777216 65536
a 1001 16777216 65536
a 1002 8388608 65536
f 983
a 1003 8388608 65536
f 982
a 1004 16777216 65536
f 991
f 992
f 997
f 994
a 1005 16777216 65536
a 1006 16777216 65536
a 1007 16777216 65536
a 1008 8388608 65536
f 988
f 989
a 1009 16777216 65536
a 1010 8388608 65536
f 998
f 999
f 1000
f 1001
f 1002
a 1011 16777216 65536
a 1012 16777216 65536
a 1013 16777216 65536
a 1014 16777216 65536
a 1015 8388608 65536
f 1003
a 1016 8388608 65536
a 1017 16777216 65536
f 1013
f 1016
a 1018 8388608 65536
f 1005
f 1006
f 1007
f 1008
a 1019 16777216 65536
a 1020 16777216 65536
a 1021 16777216 65536
a 1022 8388608 65536
f 1004
a 1023 16777216 65536
a 1024 16777216 65536
f 1019
f 1024
f 1020
f 1021
f 1022
a 1025 16777216 65536
a 1026 16777216 65536
a 1027 16777216 65536
a 1028 8388608 65536
a 1029 16777216 65536
f 1027
a 1030 16777216 65536
f 1023
f 1011
f 1012
f 1017
f 1014
f 1015
a 1031 16777216 65536
a 1032 16777216 65536
a 1033 16777216 65536
a 1034 16777216 65536
a 1035 8388608 65536
f 1009
f 1010
a 1036 16777216 65536
a 1037 8388608 65536
f 1025
f 1026
f 1029
f 1028
a 1038 16777216 65536
a 1039 16777216 65536
a 1040 16777216 65536
a 1041 8388608 65536
f 952
a 1042 4194304 65536
f 1018
a 1043 8388608 65536
f 1043
a 1044 8388608 65536
f 995
a 1045 4194304 65536
f 1044
a 1046 8388608 65536
a 1047 16777216 65536
f 1038
a 1048 16777216 65536
f 1031
a 1049 8388608 65536
f 1041
f 1030
a 1050 16777216 65536
a 1051 16777216 65536
f 1034
f 1036
f 1037
a 1052 16777216 65536
a 1053 8388608 65536
f 1045
a 1054 4194304 65536
a 1055 16777216 65536
f 1048
f 1046
a 1056 8388608 65536
f 1056
a 1057 8388608 65536
a 1058 8388608 65536
f 1049
f 1055
f 1032
f 1033
f 1051
f 1035
a 1059 16777216 65536
a 1060 16777216 65536
a 1061 16777216 65536
a 1062 16777216 65536
a 1063 8388608 65536
a 1064 16777216 65536
f 1047
a 1065 16777216 65536
f 1052
a 1066 4194304 65536
f 1042
f 1065
f 1053
a 1067 16777216 65536
a 1068 8388608 65536
a 1069 16777216 65536
f 1040
f 1059
f 1060
f 1061
f 1062
f 1063
a 1070 16777216 65536
a 1071 16777216 65536
a 1072 16777216 65536
a 1073 16777216 65536
a 1074 8388608 65536
f 1067
f 1068
a 1075 16777216 65536
a 1076 8388608 65536
a 1077 16777216 65536
f 1070
f 1064
f 1039
f 1069
f 1058
a 1078 16777216 65536
a 1079 16777216 65536
a 1080 16777216 65536
a 1081 8388608 65536
a 1082 16777216 65536
f 1077
f 1075
f 1076
a 1083 16777216 65536
a 1084 8388608 65536
f 1082
f 1071
f 1072
f 1073
f 1074
a 1085 16777216 65536
a 1086 16777216 65536
a 1087 16777216 65536
a 1088 16777216 65536
a 1089 8388608 65536
a 1090 16777216 65536
f 1078
f 1083
f 1084
a 1091 16777216 65536
a 1092 8388608 65536
f 1066
a 1093 4194304 65536
f 1054
a 1094 4194304 65536
c churn-600
f 1085
f 1086
f 1087
f 1088
f 1089
a 1095 16777216 65536
a 1096 16777216 65536
a 1097 16777216 65536
a 1098 16777216 65536
a 1099 8388608 65536
f 1095
f 1096
f 1097
f 1098
f 1099
a 1100 16777216 65536
a 1101 16777216 65536
a 1102 16777216 65536
a 1103 16777216 65536
a 1104 8388608 65536
a 1105 8388608 65536
f 1092
f 1090
f 1079
f 1080
f 1081
a 1106 16777216 65536
a 1107 16777216 65536
a 1108 16777216 65536
a 1109 8388608 65536
a 1110 4194304 65536
f 1093
f 1057
a 1111 8388608 65536
f 1091
f 1105
a 1112 16777216 65536
a 1113 8388608 65536
f 1106
f 1107
f 1108
f 1109
a 1114 16777216 65536
a 1115 16777216 65536
a 1116 16777216 65536
a 1117 8388608 65536
f 1050
a 1118 16777216 65536
f 1112
f 1113
a 1119 16777216 65536
a 1120 8388608 65536
f 1100
f 1101
f 1102
f 1103
f 1104
a 1121 16777216 65536
a 1122 16777216 65536
a 1123 16777216 65536
a 1124 16777216 65536
a 1125 8388608 65536
f 1121
f 1122
f 1123
f 1124
f 1125
a 1126 16777216 65536
a 1127 16777216 65536
a 1128 16777216 65536
a 1129 16777216 65536
a 1130 8388608 65536
a 1131 16777216 65536
f 1128
f 1110
a 1132 4194304 65536
f 1114
f 1115
f 1116
f 1117
a 1133 16777216 65536
a 1134 16777216 65536
a 1135 16777216 65536
a 1136 8388608 65536
a 1137 4194304 65536
f 1094
f 1133
f 1134
f 1135
f 1136
a 1138 16777216 65536
a 1139 16777216 65536
a 1140 16777216 65536
a 1141 8388608 65536
f 1138
f 1139
f 1140
f 1141
a 1142 16777216 65536
a 1143 16777216 65536
a 1144 16777216 65536
a 1145 8388608 65536
a 1146 16777216 65536
f 1118
f 1137
a 1147 4194304 65536
f 1147
a 1148 4194304 65536
f 1132
a 1149 4194304 65536
a 1150 16777216 65536
f 1142
a 1151 16777216 65536
f 1129
a 1152 16777216 65536
f 1144
f 1148
a 1153 4194304 65536
f 1150
f 1143
f 1152
f 1145
a 1154 16777216 65536
a 1155 16777216 65536
a 1156 16777216 65536
a 1157 8388608 65536
f 1154
f 1155
f 1156
f 1157
a 1158 16777216 65536
a 1159 16777216 65536
a 1160 16777216 65536
a 1161 8388608 65536
a 1162 16777216 65536
f 1151
f 1158
f 1159
f 1160
f 1161
a 1163 16777216 65536
a 1164 16777216 65536
a 1165 16777216 65536
a 1166 8388608 65536
f 1149
a 1167 4194304 65536
f 1111
a 1168 8388608 65536
f 1153
a 1169 4194304 65536
f 1119
f 1120
a 1170 16777216 65536
a 1171 8388608 65536
f 1163
f 1164
f 1165
f 1166
a 1172 16777216 65536
a 1173 16777216 65536
a 1174 16777216 65536
a 1175 8388608 65536
a 1176 16777216 65536
f 1173
f 1146
a 1177 16777216 65536
f 1167
a 1178 4194304 65536
f 1177
a 1179 16777216 65536
f 1179
a 1180 16777216 65536
f 1180
a 1181 16777216 65536
f 1172
f 1176
f 1174
f 1175
a 1182 16777216 65536
a 1183 16777216 65536
a 1184 16777216 65536
a 1185 8388608 65536
a 1186 8388608 65536
f 1171
f 1170
f 1186
a 1187 16777216 65536
a 1188 8388608 65536
f 1181
a 1189 16777216 65536
f 1168
a 1190 8388608 65536
f 1169
a 1191 4194304 65536
f 1189
a 1192 16777216 65536
f 1190
a 1193 8388608 65536
f 1178
a 1194 4194304 65536
f 1193
a 1195 8388608 65536
f 1182
f 1183
f 1184
f 1185
a 1196 16777216 65536
a 1197 16777216 65536
a 1198 16777216 65536
a 1199 8388608 65536
f 1126
f 1127
f 1131
f 1162
f 1130
a 1200 16777216 65536
a 1201 16777216 65536
a 1202 16777216 65536
a 1203 16777216 65536
a 1204 8388608 65536
a 1205 16777216 65536
f 1201
a 1206 4194304 65536
f 1194
f 1192
a 1207 16777216 65536
f 1196
f 1197
f 1198
f 1199
a 1208 16777216 65536
a 1209 16777216 65536
a 1210 16777216 65536
a 1211 8388608 65536
a 1212 16777216 65536
f 1205
a 1213 16777216 65536
f 1203
a 1214 8388608 65536
f 1211
a 1215 8388608 65536
f 1214
f 1200
f 1212
f 1202
f 1213
f 1204
a 1216 16777216 65536
a 1217 16777216 65536
a 1218 16777216 65536
a 1219 16777216 65536
a 1220 8388608 65536
f 1207
a 1221 16777216 65536
f 1195
a 1222 8388608 65536
f 1187
f 1188
a 1223 16777216 65536
a 1224 8388608 65536
f 1222
a 1225 8388608 65536
f 1191
a 1226 4194304 65536
f 1223
f 1224
a 1227 16777216 65536
a 1228 8388608 65536
f 1221
a 1229 16777216 65536
f 1208
f 1209
f 1210
f 1215
a 1230 16777216 65536
a 1231 16777216 65536
a 1232 16777216 65536
a 1233 8388608 65536
f 1206
a 1234 4194304 65536
f 1227
f 1228
a 1235 16777216 65536
a 1236 8388608 65536
a 1237 16777216 65536
f 1216
a 1238 16777216 65536
f 1217
f 1230
f 1231
f 1232
f 1233
a 1239 16777216 65536
a 1240 16777216 65536
a 1241 16777216 65536
a 1242 8388608 65536
f 1226
a 1243 4194304 65536
f 1243
a 1244 4194304 65536
f 1235
f 1236
a 1245 16777216 65536
a 1246 8388608 65536
f 1244
a 1247 4194304 65536
f 1237
f 1238
f 1218
f 1219
f 1220
a 1248 16777216 65536
a 1249 16777216 65536
a 1250 16777216 65536
a 1251 16777216 65536
a 1252 8388608 65536
f 1245
f 1246
a 1253 16777216 65536
a 1254 8388608 65536
f 1253
f 1254
a 1255 16777216 65536
a 1256 8388608 65536
f 1225
a 1257 8388608 65536
f 1255
f 1256
a 1258 16777216 65536
a 1259 8388608 65536
f 1229
a 1260 16777216 65536
f 1257
a 1261 8388608 65536
f 1258
f 1259
a 1262 16777216 65536
a 1263 8388608 65536
a 1264 16777216 65536
f 1240
f 1248
f 1249
f 1250
f 1251
f 1252
a 1265 16777216 65536
a 1266 16777216 65536
a 1267 16777216 65536
a 1268 16777216 65536
a 1269 8388608 65536
f 1265
f 1266
f 1267
f 1268
f 1269
a 1270 16777216 65536
a 1271 16777216 65536
a 1272 16777216 65536
a 1273 16777216 65536
a 1274 8388608 65536
f 1262
f 1263
a 1275 16777216 65536
a 1276 8388608 65536
f 1270
f 1271
f 1272
f 1273
f 1274
a 1277 16777216 65536
a 1278 16777216 65536
a 1279 16777216 65536
a 1280 16777216 65536
a 1281 8388608 65536
f 1234
a 1282 4194304 65536
a 1283 8388608 65536
f 1261
f 1283
a 1284 8388608 65536
a 1285 16777216 65536
f 1275
f 1277
f 1278
f 1279
f 1280
f 1281
a 1286 16777216 65536
a 1287 16777216 65536
a 1288 16777216 65536
a 1289 16777216 65536
a 1290 8388608 65536
a 1291 8388608 65536
f 1276
f 1260
a 1292 16777216 65536
f 1239
f 1264
f 1241
f 1242
a 1293 16777216 65536
a 1294 16777216 65536
a 1295 16777216 65536
a 1296 8388608 65536
c churn-700
f 1293
f 1294
f 1295
f 1296
a 1297 16777216 65536
a 1298 16777216 65536
a 1299 16777216 65536
a 1300 8388608 65536
f 1282
a 1301 4194304 65536
f 1297
f 1298
f 1299
f 1300
a 1302 16777216 65536
a 1303 16777216 65536
a 1304 16777216 65536
a 1305 8388608 65536
f 1292
a 1306 16777216 65536
f 1286
f 1287
f 1288
f 1289
f 1290
a 1307 16777216 65536
a 1308 16777216 65536
a 1309 16777216 65536
a 1310 16777216 65536
a 1311 8388608 65536
f 1307
f 1308
f 1309
f 1310
f 1311
a 1312 16777216 65536
a 1313 16777216 65536
a 1314 16777216 65536
a 1315 16777216 65536
a 1316 8388608 65536
a 1317 16777216 65536
f 1304
f 1284
a 1318 8388608 65536
f 1312
f 1313
f 1314
f 1315
f 1316
a 1319 16777216 65536
a 1320 16777216 65536
a 1321 16777216 65536
a 1322 16777216 65536
a 1323 8388608 65536
a 1324 4194304 65536
f 1301
f 1285
f 1291
a 1325 16777216 65536
a 1326 8388608 65536
f 1247
a 1327 4194304 65536
f 1324
a 1328 4194304 65536
a 1329 16777216 65536
f 1325
f 1306
a 1330 16777216 65536
f 1318
a 1331 8388608 65536
a 1332 8388608 65536
f 1326
a 1333 16777216 65536
f 1330
f 1329
f 1332
a 1334 16777216 65536
a 1335 8388608 65536
f 1327
a 1336 4194304 65536
f 1328
a 1337 4194304 65536
a 1338 8388608 65536
f 1331
f 1334
f 1335
a 1339 16777216 65536
a 1340 8388608 65536
a 1341 16777216 65536
f 1321
f 1336
a 1342 4194304 65536
f 1333
a 1343 16777216 65536
a 1344 16777216 65536
f 1341
f 1319
f 1320
f 1344
f 1322
f 1323
a 1345 16777216 65536
a 1346 16777216 65536
a 1347 16777216 65536
a 1348 16777216 65536
a 1349 8388608 65536
f 1343
a 1350 16777216 65536
a 1351 4194304 65536
f 1337
f 1342
a 1352 4194304 65536
f 1345
f 1346
f 1347
f 1348
f 1349
a 1353 16777216 65536
a 1354 16777216 65536
a 1355 16777216 65536
a 1356 16777216 65536
a 1357 8388608 65536
f 1351
a 1358 4194304 65536
a 1359 16777216 65536
f 1356
f 1352
a 1360 4194304 65536
a 1361 16777216 65536
f 1359
f 1350
a 1362 16777216 65536
a 1363 8388608 65536
f 1305
f 1339
f 1340
a 1364 16777216 65536
a 1365 8388608 65536
f 1364
f 1365
a 1366 16777216 65536
a 1367 8388608 65536
f 1366
f 1367
a 1368 16777216 65536
a 1369 8388608 65536
f 1360
a 1370 4194304 65536
f 1362
a 1371 16777216 65536
f 1338
a 1372 8388608 65536
a 1373 16777216 65536
f 1353
f 1302
f 1303
f 1317
f 1363
a 1374 16777216 65536
a 1375 16777216 65536
a 1376 16777216 65536
a 1377 8388608 65536
f 1372
a 1378 8388608 65536
f 1378
a 1379 8388608 65536
f 1368
f 1369
a 1380 16777216 65536
a 1381 8388608 65536
f 1379
a 1382 8388608 65536
f 1373
f 1354
f 1355
f 1361
f 1357
a 1383 16777216 65536
a 1384 16777216 65536
a 1385 16777216 65536
a 1386 16777216 65536
a 1387 8388608 65536
f 1358
a 1388 4194304 65536
a 1389 16777216 65536
f 1371
f 1382
a 1390 8388608 65536
f 1370
a 1391 4194304 65536
f 1388
a 1392 4194304 65536
f 1390
a 1393 8388608 65536
f 1383
f 1384
f 1385
f 1386
f 1387
a 1394 16777216 65536
a 1395 16777216 65536
a 1396 16777216 65536
a 1397 16777216 65536
a 1398 8388608 65536
f 1392
a 1399 4194304 65536
f 1399
a 1400 4194304 65536
f 1380
f 1381
a 1401 16777216 65536
a 1402 8388608 65536
a 1403 16777216 65536
f 1397
f 1391
a 1404 4194304 65536
a 1405 16777216 65536
f 1403
f 1389
a 1406 16777216 65536
a 1407 16777216 65536
f 1395
f 1401
f 1402
a 1408 16777216 65536
a 1409 8388608 65536
f 1394
f 1407
f 1396
f 1405
f 1398
a 1410 16777216 65536
a 1411 16777216 65536
a 1412 16777216 65536
a 1413 16777216 65536
a 1414 8388608 65536
a 1415 8388608 65536
f 1409
a 1416 4194304 65536
f 1404
f 1406
a 1417 16777216 65536
f 1408
f 1415
a 1418 16777216 65536
a 1419 8388608 65536
f 1417
a 1420 16777216 65536
a 1421 4194304 65536
f 1416
f 1374
f 1375
f 1376
f 1377
a 1422 16777216 65536
a 1423 16777216 65536
a 1424 16777216 65536
a 1425 8388608 65536
a 1426 4194304 65536
f 1400
f 1420
a 1427 16777216 65536
a 1428 16777216 65536
f 1423
f 1410
f 1411
f 1412
f 1413
f 1414
a 1429 16777216 65536
a 1430 16777216 65536
a 1431 16777216 65536
a 1432 16777216 65536
a 1433 8388608 65536
f 1393
a 1434 8388608 65536
f 1426
a 1435 4194304 65536
f 1435
a 1436 4194304 65536
f 1422
f 1428
f 1424
f 1425
a 1437 16777216 65536
a 1438 16777216 65536
a 1439 16777216 65536
a 1440 8388608 65536
f 1437
f 1438
f 1439
f 1440
a 1441 16777216 65536
a 1442 16777216 65536
a 1443 16777216 65536
a 1444 8388608 65536
f 1436
a 1445 4194304 65536
f 1427
a 1446 16777216 65536
a 1447 8388608 65536
f 1444
f 1434
a 1448 8388608 65536
f 1418
f 1419
a 1449 16777216 65536
a 1450 8388608 65536
f 1429
f 1430
f 1431
f 1432
f 1433
a 1451 16777216 65536
a 1452 16777216 65536
a 1453 16777216 65536
a 1454 16777216 65536
a 1455 8388608 65536
a 1456 16777216 65536
f 1443
f 1441
f 1442
f 1456
f 1447
a 1457 16777216 65536
a 1458 16777216 65536
a 1459 16777216 65536
a 1460 8388608 65536
f 1448
a 1461 8388608 65536
f 1446
a 1462 16777216 65536
f 1421
a 1463 4194304 65536
a 1464 8388608 65536
f 1450
f 1461
a 1465 8388608 65536
f 1445
a 1466 4194304 65536
f 1449
f 1464
a 1467 16777216 65536
a 1468 8388608 65536
f 1463
a 1469 4194304 65536
c churn-800
f 1462
a 1470 16777216 65536
a 1471 16777216 65536
f 1457
f 1466
a 1472 4194304 65536
a 1473 16777216 65536
f 1451
a 1474 8388608 65536
f 1460
f 1471
f 1458
f 1459
f 1474
a 1475 16777216 65536
a 1476 16777216 65536
a 1477 16777216 65536
a 1478 8388608 65536
f 1469
a 1479 4194304 65536
a 1480 16777216 65536
f 1454
f 1475
f 1476
f 1477
f 1478
a 1481 16777216 65536
a 1482 16777216 65536
a 1483 16777216 65536
a 1484 8388608 65536
a 1485 8388608 65536
f 1455
f 1481
f 1482
f 1483
f 1484
a 1486 16777216 65536
a 1487 16777216 65536
a 1488 16777216 65536
a 1489 8388608 65536
f 1470
a 1490 16777216 65536
f 1479
a 1491 4194304 65536
f 1472
a 1492 4194304 65536
a 1493 16777216 65536
f 1452
a 1494 16777216 65536
f 1488
f 1492
a 1495 4194304 65536
f 1495
a 1496 4194304 65536
f 1490
a 1497 16777216 65536
f 1491
a 1498 4194304 65536
a 1499 16777216 65536
f 1487
a 1500 16777216 65536
f 1473
a 1501 8388608 65536
f 1465
f 1496
a 1502 4194304 65536
f 1497
a 1503 16777216 65536
f 1498
a 1504 4194304 65536
f 1467
f 1468
a 1505 16777216 65536
a 1506 8388608 65536
a 1507 16777216 65536
f 1493
f 1501
a 1508 8388608 65536
f 1508
a 1509 8388608 65536
f 1504
a 1510 4194304 65536
f 1486
f 1499
f 1494
f 1489
a 1511 16777216 65536
a 1512 16777216 65536
a 1513 16777216 65536
a 1514 8388608 65536
f 1502
a 1515 4194304 65536
f 1515
a 1516 4194304 65536
f 1509
a 1517 8388608 65536
f 1510
a 1518 4194304 65536
a 1519 16777216 65536
f 1505
f 1500
f 1507
f 1453
f 1480
f 1485
a 1520 16777216 65536
a 1521 16777216 65536
a 1522 16777216 65536
a 1523 16777216 65536
a 1524 8388608 65536
f 1518
a 1525 4194304 65536
f 1519
f 1506
a 1526 16777216 65536
a 1527 8388608 65536
a 1528 16777216 65536
f 1513
f 1525
a 1529 4194304 65536
a 1530 8388608 65536
f 1517
f 1529
a 1531 4194304 65536
f 1511
f 1512
f 1528
f 1514
a 1532 16777216 65536
a 1533 16777216 65536
a 1534 16777216 65536
a 1535 8388608 65536
f 1532
f 1533
f 1534
f 1535
a 1536 16777216 65536
a 1537 16777216 65536
a 1538 16777216 65536
a 1539 8388608 65536
f 1536
f 1537
f 1538
f 1539
a 1540 16777216 65536
a 1541 16777216 65536
a 1542 16777216 65536
a 1543 8388608 65536
f 1503
a 1544 16777216 65536
f 1520
f 1521
f 1522
f 1523
f 1524
a 1545 16777216 65536
a 1546 16777216 65536
a 1547 16777216 65536
a 1548 16777216 65536
a 1549 8388608 65536
f 1544
a 1550 16777216 65536
f 1516
a 1551 4194304 65536
f 1531
a 1552 4194304 65536
f 1545
f 1546
f 1547
f 1548
f 1549
a 1553 16777216 65536
a 1554 16777216 65536
a 1555 16777216 65536
a 1556 16777216 65536
a 1557 8388608 65536
a 1558 4194304 65536
f 1551
a 1559 8388608 65536
f 1557
f 1552
a 1560 4194304 65536
a 1561 8388608 65536
f 1559
a 1562 16777216 65536
f 1526
f 1540
f 1541
f 1542
f 1543
a 1563 16777216 65536
a 1564 16777216 65536
a 1565 16777216 65536
a 1566 8388608 65536
a 1567 16777216 65536
f 1555
f 1553
f 1554
f 1567
f 1556
f 1561
a 1568 16777216 65536
a 1569 16777216 65536
a 1570 16777216 65536
a 1571 16777216 65536
a 1572 8388608 65536
f 1558
a 1573 4194304 65536
a 1574 8388608 65536
f 1566
a 1575 16777216 65536
f 1570
f 1550
a 1576 16777216 65536
f 1568
f 1569
f 1575
f 1571
f 1572
a 1577 16777216 65536
a 1578 16777216 65536
a 1579 16777216 65536
a 1580 16777216 65536
a 1581 8388608 65536
f 1573
a 1582 4194304 65536
f 1530
a 1583 8388608 65536
f 1560
a 1584 4194304 65536
f 1583
a 1585 8388608 65536
f 1562
f 1527
a 1586 16777216 65536
a 1587 8388608 65536
f 1577
f 1578
f 1579
f 1580
f 1581
a 1588 16777216 65536
a 1589 16777216 65536
a 1590 16777216 65536
a 1591 16777216 65536
a 1592 8388608 65536
a 1593 8388608 65536
f 1587
f 1563
f 1564
f 1565
f 1574
a 1594 16777216 65536
a 1595 16777216 65536
a 1596 16777216 65536
a 1597 8388608 65536
a 1598 8388608 65536
f 1585
f 1588
f 1589
f 1590
f 1591
f 1592
a 1599 16777216 65536
a 1600 16777216 65536
a 1601 16777216 65536
a 1602 16777216 65536
a 1603 8388608 65536
a 1604 16777216 65536
f 1602
f 1586
f 1593
a 1605 16777216 65536
a 1606 8388608 65536
f 1584
a 1607 4194304 65536
f 1576
a 1608 16777216 65536
f 1582
a 1609 4194304 65536
f 1599
f 1600
f 1601
f 1604
f 1603
a 1610 16777216 65536
a 1611 16777216 65536
a 1612 16777216 65536
a 1613 16777216 65536
a 1614 8388608 65536
a 1615 16777216 65536
f 1611
f 1598
a 1616 8388608 65536
f 1609
a 1617 4194304 65536
f 1607
a 1618 4194304 65536
f 1616
a 1619 8388608 65536
f 1594
f 1595
f 1596
f 1597
a 1620 16777216 65536
a 1621 16777216 65536
a 1622 16777216 65536
a 1623 8388608 65536
f 1610
f 1615
f 1612
f 1613
f 1614
a 1624 16777216 65536
a 1625 16777216 65536
a 1626 16777216 65536
a 1627 16777216 65536
a 1628 8388608 65536
f 1619
a 1629 8388608 65536
a 1630 16777216 65536
f 1620
f 1617
a 1631 4194304 65536
a 1632 16777216 65536
f 1627
f 1629
a 1633 8388608 65536
a 1634 4194304 65536
f 1631
f 1634
a 1635 4194304 65536
f 1618
a 1636 4194304 65536
f 1630
f 1621
f 1622
f 1623
a 1637 16777216 65536
a 1638 16777216 65536
a 1639 16777216 65536
a 1640 8388608 65536
f 1637
f 1638
f 1639
f 1640
a 1641 16777216 65536
a 1642 16777216 65536
a 1643 16777216 65536
a 1644 8388608 65536
a 1645 16777216 65536
c churn-900
f 1608
f 1635
a 1646 4194304 65536
f 1605
f 1606
a 1647 16777216 65536
a 1648 8388608 65536
f 1633
a 1649 8388608 65536
f 1641
f 1642
f 1643
f 1644
a 1650 16777216 65536
a 1651 16777216 65536
a 1652 16777216 65536
a 1653 8388608 65536
a 1654 16777216 65536
f 1625
a 1655 8388608 65536
f 1628
f 1636
a 1656 4194304 65536
a 1657 4194304 65536
f 1646
f 1650
f 1651
f 1652
f 1653
a 1658 16777216 65536
a 1659 16777216 65536
a 1660 16777216 65536
a 1661 8388608 65536
f 1657
a 1662 4194304 65536
f 1649
a 1663 8388608 65536
a 1664 16777216 65536
f 1632
f 1658
f 1659
f 1660
f 1661
a 1665 16777216 65536
a 1666 16777216 65536
a 1667 16777216 65536
a 1668 8388608 65536
f 1663
a 1669 8388608 65536
f 1669
a 1670 8388608 65536
f 1656
a 1671 4194304 65536
f 1645
a 1672 16777216 65536
f 1662
a 1673 4194304 65536
f 1670
a 1674 8388608 65536
a 1675 8388608 65536
f 1655
f 1665
f 1666
f 1667
f 1668
a 1676 16777216 65536
a 1677 16777216 65536
a 1678 16777216 65536
a 1679 8388608 65536
f 1647
f 1648
a 1680 16777216 65536
a 1681 8388608 65536
a 1682 16777216 65536
f 1672
a 1683 4194304 65536
f 1673
f 1671
a 1684 4194304 65536
f 1676
f 1677
f 1678
f 1679
a 1685 16777216 65536
a 1686 16777216 65536
a 1687 16777216 65536
a 1688 8388608 65536
f 1680
f 1681
a 1689 16777216 65536
a 1690 8388608 65536
f 1683
a 1691 4194304 65536
f 1685
f 1686
f 1687
f 1688
a 1692 16777216 65536
a 1693 16777216 65536
a 1694 16777216 65536
a 1695 8388608 65536
f 1674
a 1696 8388608 65536
f 1689
f 1690
a 1697 16777216 65536
a 1698 8388608 65536
a 1699 16777216 65536
f 1682
f 1699
a 1700 16777216 65536
f 1691
a 1701 4194304 65536
f 1684
a 1702 4194304 65536
f 1702
a 1703 4194304 65536
f 1696
a 1704 8388608 65536
f 1703
a 1705 4194304 65536
a 1706 16777216 65536
f 1694
f 1705
a 1707 4194304 65536
a 1708 16777216 65536
f 1654
f 1700
a 1709 16777216 65536
f 1697
f 1698
a 1710 16777216 65536
a 1711 8388608 65536
f 1701
a 1712 4194304 65536
f 1704
a 1713 8388608 65536
f 1710
f 1711
a 1714 16777216 65536
a 1715 8388608 65536
f 1713
a 1716 8388608 65536
a 1717 16777216 65536
f 1626
a 1718 4194304 65536
f 1707
f 1718
a 1719 4194304 65536
f 1692
f 1693
f 1706
f 1695
a 1720 16777216 65536
a 1721 16777216 65536
a 1722 16777216 65536
a 1723 8388608 65536
a 1724 16777216 65536
f 1664
f 1720
f 1721
f 1722
f 1723
a 1725 16777216 65536
a 1726 16777216 65536
a 1727 16777216 65536
a 1728 8388608 65536
a 1729 16777216 65536
f 1725
f 1729
f 1726
f 1727
f 1728
a 1730 16777216 65536
a 1731 16777216 65536
a 1732 16777216 65536
a 1733 8388608 65536
f 1716
a 1734 8388608 65536
f 1719
a 1735 4194304 65536
f 1714
f 1715
a 1736 16777216 65536
a 1737 8388608 65536
f 1624
f 1708
f 1717
f 1724
f 1675
a 1738 16777216 65536
a 1739 16777216 65536
a 1740 16777216 65536
a 1741 16777216 65536
a 1742 8388608 65536
f 1736
f 1737
a 1743 16777216 65536
a 1744 8388608 65536
f 1743
f 1744
a 1745 16777216 65536
a 1746 8388608 65536
a 1747 8388608 65536
f 1734
a 1748 16777216 65536
f 1740
f 1730
f 1731
f 1732
f 1733
a 1749 16777216 65536
a 1750 16777216 65536
a 1751 16777216 65536
a 1752 8388608 65536
a 1753 8388608 65536
f 1746
f 1749
f 1750
f 1751
f 1752
a 1754 16777216 65536
a 1755 16777216 65536
a 1756 16777216 65536
a 1757 8388608 65536
a 1758 8388608 65536
f 1742
f 1712
a 1759 4194304 65536
f 1747
a 1760 8388608 65536
f 1735
a 1761 4194304 65536
f 1761
a 1762 4194304 65536
f 1709
a 1763 16777216 65536
f 1745
f 1753
a 1764 16777216 65536
a 1765 8388608 65536
a 1766 16777216 65536
f 1763
a 1767 8388608 65536
f 1765
f 1754
f 1755
f 1756
f 1757
a 1768 16777216 65536
a 1769 16777216 65536
a 1770 16777216 65536
a 1771 8388608 65536
f 1766
a 1772 16777216 65536
f 1768
f 1769
f 1770
f 1771
a 1773 16777216 65536
a 1774 16777216 65536
a 1775 16777216 65536
a 1776 8388608 65536
f 1762
a 1777 4194304 65536
f 1773
f 1774
f 1775
f 1776
a 1778 16777216 65536
a 1779 16777216 65536
a 1780 16777216 65536
a 1781 8388608 65536
f 1738
f 1739
f 1748
f 1741
f 1758
a 1782 16777216 65536
a 1783 16777216 65536
a 1784 16777216 65536
a 1785 16777216 65536
a 1786 8388608 65536
f 1777
a 1787 4194304 65536
a 1788 8388608 65536
f 1760
f 1787
a 1789 4194304 65536
f 1789
a 1790 4194304 65536
a 1791 16777216 65536
f 1782
f 1791
f 1783
f 1784
f 1785
f 1786
a 1792 16777216 65536
a 1793 16777216 65536
a 1794 16777216 65536
a 1795 16777216 65536
a 1796 8388608 65536
a 1797 8388608 65536
f 1767
f 1772
a 1798 16777216 65536
a 1799 8388608 65536
f 1797
f 1759
a 1800 4194304 65536
a 1801 4194304 65536
f 1800
f 1792
f 1793
f 1794
f 1795
f 1796
a 1802 16777216 65536
a 1803 16777216 65536
a 1804 16777216 65536
a 1805 16777216 65536
a 1806 8388608 65536
f 1801
a 1807 4194304 65536
f 1807
a 1808 4194304 65536
f 1798
a 1809 16777216 65536
f 1802
f 1803
f 1804
f 1805
f 1806
a 1810 16777216 65536
a 1811 16777216 65536
a 1812 16777216 65536
a 1813 16777216 65536
a 1814 8388608 65536
f 1790
a 1815 4194304 65536
f 1809
a 1816 16777216 65536
f 1815
a 1817 4194304 65536
c churn-1000
a 1818 8388608 65536
f 1781
f 1817
a 1819 4194304 65536
f 1788
a 1820 8388608 65536
f 1778
f 1779
f 1780
f 1818
a 1821 16777216 65536
a 1822 16777216 65536
a 1823 16777216 65536
a 1824 8388608 65536
f 1810
f 1811
f 1812
f 1813
f 1814
a 1825 16777216 65536
a 1826 16777216 65536
a 1827 16777216 65536
a 1828 16777216 65536
a 1829 8388608 65536
f 1764
f 1799
a 1830 16777216 65536
a 1831 8388608 65536
a 1832 16777216 65536
f 1828
f 1830
f 1831
a 1833 16777216 65536
a 1834 8388608 65536
f 1825
f 1826
f 1827
f 1832
f 1829
a 1835 16777216 65536
a 1836 16777216 65536
a 1837 16777216 65536
a 1838 16777216 65536
a 1839 8388608 65536
f 1820
a 1840 8388608 65536
a 1841 8388608 65536
f 1834
f 1821
f 1822
f 1823
f 1824
a 1842 16777216 65536
a 1843 16777216 65536
a 1844 16777216 65536
a 1845 8388608 65536
f 1808
a 1846 4194304 65536
a 1847 8388608 65536
f 1839
f 1833
f 1841
a 1848 16777216 65536
a 1849 8388608 65536
f 1846
a 1850 4194304 65536
a 1851 8388608 65536
f 1847
f 1848
f 1849
a 1852 16777216 65536
a 1853 8388608 65536
f 1835
f 1836
f 1837
f 1838
f 1851
a 1854 16777216 65536
a 1855 16777216 65536
a 1856 16777216 65536
a 1857 16777216 65536
a 1858 8388608 65536
a 1859 16777216 65536
f 1843
f 1842
f 1859
f 1844
f 1845
a 1860 16777216 65536
a 1861 16777216 65536
a 1862 16777216 65536
a 1863 8388608 65536
a 1864 4194304 65536
f 1819
a 1865 16777216 65536
f 1852
f 1864
a 1866 4194304 65536
f 1854
f 1855
f 1856
f 1857
f 1858
a 1867 16777216 65536
a 1868 16777216 65536
a 1869 16777216 65536
a 1870 16777216 65536
a 1871 8388608 65536
f 1850
a 1872 4194304 65536
f 1816
a 1873 16777216 65536
a 1874 8388608 65536
f 1871
f 1866
a 1875 4194304 65536
f 1867
f 1868
f 1869
f 1870
f 1874
a 1876 16777216 65536
a 1877 16777216 65536
a 1878 16777216 65536
a 1879 16777216 65536
a 1880 8388608 65536
a 1881 8388608 65536
f 1853
a 1882 16777216 65536
f 1861
f 1873
a 1883 16777216 65536
a 1884 16777216 65536
f 1882
f 1840
a 1885 8388608 65536
f 1876
f 1877
f 1878
f 1879
f 1880
a 1886 16777216 65536
a 1887 16777216 65536
a 1888 16777216 65536
a 1889 16777216 65536
a 1890 8388608 65536
f 1872
a 1891 4194304 65536
f 1891
a 1892 4194304 65536
a 1893 16777216 65536
f 1889
a 1894 16777216 65536
f 1884
f 1892
a 1895 4194304 65536
f 1865
f 1881
a 1896 16777216 65536
a 1897 8388608 65536
f 1860
f 1894
f 1862
f 1863
a 1898 16777216 65536
a 1899 16777216 65536
a 1900 16777216 65536
a 1901 8388608 65536
f 1883
a 1902 16777216 65536
f 1896
f 1897
a 1903 16777216 65536
a 1904 8388608 65536
f 1902
a 1905 16777216 65536
a 1906 16777216 65536
f 1886
f 1895
a 1907 4194304 65536
f 1906
f 1887
f 1888
f 1893
f 1890
a 1908 16777216 65536
a 1909 16777216 65536
a 1910 16777216 65536
a 1911 16777216 65536
a 1912 8388608 65536
f 1903
f 1904
a 1913 16777216 65536
a 1914 8388608 65536
f 1875
a 1915 4194304 65536
f 1905
a 1916 16777216 65536
f 1916
a 1917 16777216 65536
f 1908
f 1909
f 1910
f 1911
f 1912
a 1918 16777216 65536
a 1919 16777216 65536
a 1920 16777216 65536
a 1921 16777216 65536
a 1922 8388608 65536
f 1917
a 1923 16777216 65536
a 1924 8388608 65536
f 1885
f 1907
a 1925 4194304 65536
f 1898
f 1899
f 1900
f 1901
a 1926 16777216 65536
a 1927 16777216 65536
a 1928 16777216 65536
a 1929 8388608 65536
f 1913
f 1914
a 1930 16777216 65536
a 1931 8388608 65536
a 1932 16777216 65536
f 1923
a 1933 16777216 65536
f 1930
a 1934 8388608 65536
f 1931
f 1918
f 1919
f 1920
f 1921
f 1922
a 1935 16777216 65536
a 1936 16777216 65536
a 1937 16777216 65536
a 1938 16777216 65536
a 1939 8388608 65536
f 1924
a 1940 8388608 65536
a 1941 16777216 65536
f 1927
a 1942 16777216 65536
f 1928
a 1943 16777216 65536
f 1942
f 1933
f 1934
a 1944 16777216 65536
a 1945 8388608 65536
a 1946 16777216 65536
f 1943
f 1926
f 1941
f 1946
f 1929
a 1947 16777216 65536
a 1948 16777216 65536
a 1949 16777216 65536
a 1950 8388608 65536
f 1940
a 1951 8388608 65536
f 1935
f 1936
f 1937
f 1938
f 1939
a 1952 16777216 65536
a 1953 16777216 65536
a 1954 16777216 65536
a 1955 16777216 65536
a 1956 8388608 65536
f 1925
a 1957 4194304 65536
f 1952
f 1953
f 1954
f 1955
f 1956
a 1958 16777216 65536
a 1959 16777216 65536
a 1960 16777216 65536
a 1961 16777216 65536
a 1962 8388608 65536
a 1963 4194304 65536
f 1957
f 1915
a 1964 4194304 65536
f 1944
f 1945
a 1965 16777216 65536
a 1966 8388608 65536
a 1967 16777216 65536
f 1961
f 1958
f 1959
f 1960
f 1967
f 1962
a 1968 16777216 65536
a 1969 16777216 65536
a 1970 16777216 65536
a 1971 16777216 65536
a 1972 8388608 65536
f 1968
f 1969
f 1970
f 1971
f 1972
a 1973 16777216 65536
a 1974 16777216 65536
a 1975 16777216 65536
a 1976 16777216 65536
a 1977 8388608 65536
a 1978 8388608 65536
f 1966
f 1964
a 1979 4194304 65536
f 1951
a 1980 8388608 65536
f 1965
f 1978
a 1981 16777216 65536
a 1982 8388608 65536
f 1947
f 1948
f 1949
f 1950
a 1983 16777216 65536
a 1984 16777216 65536
a 1985 16777216 65536
a 1986 8388608 65536
f 1932
a 1987 16777216 65536
f 1980
a 1988 8388608 65536
a 1989 16777216 65536
f 1983
f 1988
a 1990 8388608 65536
f 1973
f 1974
f 1975
f 1976
f 1977
a 1991 16777216 65536
a 1992 16777216 65536
a 1993 16777216 65536
a 1994 16777216 65536
a 1995 8388608 65536
a 1996 8388608 65536
f 1995
f 1963
a 1997 4194304 65536
f 1990
a 1998 8388608 65536
a 1999 16777216 65536
f 1992
f 1987
a 2000 16777216 65536
f 1981
f 1982
a 2001 16777216 65536
a 2002 8388608 65536
a 2003 16777216 65536
f 1991
f 2003
f 1999
f 1993
f 1994
f 1996
a 2004 16777216 65536
a 2005 16777216 65536
a 2006 16777216 65536
a 2007 16777216 65536
a 2008 8388608 65536
f 1998
a 2009 8388608 65536
f 1979
a 2010 4194304 65536
c churn-1100
f 2004
f 2005
f 2006
f 2007
f 2008
a 2011 16777216 65536
a 2012 16777216 65536
a 2013 16777216 65536
a 2014 16777216 65536
a 2015 8388608 65536
a 2016 16777216 65536
f 2014
f 1997
a 2017 4194304 65536
f 1989
f 1984
f 1985
f 1986
a 2018 16777216 65536
a 2019 16777216 65536
a 2020 16777216 65536
a 2021 8388608 65536
f 2018
f 2019
f 2020
f 2021
a 2022 16777216 65536
a 2023 16777216 65536
a 2024 16777216 65536
a 2025 8388608 65536
f 2000
a 2026 16777216 65536
f 2001
f 2002
a 2027 16777216 65536
a 2028 8388608 65536
f 2026
a 2029 16777216 65536
f 2011
f 2012
f 2013
f 2016
f 2015
a 2030 16777216 65536
a 2031 16777216 65536
a 2032 16777216 65536
a 2033 16777216 65536
a 2034 8388608 65536
f 2009
a 2035 8388608 65536
f 2010
a 2036 4194304 65536
f 2030
f 2031
f 2032
f 2033
f 2034
a 2037 16777216 65536
a 2038 16777216 65536
a 2039 16777216 65536
a 2040 16777216 65536
a 2041 8388608 65536
f 2037
f 2038
f 2039
f 2040
f 2041
a 2042 16777216 65536
a 2043 16777216 65536
a 2044 16777216 65536
a 2045 16777216 65536
a 2046 8388608 65536
a 2047 16777216 65536
f 2024
f 2027
f 2028
a 2048 16777216 65536
a 2049 8388608 65536
f 2017
a 2050 4194304 65536
a 2051 4194304 65536
f 2050
a 2052 16777216 65536
f 2045
f 2048
f 2049
a 2053 16777216 65536
a 2054 8388608 65536
f 2035
a 2055 8388608 65536
a 2056 16777216 65536
f 2023
f 2036
a 2057 4194304 65536
f 2055
a 2058 8388608 65536
f 2053
f 2054
a 2059 16777216 65536
a 2060 8388608 65536
a 2061 8388608 65536
f 2058
a 2062 8388608 65536
f 2025
a 2063 4194304 65536
f 2051
a 2064 16777216 65536
f 2029
f 2042
f 2043
f 2044
f 2052
f 2046
a 2065 16777216 65536
a 2066 16777216 65536
a 2067 16777216 65536
a 2068 16777216 65536
a 2069 8388608 65536
f 2061
a 2070 8388608 65536
a 2071 4194304 65536
f 2057
f 2059
f 2060
a 2072 16777216 65536
a 2073 8388608 65536
f 2065
f 2066
f 2067
f 2068
f 2069
a 2074 16777216 65536
a 2075 16777216 65536
a 2076 16777216 65536
a 2077 16777216 65536
a 2078 8388608 65536
a 2079 16777216 65536
f 2047
f 2063
a 2080 4194304 65536
a 2081 16777216 65536
f 2074
f 2081
f 2075
f 2076
f 2077
f 2078
a 2082 16777216 65536
a 2083 16777216 65536
a 2084 16777216 65536
a 2085 16777216 65536
a 2086 8388608 65536
a 2087 16777216 65536
f 2056
f 2022
f 2087
f 2079
f 2062
a 2088 16777216 65536
a 2089 16777216 65536
a 2090 16777216 65536
a 2091 8388608 65536
f 2072
f 2073
a 2092 16777216 65536
a 2093 8388608 65536
f 2082
f 2083
f 2084
f 2085
f 2086
a 2094 16777216 65536
a 2095 16777216 65536
a 2096 16777216 65536
a 2097 16777216 65536
a 2098 8388608 65536
f 2080
a 2099 4194304 65536
a 2100 8388608 65536
f 2098
f 2088
f 2089
f 2090
f 2091
a 2101 16777216 65536
a 2102 16777216 65536
a 2103 16777216 65536
a 2104 8388608 65536
f 2092
f 2093
a 2105 16777216 65536
a 2106 8388608 65536
a 2107 8388608 65536
f 2106
a 2108 16777216 65536
f 2064
a 2109 16777216 65536
f 2095
a 2110 16777216 65536
f 2105
a 2111 16777216 65536
f 2096
f 2099
a 2112 4194304 65536
f 2094
f 2109
f 2111
f 2097
f 2100
a 2113 16777216 65536
a 2114 16777216 65536
a 2115 16777216 65536
a 2116 16777216 65536
a 2117 8388608 65536
f 2110
f 2107
a 2118 16777216 65536
a 2119 8388608 65536
f 2108
a 2120 16777216 65536
a 2121 16777216 65536
f 2118
f 2113
f 2114
f 2115
f 2116
f 2117
a 2122 16777216 65536
a 2123 16777216 65536
a 2124 16777216 65536
a 2125 16777216 65536
a 2126 8388608 65536
f 2101
f 2102
f 2103
f 2104
a 2127 16777216 65536
a 2128 16777216 65536
a 2129 16777216 65536
a 2130 8388608 65536
f 2121
f 2119
a 2131 16777216 65536
a 2132 8388608 65536
f 2071
a 2133 4194304 65536
a 2134 16777216 65536
f 2122
a 2135 16777216 65536
f 2124
f 2070
a 2136 8388608 65536
f 2134
f 2123
f 2135
f 2125
f 2126
a 2137 16777216 65536
a 2138 16777216 65536
a 2139 16777216 65536
a 2140 16777216 65536
a 2141 8388608 65536
f 2131
f 2132
a 2142 16777216 65536
a 2143 8388608 65536
f 2127
f 2128
f 2129
f 2130
a 2144 16777216 65536
a 2145 16777216 65536
a 2146 16777216 65536
a 2147 8388608 65536
a 2148 16777216 65536
f 2138
f 2133
a 2149 4194304 65536
a 2150 16777216 65536
f 2148
f 2142
f 2143
a 2151 16777216 65536
a 2152 8388608 65536
f 2151
f 2152
a 2153 16777216 65536
a 2154 8388608 65536
f 2112
a 2155 4194304 65536
f 2144
f 2145
f 2146
f 2147
a 2156 16777216 65536
a 2157 16777216 65536
a 2158 16777216 65536
a 2159 8388608 65536
a 2160 16777216 65536
f 2153
a 2161 4194304 65536
f 2149
f 2160
f 2154
a 2162 16777216 65536
a 2163 8388608 65536
f 2161
a 2164 4194304 65536
f 2137
f 2150
f 2139
f 2140
f 2141
a 2165 16777216 65536
a 2166 16777216 65536
a 2167 16777216 65536
a 2168 16777216 65536
a 2169 8388608 65536
f 2164
a 2170 4194304 65536
f 2156
f 2157
f 2158
f 2159
a 2171 16777216 65536
a 2172 16777216 65536
a 2173 16777216 65536
a 2174 8388608 65536
f 2120
a 2175 16777216 65536
f 2136
a 2176 8388608 65536
f 2170
a 2177 4194304 65536
f 2162
f 2163
a 2178 16777216 65536
a 2179 8388608 65536
f 2175
a 2180 16777216 65536
a 2181 8388608 65536
f 2174
a 2182 8388608 65536
f 2179
f 2178
f 2182
a 2183 16777216 65536
a 2184 8388608 65536
f 2180
a 2185 16777216 65536
f 2183
f 2184
a 2186 16777216 65536
a 2187 8388608 65536
f 2186
f 2187
a 2188 16777216 65536
a 2189 8388608 65536
f 2176
a 2190 8388608 65536
f 2155
a 2191 4194304 65536
f 2185
a 2192 16777216 65536
f 2171
f 2172
f 2173
f 2181
a 2193 16777216 65536
a 2194 16777216 65536
a 2195 16777216 65536
a 2196 8388608 65536
a 2197 16777216 65536
f 2192
f 2188
f 2189
a 2198 16777216 65536
a 2199 8388608 65536
f 2177
a 2200 4194304 65536
a 2201 16777216 65536
f 2168
f 2198
f 2199
a 2202 16777216 65536
a 2203 8388608 65536
f 2200
a 2204 4194304 65536
c churn-1200
f 2193
f 2194
f 2195
f 2196
a 2205 16777216 65536
a 2206 16777216 65536
a 2207 16777216 65536
a 2208 8388608 65536
f 2165
f 2166
f 2167
f 2201
f 2169
a 2209 16777216 65536
a 2210 16777216 65536
a 2211 16777216 65536
a 2212 16777216 65536
a 2213 8388608 65536
a 2214 8388608 65536
f 2203
a 2215 16777216 65536
f 2206
a 2216 16777216 65536
f 2207
f 2202
f 2214
a 2217 16777216 65536
a 2218 8388608 65536
a 2219 16777216 65536
f 2217
f 2204
a 2220 4194304 65536
f 2197
a 2221 16777216 65536
a 2222 16777216 65536
f 2216
a 2223 8388608 65536
f 2190
f 2209
f 2210
f 2211
f 2212
f 2213
a 2224 16777216 65536
a 2225 16777216 65536
a 2226 16777216 65536
a 2227 16777216 65536
a 2228 8388608 65536
a 2229 16777216 65536
f 2221
a 2230 16777216 65536
f 2222
f 2224
f 2225
f 2226
f 2227
f 2228
a 2231 16777216 65536
a 2232 16777216 65536
a 2233 16777216 65536
a 2234 16777216 65536
a 2235 8388608 65536
f 2231
f 2232
f 2233
f 2234
f 2235
a 2236 16777216 65536
a 2237 16777216 65536
a 2238 16777216 65536
a 2239 16777216 65536
a 2240 8388608 65536
f 2205
f 2215
f 2230
f 2208
a 2241 16777216 65536
a 2242 16777216 65536
a 2243 16777216 65536
a 2244 8388608 65536
f 2241
f 2242
f 2243
f 2244
a 2245 16777216 65536
a 2246 16777216 65536
a 2247 16777216 65536
a 2248 8388608 65536
f 2245
f 2246
f 2247
f 2248
a 2249 16777216 65536
a 2250 16777216 65536
a 2251 16777216 65536
a 2252 8388608 65536
f 2191
a 2253 4194304 65536
f 2253
a 2254 4194304 65536
a 2255 16777216 65536
f 2250
f 2249
f 2255
f 2251
f 2252
a 2256 16777216 65536
a 2257 16777216 65536
a 2258 16777216 65536
a 2259 8388608 65536
a 2260 8388608 65536
f 2259
f 2236
f 2237
f 2238
f 2239
f 2240
a 2261 16777216 65536
a 2262 16777216 65536
a 2263 16777216 65536
a 2264 16777216 65536
a 2265 8388608 65536
f 2223
a 2266 8388608 65536
a 2267 16777216 65536
f 2262
f 2256
f 2257
f 2258
f 2260
a 2268 16777216 65536
a 2269 16777216 65536
a 2270 16777216 65536
a 2271 8388608 65536
f 2268
f 2269
f 2270
f 2271
a 2272 16777216 65536
a 2273 16777216 65536
a 2274 16777216 65536
a 2275 8388608 65536
f 2272
f 2273
f 2274
f 2275
a 2276 16777216 65536
a 2277 16777216 65536
a 2278 16777216 65536
a 2279 8388608 65536
a 2280 8388608 65536
f 2266
f 2219
f 2218
a 2281 16777216 65536
a 2282 8388608 65536
f 2280
a 2283 8388608 65536
f 2283
a 2284 8388608 65536
f 2220
a 2285 4194304 65536
f 2281
f 2282
a 2286 16777216 65536
a 2287 8388608 65536
f 2261
f 2267
f 2263
f 2264
f 2265
a 2288 16777216 65536
a 2289 16777216 65536
a 2290 16777216 65536
a 2291 16777216 65536
a 2292 8388608 65536
f 2286
f 2287
a 2293 16777216 65536
a 2294 8388608 65536
f 2229
a 2295 16777216 65536
f 2295
a 2296 16777216 65536
f 2296
a 2297 16777216 65536
a 2298 16777216 65536
f 2276
f 2298
f 2277
f 2278
f 2279
a 2299 16777216 65536
a 2300 16777216 65536
a 2301 16777216 65536
a 2302 8388608 65536
f 2293
f 2294
a 2303 16777216 65536
a 2304 8388608 65536
f 2303
f 2304
a 2305 16777216 65536
a 2306 8388608 65536
f 2299
f 2300
f 2301
f 2302
a 2307 16777216 65536
a 2308 16777216 65536
a 2309 16777216 65536
a 2310 8388608 65536
f 2254
a 2311 4194304 65536
f 2305
f 2306
a 2312 16777216 65536
a 2313 8388608 65536
a 2314 16777216 65536
f 2289
f 2297
a 2315 16777216 65536
f 2311
a 2316 4194304 65536
f 2285
a 2317 4194304 65536
f 2284
a 2318 8388608 65536
f 2318
a 2319 8388608 65536
f 2319
a 2320 8388608 65536
f 2307
f 2308
f 2309
f 2310
a 2321 16777216 65536
a 2322 16777216 65536
a 2323 16777216 65536
a 2324 8388608 65536
f 2315
a 2325 16777216 65536
a 2326 4194304 65536
f 2317
f 2312
f 2313
a 2327 16777216 65536
a 2328 8388608 65536
a 2329 16777216 65536
f 2321
a 2330 16777216 65536
f 2322
f 2327
f 2328
a 2331 16777216 65536
a 2332 8388608 65536
f 2331
f 2332
a 2333 16777216 65536
a 2334 8388608 65536
a 2335 16777216 65536
f 2333
a 2336 16777216 65536
f 2330
a 2337 16777216 65536
f 2335
a 2338 8388608 65536
f 2292
a 2339 16777216 65536
f 2323
a 2340 16777216 65536
f 2314
f 2320
a 2341 8388608 65536
a 2342 16777216 65536
f 2288
f 2325
a 2343 16777216 65536
a 2344 16777216 65536
f 2340
a 2345 8388608 65536
f 2341
f 2326
a 2346 4194304 65536
a 2347 4194304 65536
f 2316
a 2348 4194304 65536
f 2347
f 2329
f 2336
f 2339
f 2324
a 2349 16777216 65536
a 2350 16777216 65536
a 2351 16777216 65536
a 2352 8388608 65536
f 2348
a 2353 4194304 65536
f 2345
a 2354 8388608 65536
f 2353
a 2355 4194304 65536
f 2355
a 2356 4194304 65536
f 2343
a 2357 16777216 65536
a 2358 16777216 65536
f 2344
f 2342
f 2358
f 2290
f 2291
f 2338
a 2359 16777216 65536
a 2360 16777216 65536
a 2361 16777216 65536
a 2362 16777216 65536
a 2363 8388608 65536
f 2356
a 2364 4194304 65536
a 2365 16777216 65536
f 2361
f 2354
a 2366 8388608 65536
f 2357
a 2367 16777216 65536
a 2368 8388608 65536
f 2352
f 2366
a 2369 8388608 65536
f 2364
a 2370 4194304 65536
a 2371 8388608 65536
f 2368
f 2367
a 2372 16777216 65536
f 2337
f 2334
a 2373 16777216 65536
a 2374 8388608 65536
f 2372
a 2375 16777216 65536
a 2376 16777216 65536
f 2373
f 2359
f 2360
f 2365
f 2362
f 2363
a 2377 16777216 65536
a 2378 16777216 65536
a 2379 16777216 65536
a 2380 16777216 65536
a 2381 8388608 65536
f 2376
f 2374
a 2382 16777216 65536
a 2383 8388608 65536
a 2384 16777216 65536
c churn-1300
f 2378
f 2370
a 2385 4194304 65536
a 2386 16777216 65536
f 2375
f 2382
f 2383
a 2387 16777216 65536
a 2388 8388608 65536
f 2349
f 2350
f 2351
f 2371
a 2389 16777216 65536
a 2390 16777216 65536
a 2391 16777216 65536
a 2392 8388608 65536
f 2346
a 2393 4194304 65536
a 2394 16777216 65536
f 2386
f 2393
a 2395 4194304 65536
f 2395
a 2396 4194304 65536
a 2397 16777216 65536
f 2394
a 2398 16777216 65536
f 2397
f 2387
f 2388
a 2399 16777216 65536
a 2400 8388608 65536
a 2401 8388608 65536
f 2381
a 2402 16777216 65536
f 2389
a 2403 16777216 65536
f 2390
f 2377
f 2384
f 2379
f 2380
f 2401
a 2404 16777216 65536
a 2405 16777216 65536
a 2406 16777216 65536
a 2407 16777216 65536
a 2408 8388608 65536
a 2409 8388608 65536
f 2392
a 2410 16777216 65536
f 2403
f 2369
a 2411 8388608 65536
f 2411
a 2412 8388608 65536
a 2413 16777216 65536
f 2399
a 2414 8388608 65536
f 2412
f 2385
a 2415 4194304 65536
a 2416 16777216 65536
f 2413
a 2417 8388608 65536
f 2409
f 2404
f 2405
f 2406
f 2407
f 2408
a 2418 16777216 65536
a 2419 16777216 65536
a 2420 16777216 65536
a 2421 16777216 65536
a 2422 8388608 65536
f 2414
a 2423 8388608 65536
f 2398
a 2424 16777216 65536
f 2416
f 2400
a 2425 16777216 65536
a 2426 8388608 65536
f 2423
a 2427 8388608 65536
f 2415
a 2428 4194304 65536
f 2428
a 2429 4194304 65536
f 2425
f 2426
a 2430 16777216 65536
a 2431 8388608 65536
a 2432 16777216 65536
f 2391
f 2424
a 2433 16777216 65536
f 2430
f 2431
a 2434 16777216 65536
a 2435 8388608 65536
a 2436 4194304 65536
f 2429
f 2418
f 2419
f 2420
f 2421
f 2422
a 2437 16777216 65536
a 2438 16777216 65536
a 2439 16777216 65536
a 2440 16777216 65536
a 2441 8388608 65536
f 2436
a 2442 4194304 65536
f 2433
a 2443 16777216 65536
f 2396
a 2444 4194304 65536
f 2442
a 2445 4194304 65536
f 2427
a 2446 8388608 65536
f 2434
f 2435
a 2447 16777216 65536
a 2448 8388608 65536
a 2449 4194304 65536
f 2445
f 2444
a 2450 4194304 65536
a 2451 4194304 65536
f 2450
a 2452 16777216 65536
f 2443
f 2452
a 2453 16777216 65536
f 2402
f 2410
f 2432
f 2417
a 2454 16777216 65536
a 2455 16777216 65536
a 2456 16777216 65536
a 2457 8388608 65536
f 2446
a 2458 8388608 65536
f 2453
a 2459 16777216 65536
a 2460 16777216 65536
f 2456
f 2437
f 2438
f 2439
f 2440
f 2441
a 2461 16777216 65536
a 2462 16777216 65536
a 2463 16777216 65536
a 2464 16777216 65536
a 2465 8388608 65536
f 2458
a 2466 8388608 65536
f 2461
f 2462
f 2463
f 2464
f 2465
a 2467 16777216 65536
a 2468 16777216 65536
a 2469 16777216 65536
a 2470 16777216 65536
a 2471 8388608 65536
f 2454
f 2455
f 2460
f 2457
a 2472 16777216 65536
a 2473 16777216 65536
a 2474 16777216 65536
a 2475 8388608 65536
f 2466
a 2476 8388608 65536
f 2447
f 2448
a 2477 16777216 65536
a 2478 8388608 65536
f 2472
f 2473
f 2474
f 2475
a 2479 16777216 65536
a 2480 16777216 65536
a 2481 16777216 65536
a 2482 8388608 65536
a 2483 4194304 65536
f 2449
f 2483
a 2484 4194304 65536
f 2467
f 2468
f 2469
f 2470
f 2471
a 2485 16777216 65536
a 2486 16777216 65536
a 2487 16777216 65536
a 2488 16777216 65536
a 2489 8388608 65536
f 2479
f 2480
f 2481
f 2482
a 2490 16777216 65536
a 2491 16777216 65536
a 2492 16777216 65536
a 2493 8388608 65536
f 2490
f 2491
f 2492
f 2493
a 2494 16777216 65536
a 2495 16777216 65536
a 2496 16777216 65536
a 2497 8388608 65536
a 2498 16777216 65536
f 2496
f 2476
a 2499 8388608 65536
f 2494
f 2495
f 2498
f 2497
a 2500 16777216 65536
a 2501 16777216 65536
a 2502 16777216 65536
a 2503 8388608 65536
f 2459
a 2504 16777216 65536
a 2505 16777216 65536
f 2488
f 2451
a 2506 4194304 65536
f 2485
f 2486
f 2487
f 2505
f 2489
a 2507 16777216 65536
a 2508 16777216 65536
a 2509 16777216 65536
a 2510 16777216 65536
a 2511 8388608 65536
a 2512 16777216 65536
f 2507
f 2500
f 2501
f 2502
f 2503
a 2513 16777216 65536
a 2514 16777216 65536
a 2515 16777216 65536
a 2516 8388608 65536
f 2484
a 2517 4194304 65536
f 2506
a 2518 4194304 65536
a 2519 4194304 65536
f 2517
f 2512
f 2508
f 2509
f 2510
f 2511
a 2520 16777216 65536
a 2521 16777216 65536
a 2522 16777216 65536
a 2523 16777216 65536
a 2524 8388608 65536
f 2499
a 2525 8388608 65536
a 2526 8388608 65536
f 2478
f 2513
f 2514
f 2515
f 2516
a 2527 16777216 65536
a 2528 16777216 65536
a 2529 16777216 65536
a 2530 8388608 65536
f 2477
f 2526
a 2531 16777216 65536
a 2532 8388608 65536
a 2533 16777216 65536
f 2504
f 2531
f 2532
a 2534 16777216 65536
a 2535 8388608 65536
f 2518
a 2536 4194304 65536
f 2520
f 2521
f 2522
f 2523
f 2524
a 2537 16777216 65536
a 2538 16777216 65536
a 2539 16777216 65536
a 2540 16777216 65536
a 2541 8388608 65536
a 2542 8388608 65536
f 2541
f 2534
f 2535
a 2543 16777216 65536
a 2544 8388608 65536
f 2525
a 2545 8388608 65536
a 2546 16777216 65536
f 2533
a 2547 16777216 65536
f 2543
a 2548 16777216 65536
f 2546
f 2545
a 2549 8388608 65536
a 2550 8388608 65536
f 2549
f 2536
a 2551 4194304 65536
a 2552 16777216 65536
f 2527
a 2553 16777216 65536
f 2548
f 2547
f 2544
a 2554 16777216 65536
a 2555 8388608 65536
f 2537
f 2538
f 2539
f 2540
f 2542
a 2556 16777216 65536
a 2557 16777216 65536
a 2558 16777216 65536
a 2559 16777216 65536
a 2560 8388608 65536
f 2550
a 2561 8388608 65536
a 2562 16777216 65536
c churn-1400
f 2554
f 2551
a 2563 4194304 65536
f 2563
a 2564 4194304 65536
f 2561
a 2565 8388608 65536
f 2552
f 2528
f 2529
f 2530
a 2566 16777216 65536
a 2567 16777216 65536
a 2568 16777216 65536
a 2569 8388608 65536
a 2570 4194304 65536
f 2564
f 2565
a 2571 8388608 65536
f 2556
f 2557
f 2558
f 2559
f 2560
a 2572 16777216 65536
a 2573 16777216 65536
a 2574 16777216 65536
a 2575 16777216 65536
a 2576 8388608 65536
f 2571
a 2577 8388608 65536
a 2578 8388608 65536
f 2569
a 2579 8388608 65536
f 2578
a 2580 4194304 65536
f 2570
a 2581 4194304 65536
f 2519
f 2577
a 2582 8388608 65536
f 2580
a 2583 4194304 65536
f 2581
a 2584 4194304 65536
f 2584
a 2585 4194304 65536
a 2586 16777216 65536
f 2572
f 2553
a 2587 16777216 65536
f 2583
a 2588 4194304 65536
f 2562
f 2555
a 2589 16777216 65536
a 2590 8388608 65536
f 2566
f 2567
f 2568
f 2579
a 2591 16777216 65536
a 2592 16777216 65536
a 2593 16777216 65536
a 2594 8388608 65536
f 2589
f 2590
a 2595 16777216 65536
a 2596 8388608 65536
f 2587
a 2597 16777216 65536
f 2588
a 2598 4194304 65536
a 2599 16777216 65536
f 2575
a 2600 16777216 65536
f 2586
f 2597
a 2601 16777216 65536
f 2591
f 2592
f 2593
f 2594
a 2602 16777216 65536
a 2603 16777216 65536
a 2604 16777216 65536
a 2605 8388608 65536
f 2601
a 2606 16777216 65536
f 2598
a 2607 4194304 65536
f 2582
a 2608 8388608 65536
a 2609 16777216 65536
f 2604
f 2607
a 2610 4194304 65536
f 2585
a 2611 4194304 65536
f 2608
a 2612 8388608 65536
a 2613 16777216 65536
f 2574
a 2614 4194304 65536
f 2611
f 2600
f 2573
f 2613
f 2599
f 2576
a 2615 16777216 65536
a 2616 16777216 65536
a 2617 16777216 65536
a 2618 16777216 65536
a 2619 8388608 65536
a 2620 16777216 65536
f 2618
f 2602
f 2603
f 2609
f 2605
a 2621 16777216 65536
a 2622 16777216 65536
a 2623 16777216 65536
a 2624 8388608 65536
f 2621
f 2622
f 2623
f 2624
a 2625 16777216 65536
a 2626 16777216 65536
a 2627 16777216 65536
a 2628 8388608 65536
a 2629 4194304 65536
f 2614
f 2606
a 2630 16777216 65536
f 2610
a 2631 4194304 65536
f 2625
f 2626
f 2627
f 2628
a 2632 16777216 65536
a 2633 16777216 65536
a 2634 16777216 65536
a 2635 8388608 65536
a 2636 4194304 65536
f 2629
f 2615
f 2616
f 2617
f 2620
f 2619
a 2637 16777216 65536
a 2638 16777216 65536
a 2639 16777216 65536
a 2640 16777216 65536
a 2641 8388608 65536
f 2612
a 2642 8388608 65536
f 2595
f 2596
a 2643 16777216 65536
a 2644 8388608 65536
a 2645 8388608 65536
f 2642
a 2646 16777216 65536
f 2638
f 2631
a 2647 4194304 65536
f 2632
f 2633
f 2634
f 2635
a 2648 16777216 65536
a 2649 16777216 65536
a 2650 16777216 65536
a 2651 8388608 65536
f 2645
a 2652 8388608 65536
a 2653 16777216 65536
f 2648
f 2643
f 2644
a 2654 16777216 65536
a 2655 8388608 65536
a 2656 16777216 65536
f 2640
f 2654
f 2655
a 2657 16777216 65536
a 2658 8388608 65536
f 2653
f 2649
f 2650
f 2651
a 2659 16777216 65536
a 2660 16777216 65536
a 2661 16777216 65536
a 2662 8388608 65536
f 2659
f 2660
f 2661
f 2662
a 2663 16777216 65536
a 2664 16777216 65536
a 2665 16777216 65536
a 2666 8388608 65536
f 2652
a 2667 8388608 65536
a 2668 4194304 65536
f 2647
f 2630
a 2669 16777216 65536
f 2657
f 2658
a 2670 16777216 65536
a 2671 8388608 65536
f 2637
f 2646
f 2639
f 2656
f 2641
a 2672 16777216 65536
a 2673 16777216 65536
a 2674 16777216 65536
a 2675 16777216 65536
a 2676 8388608 65536
f 2668
a 2677 4194304 65536
f 2667
a 2678 8388608 65536
f 2663
f 2664
f 2665
f 2666
a 2679 16777216 65536
a 2680 16777216 65536
a 2681 16777216 65536
a 2682 8388608 65536
f 2636
a 2683 4194304 65536
a 2684 16777216 65536
f 2681
f 2679
f 2680
f 2684
f 2682
a 2685 16777216 65536
a 2686 16777216 65536
a 2687 16777216 65536
a 2688 8388608 65536
f 2678
a 2689 8388608 65536
f 2672
f 2673
f 2674
f 2675
f 2676
a 2690 16777216 65536
a 2691 16777216 65536
a 2692 16777216 65536
a 2693 16777216 65536
a 2694 8388608 65536
a 2695 16777216 65536
f 2685
f 2695
f 2686
f 2687
f 2688
a 2696 16777216 65536
a 2697 16777216 65536
a 2698 16777216 65536
a 2699 8388608 65536
f 2683
a 2700 4194304 65536
f 2677
a 2701 4194304 65536
f 2670
f 2671
a 2702 16777216 65536
a 2703 8388608 65536
a 2704 16777216 65536
f 2697
f 2701
a 2705 4194304 65536
f 2696
f 2704
f 2698
f 2699
a 2706 16777216 65536
a 2707 16777216 65536
a 2708 16777216 65536
a 2709 8388608 65536
f 2700
a 2710 4194304 65536
a 2711 16777216 65536
f 2702
a 2712 4194304 65536
f 2710
f 2705
a 2713 4194304 65536
f 2669
a 2714 16777216 65536
f 2689
a 2715 8388608 65536
a 2716 8388608 65536
f 2715
f 2714
a 2717 16777216 65536
a 2718 16777216 65536
f 2711
a 2719 8388608 65536
f 2716
f 2706
f 2707
f 2708
f 2709
a 2720 16777216 65536
a 2721 16777216 65536
a 2722 16777216 65536
a 2723 8388608 65536
f 2718
f 2703
a 2724 16777216 65536
a 2725 8388608 65536
f 2712
a 2726 4194304 65536
a 2727 8388608 65536
f 2694
f 2717
a 2728 16777216 65536
a 2729 16777216 65536
f 2728
f 2729
a 2730 16777216 65536
f 2730
a 2731 16777216 65536
f 2724
f 2725
a 2732 16777216 65536
a 2733 8388608 65536
c churn-1500
f 2720
f 2721
f 2722
f 2723
f 2732
f 2733
f 2713
f 2731
f 2726
f 2719
f 2690
f 2691
f 2692
f 2693
f 2727
c residents-only
