# hetoimasia allocator parity trace, format 1; see README.md
# Derived from Synarchy 9a274311de7596fc971008eb90a3e67eb83fe004: 6251 PNGs under assets/, 255112372 bytes as RGBA8,
# packed into 33 sheets totalling 348127232 bytes; 8 streamed unit families.
# Every sheet is an optimally tiled image aligned to 64 KiB.
# Churn sensitivity variant, hypothetical: a 240 MiB streaming budget in the 256 MiB block (default 200 MiB); every other parameter as synarchy-sheets.
trace churn-budget-240
capacity 268435456
seed 331
a 0 4194304 65536
a 1 2097152 65536
a 2 8388608 65536
a 3 1048576 65536
a 4 1048576 65536
a 5 1048576 65536
a 6 4194304 65536
a 7 1048576 65536
a 8 4194304 65536
a 9 8388608 65536
a 10 16777216 65536
a 11 16777216 65536
a 12 16777216 65536
a 13 16777216 65536
a 14 8388608 65536
a 15 16777216 65536
a 16 16777216 65536
a 17 16777216 65536
a 18 16777216 65536
a 19 16777216 65536
a 20 16777216 65536
a 21 16777216 65536
a 22 2097152 65536
a 23 16777216 65536
a 24 4194304 65536
a 25 16777216 65536
a 26 8388608 65536
a 27 8388608 65536
c after-load
f 25
f 26
a 28 4194304 65536
f 10
f 11
f 12
f 13
f 14
a 29 16777216 65536
a 30 16777216 65536
a 31 16777216 65536
a 32 8388608 65536
a 33 16777216 65536
a 34 8388608 65536
a 35 4194304 65536
f 15
f 16
f 17
f 18
f 19
f 20
f 21
f 22
a 36 16777216 65536
a 37 16777216 65536
a 38 16777216 65536
a 39 16777216 65536
a 40 16777216 65536
a 41 16777216 65536
a 42 16777216 65536
a 43 2097152 65536
f 29
f 30
f 31
f 32
a 44 16777216 65536
a 45 16777216 65536
a 46 16777216 65536
a 47 8388608 65536
f 28
f 24
a 48 4194304 65536
f 36
f 37
f 38
f 39
f 40
f 41
f 42
f 43
a 49 16777216 65536
a 50 16777216 65536
a 51 16777216 65536
a 52 16777216 65536
a 53 16777216 65536
a 54 16777216 65536
a 55 16777216 65536
a 56 2097152 65536
f 33
f 34
a 57 16777216 65536
a 58 8388608 65536
f 23
a 59 16777216 65536
f 59
a 60 16777216 65536
f 27
a 61 8388608 65536
a 62 16777216 65536
a 63 16777216 65536
a 64 16777216 65536
f 53
f 54
f 60
a 65 16777216 65536
f 57
f 44
f 45
f 46
f 47
a 66 16777216 65536
a 67 16777216 65536
a 68 16777216 65536
a 69 8388608 65536
a 70 16777216 65536
f 49
f 61
a 71 8388608 65536
a 72 8388608 65536
f 66
f 67
f 68
f 69
a 73 16777216 65536
a 74 16777216 65536
a 75 16777216 65536
a 76 8388608 65536
f 71
f 73
f 74
f 75
f 76
a 77 16777216 65536
a 78 16777216 65536
a 79 16777216 65536
a 80 8388608 65536
f 72
a 81 8388608 65536
f 81
a 82 8388608 65536
f 65
a 83 16777216 65536
f 70
f 50
f 51
f 52
f 62
f 63
f 55
f 56
a 84 16777216 65536
a 85 16777216 65536
a 86 16777216 65536
a 87 16777216 65536
a 88 16777216 65536
a 89 16777216 65536
a 90 16777216 65536
a 91 2097152 65536
f 48
a 92 4194304 65536
a 93 16777216 65536
f 79
f 92
a 94 4194304 65536
f 64
f 58
a 95 16777216 65536
a 96 8388608 65536
f 83
a 97 16777216 65536
f 94
a 98 4194304 65536
a 99 4194304 65536
f 82
a 100 8388608 65536
f 35
a 101 16777216 65536
f 89
f 98
a 102 4194304 65536
f 95
f 96
a 103 16777216 65536
a 104 8388608 65536
a 105 16777216 65536
f 78
a 106 16777216 65536
f 90
f 102
a 107 4194304 65536
f 99
a 108 4194304 65536
f 107
a 109 4194304 65536
f 103
f 104
a 110 16777216 65536
a 111 8388608 65536
a 112 4194304 65536
f 100
a 113 8388608 65536
f 77
f 105
f 93
f 80
a 114 16777216 65536
a 115 16777216 65536
a 116 16777216 65536
a 117 8388608 65536
f 108
f 112
a 118 4194304 65536
f 109
a 119 4194304 65536
f 110
f 111
a 120 16777216 65536
a 121 8388608 65536
a 122 16777216 65536
a 123 16777216 65536
f 88
f 123
a 124 16777216 65536
f 84
f 85
f 86
f 87
f 122
f 101
f 106
f 91
a 125 16777216 65536
a 126 16777216 65536
a 127 16777216 65536
a 128 16777216 65536
a 129 8388608 65536
f 97
a 130 16777216 65536
f 114
f 115
f 116
f 117
a 131 16777216 65536
a 132 16777216 65536
a 133 16777216 65536
a 134 8388608 65536
f 120
f 121
a 135 16777216 65536
a 136 8388608 65536
f 124
f 135
f 136
a 137 16777216 65536
a 138 8388608 65536
a 139 16777216 65536
f 119
a 140 4194304 65536
f 132
f 125
f 126
f 127
f 128
f 129
a 141 16777216 65536
a 142 16777216 65536
a 143 16777216 65536
a 144 16777216 65536
a 145 8388608 65536
f 131
f 139
f 133
f 134
a 146 16777216 65536
a 147 16777216 65536
a 148 16777216 65536
a 149 8388608 65536
f 113
a 150 8388608 65536
a 151 8388608 65536
f 118
a 152 4194304 65536
f 149
f 150
a 153 8388608 65536
a 154 16777216 65536
f 144
f 152
a 155 4194304 65536
f 140
a 156 4194304 65536
f 146
f 147
f 148
f 151
a 157 16777216 65536
a 158 16777216 65536
a 159 16777216 65536
a 160 8388608 65536
a 161 16777216 65536
f 155
a 162 4194304 65536
f 156
a 163 4194304 65536
f 142
f 162
a 164 4194304 65536
f 153
a 165 8388608 65536
a 166 8388608 65536
f 130
a 167 16777216 65536
f 138
f 167
a 168 16777216 65536
a 169 16777216 65536
f 168
f 165
a 170 8388608 65536
f 141
f 161
f 143
f 154
f 145
a 171 16777216 65536
a 172 16777216 65536
a 173 16777216 65536
a 174 16777216 65536
a 175 8388608 65536
a 176 8388608 65536
f 170
f 169
a 177 16777216 65536
f 164
a 178 4194304 65536
a 179 8388608 65536
a 180 8388608 65536
f 176
f 177
a 181 16777216 65536
f 175
a 182 16777216 65536
a 183 16777216 65536
f 181
a 184 16777216 65536
f 173
f 157
f 183
f 159
f 160
a 185 16777216 65536
a 186 16777216 65536
a 187 16777216 65536
a 188 8388608 65536
f 158
a 189 4194304 65536
a 190 16777216 65536
f 178
f 185
f 186
f 190
f 188
a 191 16777216 65536
a 192 16777216 65536
a 193 16777216 65536
a 194 8388608 65536
f 184
a 195 16777216 65536
f 187
a 196 8388608 65536
f 195
a 197 16777216 65536
f 191
f 192
f 193
f 196
a 198 16777216 65536
a 199 16777216 65536
a 200 16777216 65536
a 201 8388608 65536
f 194
f 189
a 202 4194304 65536
f 198
f 199
f 200
f 201
a 203 16777216 65536
a 204 16777216 65536
a 205 16777216 65536
a 206 8388608 65536
f 180
a 207 8388608 65536
f 203
f 204
f 205
f 206
a 208 16777216 65536
a 209 16777216 65536
a 210 16777216 65536
a 211 8388608 65536
c churn-100
a 212 8388608 65536
a 213 16777216 65536
f 208
f 137
f 166
a 214 16777216 65536
a 215 8388608 65536
f 207
f 202
a 216 4194304 65536
a 217 4194304 65536
f 213
f 209
f 210
f 211
a 218 16777216 65536
a 219 16777216 65536
a 220 16777216 65536
a 221 8388608 65536
f 216
a 222 8388608 65536
f 163
a 223 4194304 65536
f 215
a 224 4194304 65536
f 217
a 225 4194304 65536
f 223
f 212
a 226 8388608 65536
a 227 16777216 65536
f 171
f 172
f 182
f 227
f 179
a 228 16777216 65536
a 229 16777216 65536
a 230 16777216 65536
a 231 16777216 65536
a 232 8388608 65536
a 233 16777216 65536
f 174
f 229
a 234 16777216 65536
f 214
f 222
a 235 16777216 65536
a 236 8388608 65536
f 228
f 235
f 236
a 237 16777216 65536
a 238 8388608 65536
a 239 8388608 65536
f 218
f 219
f 220
f 221
a 240 16777216 65536
a 241 16777216 65536
a 242 16777216 65536
a 243 8388608 65536
a 244 4194304 65536
f 226
f 225
f 237
f 238
a 245 16777216 65536
a 246 8388608 65536
f 239
a 247 8388608 65536
f 244
a 248 4194304 65536
f 224
a 249 4194304 65536
f 245
f 246
a 250 16777216 65536
a 251 8388608 65536
f 247
a 252 8388608 65536
f 248
a 253 4194304 65536
f 250
f 251
a 254 16777216 65536
a 255 8388608 65536
f 240
f 241
f 242
f 243
a 256 16777216 65536
a 257 16777216 65536
a 258 16777216 65536
a 259 8388608 65536
f 197
a 260 16777216 65536
f 249
a 261 4194304 65536
f 234
f 233
f 230
f 231
f 232
a 262 16777216 65536
a 263 16777216 65536
a 264 16777216 65536
a 265 16777216 65536
a 266 16777216 65536
a 267 16777216 65536
a 268 16777216 65536
a 269 2097152 65536
f 262
f 263
f 264
f 265
f 266
f 267
f 268
f 269
a 270 16777216 65536
a 271 16777216 65536
a 272 16777216 65536
a 273 16777216 65536
a 274 16777216 65536
a 275 16777216 65536
a 276 16777216 65536
a 277 2097152 65536
f 254
f 255
a 278 16777216 65536
a 279 8388608 65536
f 261
a 280 4194304 65536
a 281 16777216 65536
f 253
a 282 4194304 65536
f 260
a 283 16777216 65536
f 276
a 284 16777216 65536
f 274
f 282
a 285 4194304 65536
f 256
f 257
f 258
f 259
a 286 16777216 65536
a 287 16777216 65536
a 288 16777216 65536
a 289 8388608 65536
f 278
f 279
a 290 16777216 65536
a 291 8388608 65536
f 252
a 292 8388608 65536
a 293 8388608 65536
f 289
f 292
a 294 8388608 65536
a 295 4194304 65536
f 270
f 271
f 272
f 273
f 284
f 275
f 281
f 277
a 296 16777216 65536
a 297 16777216 65536
a 298 16777216 65536
a 299 16777216 65536
a 300 8388608 65536
f 285
f 286
f 287
f 288
f 293
a 301 16777216 65536
a 302 16777216 65536
a 303 16777216 65536
a 304 8388608 65536
f 294
a 305 8388608 65536
f 280
a 306 4194304 65536
a 307 16777216 65536
f 283
a 308 16777216 65536
f 301
f 305
a 309 8388608 65536
a 310 4194304 65536
f 306
a 311 4194304 65536
f 290
f 291
a 312 16777216 65536
a 313 8388608 65536
f 295
f 309
a 314 8388608 65536
a 315 16777216 65536
f 308
a 316 16777216 65536
f 312
f 311
a 317 4194304 65536
f 307
f 302
f 303
f 304
a 318 16777216 65536
a 319 16777216 65536
a 320 16777216 65536
a 321 8388608 65536
f 310
a 322 4194304 65536
f 314
a 323 8388608 65536
a 324 16777216 65536
f 299
a 325 16777216 65536
f 297
f 323
a 326 8388608 65536
f 317
a 327 4194304 65536
f 315
f 313
a 328 16777216 65536
a 329 8388608 65536
f 316
a 330 16777216 65536
a 331 16777216 65536
f 296
f 331
f 298
f 324
f 300
a 332 16777216 65536
a 333 16777216 65536
a 334 16777216 65536
a 335 16777216 65536
a 336 8388608 65536
f 325
f 322
a 337 4194304 65536
f 326
a 338 8388608 65536
a 339 8388608 65536
f 338
a 340 8388608 65536
f 336
a 341 16777216 65536
f 334
f 330
a 342 16777216 65536
f 342
a 343 16777216 65536
a 344 8388608 65536
f 318
f 319
f 320
f 321
a 345 16777216 65536
a 346 16777216 65536
a 347 16777216 65536
a 348 8388608 65536
f 339
f 327
a 349 4194304 65536
f 343
a 350 16777216 65536
f 350
a 351 16777216 65536
f 349
a 352 4194304 65536
f 328
f 329
a 353 16777216 65536
a 354 8388608 65536
f 340
a 355 8388608 65536
f 345
f 346
f 347
f 348
a 356 16777216 65536
a 357 16777216 65536
a 358 16777216 65536
a 359 8388608 65536
f 352
a 360 4194304 65536
f 355
a 361 8388608 65536
f 351
a 362 16777216 65536
a 363 8388608 65536
a 364 8388608 65536
f 332
f 333
f 341
f 335
f 344
a 365 16777216 65536
a 366 16777216 65536
a 367 16777216 65536
a 368 16777216 65536
a 369 16777216 65536
a 370 16777216 65536
a 371 16777216 65536
a 372 2097152 65536
f 354
f 362
a 373 16777216 65536
f 363
f 365
f 366
f 367
f 368
f 369
f 370
f 371
f 372
a 374 16777216 65536
a 375 16777216 65536
a 376 16777216 65536
a 377 16777216 65536
a 378 16777216 65536
a 379 16777216 65536
a 380 16777216 65536
a 381 2097152 65536
f 373
a 382 16777216 65536
f 374
f 375
f 376
f 377
f 378
f 379
f 380
f 381
a 383 16777216 65536
a 384 16777216 65536
a 385 16777216 65536
a 386 16777216 65536
a 387 16777216 65536
a 388 16777216 65536
a 389 16777216 65536
a 390 2097152 65536
f 356
f 357
f 358
f 359
a 391 16777216 65536
a 392 16777216 65536
a 393 16777216 65536
a 394 8388608 65536
f 391
f 392
f 393
f 394
a 395 16777216 65536
a 396 16777216 65536
a 397 16777216 65536
a 398 8388608 65536
a 399 16777216 65536
c churn-200
f 386
f 353
f 364
a 400 16777216 65536
a 401 8388608 65536
a 402 16777216 65536
f 361
a 403 8388608 65536
f 400
f 395
f 396
f 397
f 398
a 404 16777216 65536
a 405 16777216 65536
a 406 16777216 65536
a 407 8388608 65536
a 408 16777216 65536
f 383
a 409 8388608 65536
f 402
f 409
a 410 16777216 65536
a 411 8388608 65536
f 401
f 337
a 412 4194304 65536
f 382
a 413 16777216 65536
f 413
a 414 16777216 65536
f 410
f 411
a 415 16777216 65536
a 416 8388608 65536
a 417 8388608 65536
f 407
f 360
a 418 4194304 65536
f 418
a 419 4194304 65536
f 419
a 420 4194304 65536
f 403
a 421 8388608 65536
a 422 8388608 65536
f 417
a 423 16777216 65536
f 420
a 424 4194304 65536
f 404
f 405
f 406
f 422
a 425 16777216 65536
a 426 16777216 65536
a 427 16777216 65536
a 428 8388608 65536
f 388
f 414
a 429 16777216 65536
f 425
f 426
f 427
f 428
a 430 16777216 65536
a 431 16777216 65536
a 432 16777216 65536
a 433 8388608 65536
f 430
f 431
f 432
f 433
a 434 16777216 65536
a 435 16777216 65536
a 436 16777216 65536
a 437 8388608 65536
a 438 16777216 65536
f 424
a 439 4194304 65536
f 415
f 416
a 440 16777216 65536
a 441 8388608 65536
f 399
a 442 4194304 65536
f 442
a 443 4194304 65536
f 412
f 440
f 441
a 444 16777216 65536
a 445 8388608 65536
f 439
a 446 4194304 65536
f 443
a 447 4194304 65536
a 448 16777216 65536
f 448
f 384
f 385
f 438
f 387
f 423
f 389
f 390
a 449 16777216 65536
a 450 16777216 65536
a 451 16777216 65536
a 452 16777216 65536
a 453 16777216 65536
a 454 16777216 65536
a 455 16777216 65536
a 456 2097152 65536
f 408
f 447
a 457 4194304 65536
a 458 16777216 65536
f 454
a 459 16777216 65536
a 460 16777216 65536
f 455
f 457
a 461 4194304 65536
f 444
a 462 16777216 65536
a 463 16777216 65536
f 449
f 434
f 435
f 436
f 437
a 464 16777216 65536
a 465 16777216 65536
a 466 16777216 65536
a 467 8388608 65536
f 452
f 459
f 445
a 468 16777216 65536
a 469 8388608 65536
f 421
a 470 8388608 65536
f 429
a 471 16777216 65536
a 472 16777216 65536
f 450
a 473 16777216 65536
f 471
a 474 16777216 65536
a 475 16777216 65536
f 460
f 472
f 474
a 476 16777216 65536
f 476
a 477 16777216 65536
f 477
a 478 16777216 65536
f 461
a 479 4194304 65536
a 480 16777216 65536
f 479
a 481 4194304 65536
f 462
f 480
f 451
f 463
f 453
f 458
f 473
f 456
a 482 16777216 65536
a 483 16777216 65536
a 484 16777216 65536
a 485 16777216 65536
a 486 16777216 65536
a 487 16777216 65536
a 488 16777216 65536
a 489 2097152 65536
f 475
f 470
a 490 8388608 65536
f 478
a 491 16777216 65536
a 492 16777216 65536
f 482
f 492
f 484
f 485
f 486
f 487
f 488
f 489
a 493 16777216 65536
a 494 16777216 65536
a 495 16777216 65536
a 496 16777216 65536
a 497 16777216 65536
a 498 16777216 65536
a 499 16777216 65536
a 500 2097152 65536
f 483
f 490
a 501 8388608 65536
f 493
f 494
f 495
f 496
f 497
f 498
f 499
f 500
a 502 16777216 65536
a 503 16777216 65536
a 504 16777216 65536
a 505 16777216 65536
a 506 16777216 65536
a 507 16777216 65536
a 508 16777216 65536
a 509 2097152 65536
f 446
a 510 4194304 65536
a 511 16777216 65536
f 468
f 469
a 512 16777216 65536
a 513 8388608 65536
f 502
f 481
a 514 4194304 65536
f 511
f 503
f 504
f 505
f 506
f 507
f 508
f 509
a 515 16777216 65536
a 516 16777216 65536
a 517 16777216 65536
a 518 16777216 65536
a 519 8388608 65536
f 491
a 520 16777216 65536
f 464
f 465
f 466
f 467
a 521 16777216 65536
a 522 16777216 65536
a 523 16777216 65536
a 524 8388608 65536
f 515
f 516
f 517
f 518
f 519
a 525 16777216 65536
a 526 16777216 65536
a 527 16777216 65536
a 528 16777216 65536
a 529 16777216 65536
a 530 16777216 65536
a 531 16777216 65536
a 532 2097152 65536
f 514
a 533 4194304 65536
a 534 16777216 65536
f 520
a 535 16777216 65536
f 512
f 513
a 536 16777216 65536
a 537 8388608 65536
f 534
f 521
f 522
f 523
f 524
a 538 16777216 65536
a 539 16777216 65536
a 540 16777216 65536
a 541 8388608 65536
f 538
f 539
f 540
f 541
a 542 16777216 65536
a 543 16777216 65536
a 544 16777216 65536
a 545 8388608 65536
f 525
f 526
f 527
f 528
f 529
f 530
f 531
f 532
a 546 16777216 65536
a 547 16777216 65536
a 548 16777216 65536
a 549 16777216 65536
a 550 8388608 65536
f 546
f 547
f 548
f 549
f 550
a 551 16777216 65536
a 552 16777216 65536
a 553 16777216 65536
a 554 16777216 65536
a 555 16777216 65536
a 556 16777216 65536
a 557 16777216 65536
a 558 2097152 65536
a 559 2097152 65536
f 510
a 560 4194304 65536
f 536
f 537
a 561 16777216 65536
a 562 8388608 65536
f 558
f 560
a 563 4194304 65536
f 501
a 564 8388608 65536
f 564
a 565 8388608 65536
a 566 8388608 65536
f 563
a 567 4194304 65536
f 562
f 542
f 543
f 544
f 545
a 568 16777216 65536
a 569 16777216 65536
a 570 16777216 65536
a 571 8388608 65536
a 572 16777216 65536
f 561
f 566
a 573 16777216 65536
a 574 8388608 65536
f 568
f 569
f 570
f 571
a 575 16777216 65536
a 576 16777216 65536
a 577 16777216 65536
a 578 8388608 65536
f 556
f 535
a 579 16777216 65536
a 580 16777216 65536
f 533
a 581 4194304 65536
f 551
f 552
f 553
f 580
f 555
f 572
f 557
f 559
a 582 16777216 65536
a 583 16777216 65536
a 584 16777216 65536
a 585 16777216 65536
a 586 16777216 65536
a 587 16777216 65536
a 588 16777216 65536
a 589 2097152 65536
f 554
f 581
a 590 4194304 65536
a 591 2097152 65536
a 592 16777216 65536
f 589
f 586
f 579
a 593 16777216 65536
f 590
a 594 4194304 65536
a 595 16777216 65536
f 573
a 596 16777216 65536
c churn-300
f 565
a 597 8388608 65536
f 588
a 598 16777216 65536
f 576
f 567
a 599 4194304 65536
f 597
a 600 8388608 65536
f 575
f 598
f 577
f 578
a 601 16777216 65536
a 602 16777216 65536
a 603 16777216 65536
a 604 8388608 65536
f 593
a 605 16777216 65536
f 600
a 606 8388608 65536
f 599
a 607 4194304 65536
f 582
f 583
f 584
f 585
f 592
f 587
f 596
f 591
a 608 16777216 65536
a 609 16777216 65536
a 610 16777216 65536
a 611 16777216 65536
a 612 16777216 65536
a 613 16777216 65536
a 614 16777216 65536
a 615 2097152 65536
f 601
f 602
f 603
f 604
a 616 16777216 65536
a 617 16777216 65536
a 618 16777216 65536
a 619 8388608 65536
a 620 16777216 65536
f 594
a 621 4194304 65536
f 608
f 609
f 620
f 611
f 612
f 613
f 614
f 615
a 622 16777216 65536
a 623 16777216 65536
a 624 16777216 65536
a 625 16777216 65536
a 626 8388608 65536
f 610
f 595
f 574
a 627 16777216 65536
a 628 8388608 65536
f 607
a 629 4194304 65536
a 630 16777216 65536
f 623
a 631 8388608 65536
f 605
a 632 16777216 65536
f 628
f 621
a 633 4194304 65536
f 632
a 634 16777216 65536
f 633
a 635 4194304 65536
f 622
f 630
f 624
f 625
f 626
a 636 16777216 65536
a 637 16777216 65536
a 638 16777216 65536
a 639 16777216 65536
a 640 16777216 65536
a 641 16777216 65536
a 642 16777216 65536
a 643 2097152 65536
f 634
a 644 16777216 65536
a 645 16777216 65536
a 646 4194304 65536
a 647 16777216 65536
f 637
f 629
a 648 4194304 65536
f 635
f 616
f 617
f 618
f 619
a 649 16777216 65536
a 650 16777216 65536
a 651 16777216 65536
a 652 8388608 65536
f 639
f 627
f 631
a 653 16777216 65536
a 654 8388608 65536
a 655 8388608 65536
a 656 16777216 65536
f 650
a 657 16777216 65536
f 606
f 655
a 658 8388608 65536
f 645
a 659 16777216 65536
f 640
f 644
a 660 16777216 65536
f 648
a 661 4194304 65536
f 636
f 657
f 638
f 647
f 659
f 641
f 642
f 643
a 662 16777216 65536
a 663 16777216 65536
a 664 16777216 65536
a 665 16777216 65536
a 666 16777216 65536
a 667 16777216 65536
a 668 16777216 65536
a 669 2097152 65536
a 670 4194304 65536
f 661
a 671 4194304 65536
a 672 16777216 65536
f 646
f 663
f 658
a 673 8388608 65536
f 670
a 674 4194304 65536
f 662
f 672
f 664
f 665
f 666
f 667
f 668
f 669
a 675 16777216 65536
a 676 16777216 65536
a 677 16777216 65536
a 678 16777216 65536
a 679 8388608 65536
f 673
a 680 8388608 65536
f 653
f 654
a 681 16777216 65536
a 682 8388608 65536
f 681
f 682
a 683 16777216 65536
a 684 8388608 65536
f 680
a 685 8388608 65536
f 675
f 676
f 677
f 678
f 679
a 686 16777216 65536
a 687 16777216 65536
a 688 16777216 65536
a 689 16777216 65536
a 690 16777216 65536
a 691 16777216 65536
a 692 16777216 65536
a 693 2097152 65536
f 683
f 684
a 694 16777216 65536
a 695 8388608 65536
f 685
a 696 8388608 65536
f 660
a 697 16777216 65536
f 697
a 698 16777216 65536
f 674
a 699 4194304 65536
a 700 16777216 65536
f 698
a 701 16777216 65536
f 651
f 686
f 687
f 688
f 689
f 690
f 691
f 692
f 693
a 702 16777216 65536
a 703 16777216 65536
a 704 16777216 65536
a 705 16777216 65536
a 706 8388608 65536
a 707 16777216 65536
f 649
f 656
f 707
f 652
a 708 16777216 65536
a 709 16777216 65536
a 710 16777216 65536
a 711 8388608 65536
f 671
a 712 4194304 65536
f 701
a 713 16777216 65536
f 699
a 714 4194304 65536
f 708
f 702
f 703
f 704
f 705
f 706
a 715 16777216 65536
a 716 16777216 65536
a 717 16777216 65536
a 718 16777216 65536
a 719 8388608 65536
f 694
f 695
a 720 16777216 65536
a 721 8388608 65536
f 720
f 721
a 722 16777216 65536
a 723 8388608 65536
f 712
a 724 4194304 65536
f 724
a 725 4194304 65536
a 726 16777216 65536
f 718
f 696
a 727 8388608 65536
f 713
f 709
f 710
f 711
a 728 16777216 65536
a 729 16777216 65536
a 730 16777216 65536
a 731 8388608 65536
f 715
f 716
f 717
f 726
f 719
a 732 16777216 65536
a 733 16777216 65536
a 734 16777216 65536
a 735 16777216 65536
a 736 16777216 65536
a 737 16777216 65536
a 738 16777216 65536
a 739 2097152 65536
a 740 16777216 65536
f 736
f 700
a 741 16777216 65536
f 727
a 742 8388608 65536
f 742
a 743 8388608 65536
a 744 16777216 65536
f 725
a 745 4194304 65536
a 746 16777216 65536
f 738
f 722
f 743
a 747 8388608 65536
f 732
f 733
f 734
f 735
f 740
f 737
f 744
f 739
a 748 16777216 65536
a 749 16777216 65536
a 750 16777216 65536
a 751 16777216 65536
a 752 16777216 65536
a 753 16777216 65536
a 754 16777216 65536
a 755 2097152 65536
f 745
a 756 4194304 65536
f 741
a 757 16777216 65536
f 757
a 758 16777216 65536
f 747
a 759 8388608 65536
a 760 16777216 65536
f 756
a 761 4194304 65536
f 758
f 761
a 762 4194304 65536
f 746
f 723
a 763 16777216 65536
a 764 8388608 65536
f 760
a 765 16777216 65536
f 748
f 749
f 750
f 751
f 752
f 753
f 754
f 755
a 766 16777216 65536
a 767 16777216 65536
a 768 16777216 65536
a 769 16777216 65536
a 770 16777216 65536
a 771 16777216 65536
a 772 16777216 65536
a 773 2097152 65536
f 714
a 774 4194304 65536
f 765
a 775 16777216 65536
a 776 16777216 65536
f 728
f 729
f 730
f 731
a 777 16777216 65536
a 778 16777216 65536
a 779 16777216 65536
a 780 8388608 65536
f 771
f 763
f 764
a 781 16777216 65536
a 782 8388608 65536
f 762
a 783 4194304 65536
f 783
a 784 4194304 65536
f 784
a 785 4194304 65536
f 766
f 767
f 768
f 769
f 770
f 776
f 772
f 773
a 786 16777216 65536
a 787 16777216 65536
a 788 16777216 65536
a 789 16777216 65536
a 790 8388608 65536
f 786
f 787
f 788
f 789
f 790
a 791 16777216 65536
a 792 16777216 65536
a 793 16777216 65536
a 794 16777216 65536
a 795 8388608 65536
f 781
f 782
a 796 16777216 65536
a 797 8388608 65536
c churn-400
f 796
f 797
a 798 16777216 65536
a 799 8388608 65536
f 759
a 800 8388608 65536
f 791
f 792
f 793
f 794
f 795
a 801 16777216 65536
a 802 16777216 65536
a 803 16777216 65536
a 804 16777216 65536
a 805 8388608 65536
a 806 16777216 65536
f 803
f 800
a 807 8388608 65536
f 798
f 799
a 808 16777216 65536
a 809 8388608 65536
a 810 16777216 65536
f 774
a 811 4194304 65536
f 779
a 812 16777216 65536
a 813 16777216 65536
f 808
a 814 8388608 65536
f 801
f 811
a 815 4194304 65536
f 785
a 816 4194304 65536
f 805
f 807
a 817 8388608 65536
f 816
a 818 4194304 65536
f 812
f 802
f 806
f 804
f 814
a 819 16777216 65536
a 820 16777216 65536
a 821 16777216 65536
a 822 16777216 65536
a 823 8388608 65536
a 824 8388608 65536
f 777
f 778
f 810
f 780
a 825 16777216 65536
a 826 16777216 65536
a 827 16777216 65536
a 828 8388608 65536
f 823
a 829 16777216 65536
f 818
a 830 4194304 65536
f 830
a 831 4194304 65536
f 826
f 819
f 820
f 821
f 822
f 824
a 832 16777216 65536
a 833 16777216 65536
a 834 16777216 65536
a 835 16777216 65536
a 836 16777216 65536
a 837 16777216 65536
a 838 16777216 65536
a 839 2097152 65536
f 825
f 829
f 827
f 828
a 840 16777216 65536
a 841 16777216 65536
a 842 16777216 65536
a 843 8388608 65536
a 844 16777216 65536
f 815
a 845 4194304 65536
f 831
a 846 4194304 65536
f 833
f 845
a 847 4194304 65536
f 846
a 848 4194304 65536
f 832
f 844
f 834
f 835
f 836
f 837
f 838
f 839
a 849 16777216 65536
a 850 16777216 65536
a 851 16777216 65536
a 852 16777216 65536
a 853 16777216 65536
a 854 16777216 65536
a 855 16777216 65536
a 856 2097152 65536
a 857 16777216 65536
f 840
f 841
f 842
f 843
a 858 16777216 65536
a 859 16777216 65536
a 860 16777216 65536
a 861 8388608 65536
f 858
f 859
f 860
f 861
a 862 16777216 65536
a 863 16777216 65536
a 864 16777216 65536
a 865 8388608 65536
f 849
a 866 16777216 65536
f 813
f 866
f 809
a 867 16777216 65536
a 868 8388608 65536
f 867
f 868
a 869 16777216 65536
a 870 8388608 65536
a 871 2097152 65536
a 872 16777216 65536
f 856
f 848
a 873 4194304 65536
f 855
a 874 16777216 65536
a 875 16777216 65536
f 851
f 873
a 876 4194304 65536
f 854
f 869
f 870
a 877 16777216 65536
a 878 8388608 65536
a 879 16777216 65536
f 847
a 880 4194304 65536
f 853
a 881 16777216 65536
f 880
a 882 4194304 65536
f 775
a 883 16777216 65536
f 864
f 883
a 884 16777216 65536
a 885 16777216 65536
a 886 4194304 65536
a 887 4194304 65536
f 877
f 882
f 887
a 888 4194304 65536
a 889 16777216 65536
f 876
a 890 16777216 65536
f 881
a 891 16777216 65536
f 888
a 892 4194304 65536
f 857
f 875
f 817
a 893 8388608 65536
f 890
f 850
f 891
f 852
f 879
f 874
f 872
f 871
a 894 16777216 65536
a 895 16777216 65536
a 896 16777216 65536
a 897 16777216 65536
a 898 16777216 65536
a 899 16777216 65536
a 900 16777216 65536
a 901 2097152 65536
a 902 16777216 65536
f 884
f 886
a 903 4194304 65536
f 892
a 904 4194304 65536
f 903
a 905 4194304 65536
f 902
a 906 16777216 65536
f 894
f 895
f 896
f 897
f 898
f 899
f 900
f 901
a 907 16777216 65536
a 908 16777216 65536
a 909 16777216 65536
a 910 16777216 65536
a 911 8388608 65536
f 893
a 912 8388608 65536
f 904
a 913 4194304 65536
f 907
f 908
f 909
f 910
f 911
a 914 16777216 65536
a 915 16777216 65536
a 916 16777216 65536
a 917 16777216 65536
a 918 8388608 65536
a 919 8388608 65536
f 913
a 920 4194304 65536
f 920
a 921 4194304 65536
f 918
f 906
a 922 16777216 65536
f 921
a 923 4194304 65536
f 905
a 924 4194304 65536
a 925 16777216 65536
f 912
a 926 8388608 65536
f 862
f 914
f 915
f 916
f 917
f 919
a 927 16777216 65536
a 928 16777216 65536
a 929 16777216 65536
a 930 16777216 65536
a 931 8388608 65536
a 932 8388608 65536
f 923
a 933 4194304 65536
f 933
a 934 4194304 65536
f 931
f 925
f 863
f 889
f 865
a 935 16777216 65536
a 936 16777216 65536
a 937 16777216 65536
a 938 8388608 65536
f 926
a 939 8388608 65536
f 924
a 940 4194304 65536
f 935
f 936
f 937
f 938
a 941 16777216 65536
a 942 16777216 65536
a 943 16777216 65536
a 944 8388608 65536
f 885
f 878
a 945 16777216 65536
a 946 8388608 65536
a 947 16777216 65536
f 939
a 948 8388608 65536
f 945
f 946
a 949 16777216 65536
a 950 8388608 65536
f 928
f 948
a 951 8388608 65536
f 941
f 942
f 943
f 944
a 952 16777216 65536
a 953 16777216 65536
a 954 16777216 65536
a 955 8388608 65536
f 922
a 956 16777216 65536
f 951
a 957 8388608 65536
a 958 16777216 65536
f 952
f 953
f 954
f 955
a 959 16777216 65536
a 960 16777216 65536
a 961 16777216 65536
a 962 8388608 65536
a 963 8388608 65536
f 929
f 957
a 964 8388608 65536
f 949
f 950
a 965 16777216 65536
a 966 8388608 65536
f 932
f 965
f 966
a 967 16777216 65536
a 968 8388608 65536
f 927
f 947
f 958
f 930
f 963
a 969 16777216 65536
a 970 16777216 65536
a 971 16777216 65536
a 972 16777216 65536
a 973 16777216 65536
a 974 16777216 65536
a 975 16777216 65536
a 976 2097152 65536
f 940
a 977 4194304 65536
f 959
f 960
f 961
f 962
a 978 16777216 65536
a 979 16777216 65536
a 980 16777216 65536
a 981 8388608 65536
c churn-500
f 969
f 970
f 971
f 972
f 973
f 974
f 975
f 976
a 982 16777216 65536
a 983 16777216 65536
a 984 16777216 65536
a 985 16777216 65536
a 986 8388608 65536
f 967
f 968
a 987 16777216 65536
a 988 8388608 65536
f 978
f 979
f 980
f 981
a 989 16777216 65536
a 990 16777216 65536
a 991 16777216 65536
a 992 8388608 65536
f 977
a 993 4194304 65536
f 993
a 994 4194304 65536
f 989
f 990
f 991
f 992
a 995 16777216 65536
a 996 16777216 65536
a 997 16777216 65536
a 998 8388608 65536
f 995
f 996
f 997
f 998
a 999 16777216 65536
a 1000 16777216 65536
a 1001 16777216 65536
a 1002 8388608 65536
f 994
a 1003 4194304 65536
f 1003
a 1004 4194304 65536
f 1004
a 1005 4194304 65536
f 987
f 988
a 1006 16777216 65536
a 1007 8388608 65536
a 1008 16777216 65536
f 1005
a 1009 4194304 65536
a 1010 16777216 65536
f 1000
f 985
f 1006
f 1007
a 1011 16777216 65536
a 1012 8388608 65536
f 1009
a 1013 4194304 65536
f 956
a 1014 16777216 65536
f 999
f 1008
f 1001
f 1002
a 1015 16777216 65536
a 1016 16777216 65536
a 1017 16777216 65536
a 1018 8388608 65536
f 1011
f 1012
a 1019 16777216 65536
a 1020 8388608 65536
f 1014
a 1021 16777216 65536
f 1013
a 1022 4194304 65536
a 1023 16777216 65536
f 984
f 1015
f 1016
f 1017
f 1018
a 1024 16777216 65536
a 1025 16777216 65536
a 1026 16777216 65536
a 1027 8388608 65536
f 1019
f 1020
a 1028 16777216 65536
a 1029 8388608 65536
f 934
a 1030 4194304 65536
a 1031 16777216 65536
f 1028
f 1024
f 1025
f 1026
f 1027
a 1032 16777216 65536
a 1033 16777216 65536
a 1034 16777216 65536
a 1035 8388608 65536
a 1036 4194304 65536
f 1031
f 1029
a 1037 16777216 65536
a 1038 8388608 65536
f 1022
a 1039 8388608 65536
f 982
f 983
f 1023
f 1010
f 1039
a 1040 16777216 65536
a 1041 16777216 65536
a 1042 16777216 65536
a 1043 16777216 65536
a 1044 8388608 65536
f 1032
f 1033
f 1034
f 1035
a 1045 16777216 65536
a 1046 16777216 65536
a 1047 16777216 65536
a 1048 8388608 65536
f 986
f 1037
f 1038
a 1049 16777216 65536
a 1050 8388608 65536
a 1051 16777216 65536
f 1021
a 1052 16777216 65536
f 1041
a 1053 16777216 65536
a 1054 16777216 65536
f 1052
f 1051
f 964
a 1055 8388608 65536
f 1055
a 1056 8388608 65536
a 1057 16777216 65536
f 1036
a 1058 4194304 65536
f 1053
a 1059 8388608 65536
a 1060 16777216 65536
a 1061 8388608 65536
f 1050
f 1045
f 1046
f 1047
f 1048
a 1062 16777216 65536
a 1063 16777216 65536
a 1064 16777216 65536
a 1065 8388608 65536
f 1057
f 1049
f 1059
a 1066 16777216 65536
a 1067 8388608 65536
f 1056
f 1058
a 1068 4194304 65536
f 1062
f 1063
f 1064
f 1065
a 1069 16777216 65536
a 1070 16777216 65536
a 1071 16777216 65536
a 1072 8388608 65536
f 1068
a 1073 4194304 65536
a 1074 16777216 65536
a 1075 16777216 65536
f 1040
f 1074
f 1042
f 1043
f 1044
a 1076 16777216 65536
a 1077 16777216 65536
a 1078 16777216 65536
a 1079 16777216 65536
a 1080 16777216 65536
a 1081 16777216 65536
a 1082 16777216 65536
a 1083 2097152 65536
f 1054
f 1030
a 1084 4194304 65536
f 1071
f 1073
a 1085 4194304 65536
f 1069
f 1070
f 1075
f 1072
a 1086 16777216 65536
a 1087 16777216 65536
a 1088 16777216 65536
a 1089 8388608 65536
f 1076
f 1077
f 1078
f 1079
f 1080
f 1081
f 1082
f 1083
a 1090 16777216 65536
a 1091 16777216 65536
a 1092 16777216 65536
a 1093 16777216 65536
a 1094 16777216 65536
a 1095 16777216 65536
a 1096 16777216 65536
a 1097 2097152 65536
f 1061
a 1098 8388608 65536
f 1084
a 1099 4194304 65536
a 1100 16777216 65536
f 1099
a 1101 4194304 65536
f 1086
f 1087
f 1088
f 1089
a 1102 16777216 65536
a 1103 16777216 65536
a 1104 16777216 65536
a 1105 8388608 65536
f 1066
f 1085
a 1106 4194304 65536
a 1107 16777216 65536
f 1100
f 1102
f 1103
f 1104
f 1105
a 1108 16777216 65536
a 1109 16777216 65536
a 1110 16777216 65536
a 1111 8388608 65536
a 1112 8388608 65536
a 1113 8388608 65536
f 1112
a 1114 8388608 65536
f 1098
f 1067
f 1090
f 1091
f 1092
f 1093
f 1094
f 1095
f 1096
f 1097
a 1115 16777216 65536
a 1116 16777216 65536
a 1117 16777216 65536
a 1118 16777216 65536
a 1119 16777216 65536
a 1120 16777216 65536
a 1121 16777216 65536
a 1122 2097152 65536
f 1108
f 1109
f 1110
f 1111
a 1123 16777216 65536
a 1124 16777216 65536
a 1125 16777216 65536
a 1126 8388608 65536
f 1060
a 1127 16777216 65536
f 1101
a 1128 4194304 65536
f 1128
a 1129 4194304 65536
f 1107
f 1113
a 1130 16777216 65536
a 1131 8388608 65536
f 1129
a 1132 4194304 65536
a 1133 16777216 65536
a 1134 4194304 65536
f 1117
f 1132
a 1135 16777216 65536
f 1106
a 1136 4194304 65536
f 1127
a 1137 16777216 65536
f 1115
f 1116
f 1133
f 1118
f 1119
f 1120
f 1121
f 1122
a 1138 16777216 65536
a 1139 16777216 65536
a 1140 16777216 65536
a 1141 16777216 65536
a 1142 8388608 65536
f 1124
f 1136
a 1143 4194304 65536
a 1144 16777216 65536
f 1114
a 1145 8388608 65536
f 1138
f 1145
a 1146 8388608 65536
a 1147 8388608 65536
f 1126
f 1144
f 1139
f 1140
f 1141
f 1142
a 1148 16777216 65536
a 1149 16777216 65536
a 1150 16777216 65536
a 1151 16777216 65536
a 1152 8388608 65536
a 1153 16777216 65536
f 1123
a 1154 16777216 65536
a 1155 4194304 65536
f 1154
f 1131
a 1156 16777216 65536
a 1157 8388608 65536
f 1130
a 1158 16777216 65536
f 1134
f 1148
f 1149
f 1150
f 1151
f 1152
a 1159 16777216 65536
a 1160 16777216 65536
a 1161 16777216 65536
a 1162 16777216 65536
a 1163 8388608 65536
f 1125
f 1156
f 1157
a 1164 16777216 65536
a 1165 8388608 65536
a 1166 16777216 65536
f 1159
f 1153
f 1137
f 1158
f 1147
a 1167 16777216 65536
a 1168 16777216 65536
a 1169 16777216 65536
a 1170 8388608 65536
a 1171 16777216 65536
f 1164
f 1165
a 1172 16777216 65536
a 1173 8388608 65536
f 1171
f 1160
f 1161
f 1162
f 1163
a 1174 16777216 65536
a 1175 16777216 65536
a 1176 16777216 65536
a 1177 16777216 65536
a 1178 16777216 65536
a 1179 16777216 65536
a 1180 16777216 65536
a 1181 2097152 65536
f 1166
a 1182 16777216 65536
f 1176
f 1174
f 1175
f 1182
f 1177
f 1178
f 1179
f 1180
f 1181
a 1183 16777216 65536
a 1184 16777216 65536
a 1185 16777216 65536
a 1186 16777216 65536
a 1187 8388608 65536
c churn-600
f 1155
a 1188 4194304 65536
f 1143
a 1189 4194304 65536
f 1183
f 1184
f 1185
f 1186
f 1187
a 1190 16777216 65536
a 1191 16777216 65536
a 1192 16777216 65536
a 1193 16777216 65536
a 1194 16777216 65536
a 1195 16777216 65536
a 1196 16777216 65536
a 1197 2097152 65536
f 1146
a 1198 8388608 65536
a 1199 16777216 65536
f 1167
f 1168
f 1169
f 1170
a 1200 16777216 65536
a 1201 16777216 65536
a 1202 16777216 65536
a 1203 8388608 65536
f 1191
a 1204 8388608 65536
f 1188
a 1205 4194304 65536
f 1190
f 1199
f 1192
f 1193
f 1194
f 1195
f 1196
f 1197
a 1206 16777216 65536
a 1207 16777216 65536
a 1208 16777216 65536
a 1209 16777216 65536
a 1210 8388608 65536
f 1198
f 1200
f 1201
f 1202
f 1203
a 1211 16777216 65536
a 1212 16777216 65536
a 1213 16777216 65536
a 1214 8388608 65536
f 1135
a 1215 16777216 65536
f 1172
f 1173
a 1216 16777216 65536
a 1217 8388608 65536
f 1206
f 1207
f 1208
f 1209
f 1210
a 1218 16777216 65536
a 1219 16777216 65536
a 1220 16777216 65536
a 1221 16777216 65536
a 1222 16777216 65536
a 1223 16777216 65536
a 1224 16777216 65536
a 1225 2097152 65536
f 1204
a 1226 8388608 65536
a 1227 16777216 65536
f 1215
a 1228 16777216 65536
f 1216
f 1211
f 1212
f 1213
f 1214
a 1229 16777216 65536
a 1230 16777216 65536
a 1231 16777216 65536
a 1232 8388608 65536
a 1233 16777216 65536
f 1233
f 1230
f 1231
f 1232
a 1234 16777216 65536
a 1235 16777216 65536
a 1236 16777216 65536
a 1237 8388608 65536
f 1229
f 1234
f 1235
f 1236
f 1237
a 1238 16777216 65536
a 1239 16777216 65536
a 1240 16777216 65536
a 1241 8388608 65536
a 1242 16777216 65536
f 1227
f 1217
a 1243 16777216 65536
a 1244 8388608 65536
f 1243
f 1244
a 1245 16777216 65536
a 1246 8388608 65536
f 1224
f 1228
a 1247 16777216 65536
a 1248 8388608 65536
a 1249 16777216 65536
f 1241
f 1221
a 1250 4194304 65536
f 1245
f 1246
a 1251 16777216 65536
a 1252 8388608 65536
f 1238
f 1239
f 1240
f 1248
a 1253 16777216 65536
a 1254 16777216 65536
a 1255 16777216 65536
a 1256 8388608 65536
f 1189
f 1253
f 1254
f 1255
f 1256
a 1257 16777216 65536
a 1258 16777216 65536
a 1259 16777216 65536
a 1260 8388608 65536
a 1261 8388608 65536
f 1257
f 1258
f 1259
f 1260
a 1262 16777216 65536
a 1263 16777216 65536
a 1264 16777216 65536
a 1265 8388608 65536
f 1252
f 1247
a 1266 16777216 65536
f 1205
a 1267 4194304 65536
f 1251
f 1261
a 1268 16777216 65536
a 1269 8388608 65536
f 1218
f 1219
f 1220
f 1249
f 1222
f 1223
f 1242
f 1225
a 1270 16777216 65536
a 1271 16777216 65536
a 1272 16777216 65536
a 1273 16777216 65536
a 1274 16777216 65536
a 1275 16777216 65536
a 1276 16777216 65536
a 1277 2097152 65536
f 1262
f 1263
f 1264
f 1265
a 1278 16777216 65536
a 1279 16777216 65536
a 1280 16777216 65536
a 1281 8388608 65536
a 1282 16777216 65536
f 1250
a 1283 4194304 65536
f 1266
a 1284 16777216 65536
f 1270
f 1283
a 1285 4194304 65536
f 1285
a 1286 4194304 65536
f 1286
a 1287 4194304 65536
f 1278
f 1279
f 1280
f 1281
a 1288 16777216 65536
a 1289 16777216 65536
a 1290 16777216 65536
a 1291 8388608 65536
a 1292 2097152 65536
f 1282
f 1271
f 1272
f 1273
f 1274
f 1275
f 1276
f 1292
a 1293 16777216 65536
a 1294 16777216 65536
a 1295 16777216 65536
a 1296 16777216 65536
a 1297 8388608 65536
f 1277
f 1284
a 1298 16777216 65536
f 1226
a 1299 8388608 65536
f 1287
a 1300 4194304 65536
f 1298
a 1301 16777216 65536
f 1299
a 1302 8388608 65536
f 1267
a 1303 4194304 65536
f 1302
a 1304 8388608 65536
f 1288
f 1289
f 1290
f 1291
a 1305 16777216 65536
a 1306 16777216 65536
a 1307 16777216 65536
a 1308 8388608 65536
f 1293
f 1294
f 1295
f 1296
f 1297
a 1309 16777216 65536
a 1310 16777216 65536
a 1311 16777216 65536
a 1312 16777216 65536
a 1313 16777216 65536
a 1314 16777216 65536
a 1315 16777216 65536
a 1316 2097152 65536
a 1317 16777216 65536
f 1307
a 1318 16777216 65536
f 1300
a 1319 4194304 65536
f 1313
f 1305
f 1306
f 1317
f 1308
a 1320 16777216 65536
a 1321 16777216 65536
a 1322 16777216 65536
a 1323 8388608 65536
a 1324 8388608 65536
a 1325 4194304 65536
a 1326 16777216 65536
f 1304
a 1327 16777216 65536
f 1303
f 1326
f 1324
a 1328 8388608 65536
f 1301
f 1319
a 1329 4194304 65536
f 1325
a 1330 4194304 65536
f 1309
f 1310
f 1311
f 1312
f 1318
f 1314
f 1315
f 1316
a 1331 16777216 65536
a 1332 16777216 65536
a 1333 16777216 65536
a 1334 16777216 65536
a 1335 8388608 65536
f 1328
a 1336 8388608 65536
f 1329
a 1337 4194304 65536
f 1268
f 1269
a 1338 16777216 65536
a 1339 8388608 65536
f 1327
a 1340 16777216 65536
f 1320
f 1321
f 1322
f 1323
a 1341 16777216 65536
a 1342 16777216 65536
a 1343 16777216 65536
a 1344 8388608 65536
f 1330
a 1345 4194304 65536
f 1338
f 1339
a 1346 16777216 65536
a 1347 8388608 65536
a 1348 16777216 65536
f 1331
a 1349 16777216 65536
f 1341
f 1342
f 1343
f 1344
a 1350 16777216 65536
a 1351 16777216 65536
a 1352 16777216 65536
a 1353 8388608 65536
f 1332
f 1337
a 1354 4194304 65536
f 1354
a 1355 4194304 65536
f 1346
f 1347
a 1356 16777216 65536
a 1357 8388608 65536
f 1355
a 1358 4194304 65536
f 1348
f 1349
f 1333
f 1334
f 1335
a 1359 16777216 65536
a 1360 16777216 65536
a 1361 16777216 65536
a 1362 16777216 65536
a 1363 8388608 65536
f 1356
f 1357
a 1364 16777216 65536
a 1365 8388608 65536
f 1364
f 1365
a 1366 16777216 65536
a 1367 8388608 65536
f 1336
a 1368 8388608 65536
f 1366
f 1367
a 1369 16777216 65536
a 1370 8388608 65536
f 1340
a 1371 16777216 65536
f 1368
a 1372 8388608 65536
f 1369
f 1370
a 1373 16777216 65536
a 1374 8388608 65536
a 1375 16777216 65536
f 1351
f 1359
f 1360
f 1361
f 1362
f 1363
a 1376 16777216 65536
a 1377 16777216 65536
a 1378 16777216 65536
a 1379 16777216 65536
a 1380 16777216 65536
a 1381 16777216 65536
a 1382 16777216 65536
a 1383 2097152 65536
f 1372
a 1384 8388608 65536
f 1376
f 1377
f 1378
f 1379
f 1380
f 1381
f 1382
f 1383
a 1385 16777216 65536
a 1386 16777216 65536
a 1387 16777216 65536
a 1388 16777216 65536
a 1389 16777216 65536
a 1390 16777216 65536
a 1391 16777216 65536
a 1392 2097152 65536
f 1384
a 1393 8388608 65536
f 1371
a 1394 16777216 65536
a 1395 16777216 65536
f 1345
a 1396 4194304 65536
f 1394
a 1397 16777216 65536
f 1393
a 1398 8388608 65536
f 1375
a 1399 2097152 65536
c churn-700
f 1358
a 1400 4194304 65536
f 1392
f 1350
f 1397
f 1352
f 1353
a 1401 16777216 65536
a 1402 16777216 65536
a 1403 16777216 65536
a 1404 8388608 65536
f 1401
f 1402
f 1403
f 1404
a 1405 16777216 65536
a 1406 16777216 65536
a 1407 16777216 65536
a 1408 8388608 65536
f 1395
a 1409 16777216 65536
f 1405
f 1406
f 1407
f 1408
a 1410 16777216 65536
a 1411 16777216 65536
a 1412 16777216 65536
a 1413 8388608 65536
f 1400
a 1414 4194304 65536
f 1398
a 1415 8388608 65536
f 1415
a 1416 8388608 65536
a 1417 16777216 65536
f 1396
a 1418 4194304 65536
f 1416
a 1419 8388608 65536
f 1412
a 1420 4194304 65536
f 1385
f 1386
f 1387
f 1388
f 1389
f 1390
f 1391
f 1399
a 1421 16777216 65536
a 1422 16777216 65536
a 1423 16777216 65536
a 1424 16777216 65536
a 1425 8388608 65536
f 1420
a 1426 4194304 65536
f 1414
f 1418
a 1427 4194304 65536
a 1428 16777216 65536
f 1373
f 1409
a 1429 16777216 65536
f 1419
a 1430 8388608 65536
a 1431 8388608 65536
f 1374
a 1432 16777216 65536
f 1429
f 1428
f 1431
a 1433 16777216 65536
a 1434 8388608 65536
f 1426
a 1435 4194304 65536
f 1427
a 1436 4194304 65536
a 1437 8388608 65536
f 1430
f 1433
f 1434
a 1438 16777216 65536
a 1439 8388608 65536
a 1440 16777216 65536
f 1435
a 1441 4194304 65536
f 1423
f 1432
a 1442 16777216 65536
a 1443 16777216 65536
f 1440
f 1421
f 1422
f 1443
f 1424
f 1425
a 1444 16777216 65536
a 1445 16777216 65536
a 1446 16777216 65536
a 1447 16777216 65536
a 1448 8388608 65536
f 1442
a 1449 16777216 65536
a 1450 4194304 65536
f 1441
a 1451 4194304 65536
f 1444
f 1445
f 1446
f 1447
f 1448
a 1452 16777216 65536
a 1453 16777216 65536
a 1454 16777216 65536
a 1455 16777216 65536
a 1456 8388608 65536
f 1436
f 1450
a 1457 4194304 65536
a 1458 16777216 65536
f 1455
f 1451
a 1459 4194304 65536
a 1460 16777216 65536
f 1458
f 1449
a 1461 16777216 65536
a 1462 8388608 65536
f 1438
f 1439
a 1463 16777216 65536
a 1464 8388608 65536
f 1463
f 1464
a 1465 16777216 65536
a 1466 8388608 65536
f 1413
f 1465
f 1466
a 1467 16777216 65536
a 1468 8388608 65536
f 1459
a 1469 4194304 65536
f 1461
a 1470 16777216 65536
f 1437
a 1471 8388608 65536
a 1472 16777216 65536
f 1410
f 1411
f 1417
f 1462
a 1473 16777216 65536
a 1474 16777216 65536
a 1475 16777216 65536
a 1476 8388608 65536
f 1452
f 1471
a 1477 8388608 65536
f 1477
a 1478 8388608 65536
f 1467
f 1468
a 1479 16777216 65536
a 1480 8388608 65536
f 1478
a 1481 8388608 65536
f 1472
f 1453
f 1454
f 1460
f 1456
a 1482 16777216 65536
a 1483 16777216 65536
a 1484 16777216 65536
a 1485 16777216 65536
a 1486 8388608 65536
f 1457
a 1487 4194304 65536
a 1488 16777216 65536
f 1481
a 1489 8388608 65536
f 1470
f 1469
a 1490 4194304 65536
f 1487
a 1491 4194304 65536
f 1489
a 1492 8388608 65536
f 1482
f 1483
f 1484
f 1485
f 1486
a 1493 16777216 65536
a 1494 16777216 65536
a 1495 16777216 65536
a 1496 16777216 65536
a 1497 8388608 65536
f 1491
a 1498 4194304 65536
f 1498
a 1499 4194304 65536
f 1479
f 1480
a 1500 16777216 65536
a 1501 8388608 65536
a 1502 16777216 65536
f 1490
a 1503 4194304 65536
f 1496
a 1504 16777216 65536
f 1488
a 1505 16777216 65536
f 1502
a 1506 16777216 65536
f 1494
f 1500
f 1501
a 1507 16777216 65536
a 1508 8388608 65536
f 1493
f 1506
f 1495
f 1504
f 1497
a 1509 16777216 65536
a 1510 16777216 65536
a 1511 16777216 65536
a 1512 16777216 65536
a 1513 16777216 65536
a 1514 16777216 65536
a 1515 16777216 65536
a 1516 2097152 65536
a 1517 2097152 65536
a 1518 8388608 65536
f 1516
f 1476
f 1503
a 1519 4194304 65536
f 1509
f 1510
f 1511
f 1512
f 1513
f 1514
f 1515
f 1517
a 1520 16777216 65536
a 1521 16777216 65536
a 1522 16777216 65536
a 1523 16777216 65536
a 1524 16777216 65536
a 1525 16777216 65536
a 1526 16777216 65536
a 1527 2097152 65536
f 1519
a 1528 4194304 65536
a 1529 16777216 65536
f 1473
f 1529
f 1474
f 1475
f 1518
a 1530 16777216 65536
a 1531 16777216 65536
a 1532 16777216 65536
a 1533 8388608 65536
a 1534 8388608 65536
f 1528
a 1535 4194304 65536
f 1492
a 1536 4194304 65536
f 1534
a 1537 8388608 65536
f 1499
f 1536
a 1538 4194304 65536
f 1505
a 1539 16777216 65536
f 1539
a 1540 16777216 65536
f 1530
f 1531
f 1532
f 1533
a 1541 16777216 65536
a 1542 16777216 65536
a 1543 16777216 65536
a 1544 8388608 65536
f 1541
f 1542
f 1543
f 1544
a 1545 16777216 65536
a 1546 16777216 65536
a 1547 16777216 65536
a 1548 8388608 65536
f 1540
a 1549 16777216 65536
f 1535
a 1550 4194304 65536
a 1551 16777216 65536
f 1538
a 1552 4194304 65536
f 1507
f 1520
f 1521
f 1522
f 1523
f 1524
f 1525
f 1526
f 1527
a 1553 16777216 65536
a 1554 16777216 65536
a 1555 16777216 65536
a 1556 16777216 65536
a 1557 8388608 65536
f 1553
f 1554
f 1555
f 1556
f 1557
a 1558 16777216 65536
a 1559 16777216 65536
a 1560 16777216 65536
a 1561 16777216 65536
a 1562 16777216 65536
a 1563 16777216 65536
a 1564 16777216 65536
a 1565 2097152 65536
a 1566 16777216 65536
f 1545
f 1546
f 1547
f 1548
a 1567 16777216 65536
a 1568 16777216 65536
a 1569 16777216 65536
a 1570 8388608 65536
f 1552
a 1571 4194304 65536
f 1562
f 1550
a 1572 4194304 65536
f 1551
f 1508
a 1573 16777216 65536
a 1574 8388608 65536
a 1575 2097152 65536
f 1565
f 1571
a 1576 4194304 65536
f 1549
a 1577 16777216 65536
c churn-800
f 1558
f 1559
f 1560
f 1561
f 1566
f 1563
f 1564
f 1575
a 1578 16777216 65536
a 1579 16777216 65536
a 1580 16777216 65536
a 1581 16777216 65536
a 1582 8388608 65536
f 1572
a 1583 4194304 65536
f 1577
a 1584 16777216 65536
a 1585 16777216 65536
f 1576
a 1586 4194304 65536
f 1567
a 1587 16777216 65536
f 1578
a 1588 8388608 65536
f 1585
f 1568
f 1569
f 1588
a 1589 16777216 65536
a 1590 16777216 65536
a 1591 16777216 65536
a 1592 8388608 65536
f 1583
a 1593 4194304 65536
f 1570
a 1594 16777216 65536
f 1589
f 1590
f 1591
f 1592
a 1595 16777216 65536
a 1596 16777216 65536
a 1597 16777216 65536
a 1598 8388608 65536
a 1599 8388608 65536
f 1581
f 1582
f 1595
f 1596
f 1597
f 1598
a 1600 16777216 65536
a 1601 16777216 65536
a 1602 16777216 65536
a 1603 8388608 65536
f 1584
a 1604 16777216 65536
f 1593
a 1605 4194304 65536
f 1586
a 1606 4194304 65536
a 1607 16777216 65536
a 1608 16777216 65536
f 1606
a 1609 4194304 65536
f 1579
f 1602
f 1609
a 1610 4194304 65536
f 1604
a 1611 16777216 65536
f 1605
a 1612 4194304 65536
a 1613 16777216 65536
a 1614 16777216 65536
f 1601
f 1587
a 1615 8388608 65536
f 1537
f 1610
a 1616 4194304 65536
f 1611
a 1617 16777216 65536
f 1612
a 1618 4194304 65536
f 1573
f 1574
a 1619 16777216 65536
a 1620 8388608 65536
a 1621 16777216 65536
f 1607
f 1615
a 1622 8388608 65536
f 1622
a 1623 8388608 65536
f 1618
a 1624 4194304 65536
f 1600
f 1613
f 1608
f 1603
a 1625 16777216 65536
a 1626 16777216 65536
a 1627 16777216 65536
a 1628 8388608 65536
f 1616
a 1629 4194304 65536
f 1629
a 1630 4194304 65536
f 1623
a 1631 8388608 65536
f 1624
a 1632 4194304 65536
a 1633 16777216 65536
f 1614
f 1621
f 1580
f 1594
f 1599
a 1634 16777216 65536
a 1635 16777216 65536
a 1636 16777216 65536
a 1637 16777216 65536
a 1638 16777216 65536
a 1639 16777216 65536
a 1640 16777216 65536
a 1641 2097152 65536
f 1633
f 1620
a 1642 16777216 65536
a 1643 8388608 65536
f 1619
f 1634
f 1635
f 1636
f 1637
f 1638
f 1639
f 1640
f 1641
a 1644 16777216 65536
a 1645 16777216 65536
a 1646 16777216 65536
a 1647 16777216 65536
a 1648 8388608 65536
a 1649 16777216 65536
f 1632
a 1650 4194304 65536
f 1627
a 1651 8388608 65536
f 1650
a 1652 4194304 65536
f 1631
f 1625
f 1626
f 1649
f 1628
a 1653 16777216 65536
a 1654 16777216 65536
a 1655 16777216 65536
a 1656 8388608 65536
f 1653
f 1654
f 1655
f 1656
a 1657 16777216 65536
a 1658 16777216 65536
a 1659 16777216 65536
a 1660 8388608 65536
f 1657
f 1658
f 1659
f 1660
a 1661 16777216 65536
a 1662 16777216 65536
a 1663 16777216 65536
a 1664 8388608 65536
f 1617
a 1665 16777216 65536
f 1644
f 1645
f 1646
f 1647
f 1648
a 1666 16777216 65536
a 1667 16777216 65536
a 1668 16777216 65536
a 1669 16777216 65536
a 1670 8388608 65536
f 1665
a 1671 16777216 65536
f 1630
a 1672 4194304 65536
f 1652
a 1673 4194304 65536
f 1666
f 1667
f 1668
f 1669
f 1670
a 1674 16777216 65536
a 1675 16777216 65536
a 1676 16777216 65536
a 1677 16777216 65536
a 1678 16777216 65536
a 1679 16777216 65536
a 1680 16777216 65536
a 1681 2097152 65536
a 1682 4194304 65536
a 1683 16777216 65536
f 1642
f 1643
a 1684 16777216 65536
a 1685 8388608 65536
f 1673
a 1686 16777216 65536
f 1675
a 1687 16777216 65536
f 1661
f 1662
f 1663
f 1664
a 1688 16777216 65536
a 1689 16777216 65536
a 1690 16777216 65536
a 1691 8388608 65536
f 1678
f 1677
a 1692 16777216 65536
f 1676
f 1651
a 1693 8388608 65536
f 1671
a 1694 16777216 65536
a 1695 16777216 65536
a 1696 8388608 65536
f 1682
a 1697 4194304 65536
f 1679
f 1691
f 1693
a 1698 8388608 65536
f 1694
a 1699 16777216 65536
f 1672
a 1700 4194304 65536
f 1684
f 1685
a 1701 16777216 65536
a 1702 8388608 65536
f 1700
a 1703 4194304 65536
f 1674
f 1683
f 1692
f 1687
f 1686
f 1695
f 1680
f 1681
a 1704 16777216 65536
a 1705 16777216 65536
a 1706 16777216 65536
a 1707 16777216 65536
a 1708 16777216 65536
a 1709 16777216 65536
a 1710 16777216 65536
a 1711 2097152 65536
f 1698
a 1712 8388608 65536
a 1713 2097152 65536
f 1711
f 1688
f 1689
f 1690
f 1696
a 1714 16777216 65536
a 1715 16777216 65536
a 1716 16777216 65536
a 1717 8388608 65536
a 1718 16777216 65536
f 1712
a 1719 8388608 65536
a 1720 4194304 65536
f 1714
f 1704
f 1705
f 1706
f 1707
f 1708
f 1709
f 1710
f 1713
a 1721 16777216 65536
a 1722 16777216 65536
a 1723 16777216 65536
a 1724 16777216 65536
a 1725 16777216 65536
a 1726 16777216 65536
a 1727 16777216 65536
a 1728 2097152 65536
f 1703
f 1701
f 1702
a 1729 16777216 65536
a 1730 8388608 65536
f 1697
a 1731 4194304 65536
f 1699
a 1732 16777216 65536
f 1719
a 1733 8388608 65536
a 1734 8388608 65536
f 1720
a 1735 4194304 65536
f 1732
a 1736 16777216 65536
f 1733
f 1729
f 1730
a 1737 16777216 65536
a 1738 8388608 65536
f 1735
a 1739 4194304 65536
f 1718
f 1715
f 1716
f 1717
a 1740 16777216 65536
a 1741 16777216 65536
a 1742 16777216 65536
a 1743 8388608 65536
f 1734
a 1744 8388608 65536
f 1739
a 1745 4194304 65536
a 1746 16777216 65536
f 1746
a 1747 16777216 65536
f 1736
a 1748 16777216 65536
f 1745
a 1749 4194304 65536
a 1750 16777216 65536
f 1721
f 1742
f 1747
a 1751 16777216 65536
f 1737
f 1738
a 1752 16777216 65536
a 1753 8388608 65536
f 1740
f 1741
f 1750
f 1743
a 1754 16777216 65536
a 1755 16777216 65536
a 1756 16777216 65536
a 1757 8388608 65536
c churn-900
f 1754
f 1755
f 1756
f 1757
a 1758 16777216 65536
a 1759 16777216 65536
a 1760 16777216 65536
a 1761 8388608 65536
a 1762 16777216 65536
f 1751
a 1763 16777216 65536
f 1762
f 1722
f 1723
f 1724
f 1725
f 1726
f 1727
f 1728
a 1764 16777216 65536
a 1765 16777216 65536
a 1766 16777216 65536
a 1767 16777216 65536
a 1768 16777216 65536
a 1769 16777216 65536
a 1770 16777216 65536
a 1771 2097152 65536
f 1748
f 1749
a 1772 4194304 65536
f 1758
f 1759
f 1760
f 1761
a 1773 16777216 65536
a 1774 16777216 65536
a 1775 16777216 65536
a 1776 8388608 65536
a 1777 16777216 65536
f 1775
a 1778 4194304 65536
f 1752
f 1753
a 1779 16777216 65536
a 1780 8388608 65536
a 1781 2097152 65536
f 1731
f 1773
f 1774
f 1777
f 1776
a 1782 16777216 65536
a 1783 16777216 65536
a 1784 16777216 65536
a 1785 8388608 65536
f 1763
a 1786 16777216 65536
f 1771
f 1772
a 1787 4194304 65536
a 1788 16777216 65536
f 1782
f 1783
f 1784
f 1785
a 1789 16777216 65536
a 1790 16777216 65536
a 1791 16777216 65536
a 1792 8388608 65536
f 1764
f 1787
a 1793 4194304 65536
f 1793
a 1794 4194304 65536
f 1779
f 1780
a 1795 16777216 65536
a 1796 8388608 65536
f 1778
a 1797 4194304 65536
f 1786
a 1798 16777216 65536
f 1794
a 1799 4194304 65536
a 1800 16777216 65536
f 1789
f 1790
f 1791
f 1792
a 1801 16777216 65536
a 1802 16777216 65536
a 1803 16777216 65536
a 1804 8388608 65536
f 1788
f 1765
f 1766
f 1767
f 1800
f 1769
f 1770
f 1781
a 1805 16777216 65536
a 1806 16777216 65536
a 1807 16777216 65536
a 1808 16777216 65536
a 1809 16777216 65536
a 1810 16777216 65536
a 1811 16777216 65536
a 1812 2097152 65536
f 1768
a 1813 4194304 65536
a 1814 8388608 65536
f 1795
f 1796
a 1815 16777216 65536
a 1816 8388608 65536
f 1799
f 1744
f 1801
f 1802
f 1803
f 1804
a 1817 16777216 65536
a 1818 16777216 65536
a 1819 16777216 65536
a 1820 8388608 65536
f 1805
f 1806
f 1807
f 1808
f 1809
f 1810
f 1811
f 1812
a 1821 16777216 65536
a 1822 16777216 65536
a 1823 16777216 65536
a 1824 16777216 65536
a 1825 16777216 65536
a 1826 16777216 65536
a 1827 16777216 65536
a 1828 2097152 65536
f 1798
a 1829 16777216 65536
f 1817
f 1818
f 1819
f 1820
a 1830 16777216 65536
a 1831 16777216 65536
a 1832 16777216 65536
a 1833 8388608 65536
f 1813
a 1834 4194304 65536
f 1821
f 1822
f 1823
f 1824
f 1825
f 1826
f 1827
f 1828
a 1835 16777216 65536
a 1836 16777216 65536
a 1837 16777216 65536
a 1838 16777216 65536
a 1839 16777216 65536
a 1840 16777216 65536
a 1841 16777216 65536
a 1842 2097152 65536
a 1843 16777216 65536
f 1797
a 1844 4194304 65536
f 1835
f 1829
a 1845 16777216 65536
f 1815
f 1816
a 1846 16777216 65536
a 1847 8388608 65536
f 1846
f 1847
a 1848 16777216 65536
a 1849 8388608 65536
f 1834
a 1850 4194304 65536
f 1848
f 1849
a 1851 16777216 65536
a 1852 8388608 65536
a 1853 16777216 65536
f 1851
f 1852
a 1854 16777216 65536
a 1855 8388608 65536
a 1856 8388608 65536
f 1839
f 1844
a 1857 4194304 65536
f 1814
f 1843
f 1836
f 1837
f 1838
f 1853
f 1840
f 1841
f 1842
a 1858 16777216 65536
a 1859 16777216 65536
a 1860 16777216 65536
a 1861 16777216 65536
a 1862 8388608 65536
f 1850
a 1863 4194304 65536
f 1856
a 1864 8388608 65536
f 1854
f 1855
a 1865 16777216 65536
a 1866 8388608 65536
f 1864
a 1867 8388608 65536
a 1868 16777216 65536
a 1869 4194304 65536
f 1869
a 1870 4194304 65536
f 1860
f 1857
f 1830
f 1831
f 1832
f 1833
a 1871 16777216 65536
a 1872 16777216 65536
a 1873 16777216 65536
a 1874 8388608 65536
a 1875 16777216 65536
f 1861
f 1871
f 1872
f 1873
f 1874
a 1876 16777216 65536
a 1877 16777216 65536
a 1878 16777216 65536
a 1879 8388608 65536
a 1880 16777216 65536
f 1876
f 1880
f 1877
f 1878
f 1879
a 1881 16777216 65536
a 1882 16777216 65536
a 1883 16777216 65536
a 1884 8388608 65536
f 1867
a 1885 8388608 65536
f 1870
a 1886 4194304 65536
f 1865
f 1866
a 1887 16777216 65536
a 1888 8388608 65536
f 1858
f 1859
f 1868
f 1875
f 1862
a 1889 16777216 65536
a 1890 16777216 65536
a 1891 16777216 65536
a 1892 16777216 65536
a 1893 16777216 65536
a 1894 16777216 65536
a 1895 16777216 65536
a 1896 2097152 65536
f 1889
f 1890
f 1891
f 1892
f 1893
f 1894
f 1895
f 1896
a 1897 16777216 65536
a 1898 16777216 65536
a 1899 16777216 65536
a 1900 16777216 65536
a 1901 16777216 65536
a 1902 16777216 65536
a 1903 16777216 65536
a 1904 2097152 65536
f 1897
f 1898
f 1899
f 1900
f 1901
f 1902
f 1903
f 1904
a 1905 16777216 65536
a 1906 16777216 65536
a 1907 16777216 65536
a 1908 16777216 65536
a 1909 16777216 65536
a 1910 16777216 65536
a 1911 16777216 65536
a 1912 2097152 65536
a 1913 16777216 65536
a 1914 16777216 65536
f 1881
f 1845
f 1913
f 1882
f 1883
f 1884
a 1915 16777216 65536
a 1916 16777216 65536
a 1917 16777216 65536
a 1918 8388608 65536
a 1919 16777216 65536
f 1915
f 1916
f 1917
f 1918
a 1920 16777216 65536
a 1921 16777216 65536
a 1922 16777216 65536
a 1923 8388608 65536
a 1924 8388608 65536
f 1906
f 1914
a 1925 16777216 65536
f 1885
f 1863
a 1926 4194304 65536
f 1887
f 1888
a 1927 16777216 65536
a 1928 8388608 65536
f 1927
f 1928
a 1929 16777216 65536
a 1930 8388608 65536
f 1886
a 1931 4194304 65536
f 1905
f 1919
f 1907
f 1908
f 1909
f 1910
f 1911
f 1912
a 1932 16777216 65536
a 1933 16777216 65536
a 1934 16777216 65536
a 1935 16777216 65536
a 1936 8388608 65536
a 1937 16777216 65536
a 1938 8388608 65536
f 1925
f 1920
f 1921
f 1922
f 1923
a 1939 16777216 65536
a 1940 16777216 65536
a 1941 16777216 65536
a 1942 8388608 65536
f 1937
a 1943 16777216 65536
f 1930
f 1939
f 1940
f 1941
f 1942
a 1944 16777216 65536
a 1945 16777216 65536
a 1946 16777216 65536
a 1947 8388608 65536
f 1931
a 1948 4194304 65536
f 1944
f 1945
f 1946
f 1947
a 1949 16777216 65536
a 1950 16777216 65536
a 1951 16777216 65536
a 1952 8388608 65536
f 1932
f 1933
f 1934
f 1935
f 1936
a 1953 16777216 65536
a 1954 16777216 65536
a 1955 16777216 65536
a 1956 16777216 65536
a 1957 16777216 65536
a 1958 16777216 65536
a 1959 16777216 65536
a 1960 2097152 65536
f 1929
f 1938
a 1961 16777216 65536
a 1962 8388608 65536
a 1963 8388608 65536
f 1952
f 1961
f 1962
a 1964 16777216 65536
a 1965 8388608 65536
f 1964
f 1965
a 1966 16777216 65536
a 1967 8388608 65536
a 1968 4194304 65536
f 1924
a 1969 8388608 65536
a 1970 16777216 65536
f 1926
f 1948
a 1971 4194304 65536
f 1957
a 1972 16777216 65536
f 1943
a 1973 16777216 65536
a 1974 2097152 65536
f 1970
f 1969
a 1975 8388608 65536
f 1960
f 1973
a 1976 16777216 65536
f 1976
a 1977 16777216 65536
f 1971
a 1978 4194304 65536
f 1975
a 1979 8388608 65536
f 1966
f 1967
a 1980 16777216 65536
a 1981 8388608 65536
c churn-1000
f 1978
a 1982 4194304 65536
f 1980
f 1981
a 1983 16777216 65536
a 1984 8388608 65536
a 1985 16777216 65536
f 1977
f 1983
f 1984
a 1986 16777216 65536
a 1987 8388608 65536
f 1968
a 1988 4194304 65536
f 1949
f 1950
f 1951
f 1963
a 1989 16777216 65536
a 1990 16777216 65536
a 1991 16777216 65536
a 1992 8388608 65536
f 1979
a 1993 8388608 65536
f 1953
f 1954
f 1955
f 1956
f 1972
f 1958
f 1959
f 1974
a 1994 16777216 65536
a 1995 16777216 65536
a 1996 16777216 65536
a 1997 16777216 65536
a 1998 16777216 65536
a 1999 16777216 65536
a 2000 16777216 65536
a 2001 2097152 65536
a 2002 16777216 65536
f 2002
f 1995
f 1996
f 1997
f 1998
f 1999
f 2000
f 2001
a 2003 16777216 65536
a 2004 16777216 65536
a 2005 16777216 65536
a 2006 16777216 65536
a 2007 16777216 65536
a 2008 16777216 65536
a 2009 16777216 65536
a 2010 2097152 65536
f 1994
f 1993
a 2011 8388608 65536
f 1988
a 2012 4194304 65536
a 2013 16777216 65536
f 2007
f 1989
f 1990
f 1991
f 1992
a 2014 16777216 65536
a 2015 16777216 65536
a 2016 16777216 65536
a 2017 8388608 65536
f 1985
a 2018 16777216 65536
a 2019 16777216 65536
f 2003
f 2004
f 2005
f 2006
f 2019
f 2008
f 2009
f 2010
a 2020 16777216 65536
a 2021 16777216 65536
a 2022 16777216 65536
a 2023 16777216 65536
a 2024 16777216 65536
a 2025 16777216 65536
a 2026 16777216 65536
a 2027 2097152 65536
f 2013
f 2018
a 2028 16777216 65536
a 2029 16777216 65536
f 2020
f 2021
f 2022
f 2023
f 2029
f 2025
f 2026
f 2027
a 2030 16777216 65536
a 2031 16777216 65536
a 2032 16777216 65536
a 2033 16777216 65536
a 2034 16777216 65536
a 2035 16777216 65536
a 2036 16777216 65536
a 2037 2097152 65536
f 2024
f 2011
a 2038 8388608 65536
a 2039 16777216 65536
f 2014
f 2015
f 2016
f 2017
a 2040 16777216 65536
a 2041 16777216 65536
a 2042 16777216 65536
a 2043 8388608 65536
f 2033
a 2044 16777216 65536
a 2045 8388608 65536
f 2028
f 1986
f 2045
a 2046 16777216 65536
a 2047 8388608 65536
f 1987
f 2038
a 2048 8388608 65536
f 2044
a 2049 16777216 65536
f 1982
a 2050 4194304 65536
a 2051 16777216 65536
f 2046
f 2047
a 2052 16777216 65536
a 2053 8388608 65536
f 2034
f 2048
a 2054 8388608 65536
a 2055 4194304 65536
a 2056 4194304 65536
f 2055
a 2057 4194304 65536
f 2050
a 2058 16777216 65536
f 2012
f 2030
f 2056
a 2059 4194304 65536
f 2054
a 2060 8388608 65536
f 2049
a 2061 16777216 65536
f 2061
a 2062 16777216 65536
a 2063 8388608 65536
a 2064 16777216 65536
f 2062
a 2065 16777216 65536
f 2053
f 2058
f 2031
f 2032
f 2039
f 2051
f 2035
f 2036
f 2037
a 2066 16777216 65536
a 2067 16777216 65536
a 2068 16777216 65536
a 2069 16777216 65536
a 2070 16777216 65536
a 2071 16777216 65536
a 2072 16777216 65536
a 2073 2097152 65536
f 2041
f 2040
f 2064
f 2042
f 2043
a 2074 16777216 65536
a 2075 16777216 65536
a 2076 16777216 65536
a 2077 8388608 65536
f 2057
a 2078 4194304 65536
f 2066
f 2067
f 2068
f 2069
f 2070
f 2071
f 2072
f 2073
a 2079 16777216 65536
a 2080 16777216 65536
a 2081 16777216 65536
a 2082 16777216 65536
a 2083 16777216 65536
a 2084 16777216 65536
a 2085 16777216 65536
a 2086 2097152 65536
f 2078
a 2087 4194304 65536
a 2088 16777216 65536
f 2079
f 2065
a 2089 16777216 65536
f 2060
a 2090 8388608 65536
f 2088
f 2080
f 2081
f 2082
f 2083
f 2084
f 2085
f 2086
a 2091 16777216 65536
a 2092 16777216 65536
a 2093 16777216 65536
a 2094 16777216 65536
a 2095 8388608 65536
f 2087
a 2096 4194304 65536
f 2089
a 2097 16777216 65536
f 2097
a 2098 16777216 65536
f 2091
f 2092
f 2093
f 2094
f 2095
a 2099 16777216 65536
a 2100 16777216 65536
a 2101 16777216 65536
a 2102 16777216 65536
a 2103 16777216 65536
a 2104 16777216 65536
a 2105 16777216 65536
a 2106 2097152 65536
f 2096
a 2107 4194304 65536
a 2108 16777216 65536
f 2098
a 2109 16777216 65536
f 2108
f 2075
f 2076
f 2077
a 2110 16777216 65536
a 2111 16777216 65536
a 2112 16777216 65536
a 2113 8388608 65536
f 2074
f 2099
f 2100
f 2101
f 2102
f 2103
f 2104
f 2105
f 2106
a 2114 16777216 65536
a 2115 16777216 65536
a 2116 16777216 65536
a 2117 16777216 65536
a 2118 16777216 65536
a 2119 16777216 65536
a 2120 16777216 65536
a 2121 2097152 65536
a 2122 8388608 65536
f 2063
a 2123 16777216 65536
a 2124 16777216 65536
f 2090
a 2125 8388608 65536
f 2114
f 2112
f 2059
a 2126 4194304 65536
a 2127 8388608 65536
a 2128 16777216 65536
f 2122
a 2129 2097152 65536
f 2118
f 2123
f 2115
f 2116
f 2117
f 2128
f 2119
f 2120
f 2129
a 2130 16777216 65536
a 2131 16777216 65536
a 2132 16777216 65536
a 2133 16777216 65536
a 2134 8388608 65536
f 2121
a 2135 16777216 65536
f 2124
f 2110
f 2111
f 2135
f 2113
a 2136 16777216 65536
a 2137 16777216 65536
a 2138 16777216 65536
a 2139 8388608 65536
f 2125
a 2140 8388608 65536
f 2130
f 2131
f 2132
f 2133
f 2134
a 2141 16777216 65536
a 2142 16777216 65536
a 2143 16777216 65536
a 2144 16777216 65536
a 2145 16777216 65536
a 2146 16777216 65536
a 2147 16777216 65536
a 2148 2097152 65536
f 2109
a 2149 16777216 65536
f 2140
a 2150 8388608 65536
a 2151 4194304 65536
f 2107
f 2052
f 2127
a 2152 16777216 65536
a 2153 8388608 65536
f 2141
f 2142
f 2143
f 2144
f 2145
f 2146
f 2147
f 2148
a 2154 16777216 65536
a 2155 16777216 65536
a 2156 16777216 65536
a 2157 16777216 65536
a 2158 8388608 65536
a 2159 16777216 65536
f 2154
f 2155
f 2156
f 2159
f 2158
a 2160 16777216 65536
a 2161 16777216 65536
a 2162 16777216 65536
a 2163 16777216 65536
a 2164 8388608 65536
f 2157
f 2160
f 2161
f 2162
f 2163
f 2164
a 2165 16777216 65536
a 2166 16777216 65536
a 2167 16777216 65536
a 2168 16777216 65536
a 2169 8388608 65536
a 2170 8388608 65536
f 2153
f 2151
a 2171 4194304 65536
f 2150
a 2172 8388608 65536
f 2152
f 2170
a 2173 16777216 65536
a 2174 8388608 65536
f 2136
f 2137
f 2138
f 2139
a 2175 16777216 65536
a 2176 16777216 65536
a 2177 16777216 65536
a 2178 8388608 65536
f 2149
a 2179 16777216 65536
f 2172
a 2180 8388608 65536
a 2181 16777216 65536
f 2180
a 2182 8388608 65536
f 2175
f 2165
f 2166
f 2167
f 2168
f 2169
a 2183 16777216 65536
a 2184 16777216 65536
a 2185 16777216 65536
a 2186 16777216 65536
a 2187 8388608 65536
a 2188 8388608 65536
f 2187
f 2126
a 2189 4194304 65536
f 2182
a 2190 8388608 65536
a 2191 16777216 65536
f 2179
a 2192 16777216 65536
f 2173
f 2174
a 2193 16777216 65536
a 2194 8388608 65536
f 2184
a 2195 16777216 65536
f 2195
f 2191
f 2185
f 2186
f 2188
a 2196 16777216 65536
a 2197 16777216 65536
a 2198 16777216 65536
a 2199 16777216 65536
a 2200 16777216 65536
a 2201 16777216 65536
a 2202 16777216 65536
a 2203 2097152 65536
c churn-1100
f 2183
f 2189
a 2204 4194304 65536
f 2193
f 2194
a 2205 16777216 65536
a 2206 8388608 65536
f 2190
a 2207 8388608 65536
a 2208 8388608 65536
f 2192
a 2209 16777216 65536
f 2206
f 2181
f 2176
f 2177
f 2178
a 2210 16777216 65536
a 2211 16777216 65536
a 2212 16777216 65536
a 2213 8388608 65536
f 2210
f 2211
f 2212
f 2213
a 2214 16777216 65536
a 2215 16777216 65536
a 2216 16777216 65536
a 2217 8388608 65536
f 2171
a 2218 4194304 65536
f 2196
f 2197
f 2198
f 2199
f 2200
f 2201
f 2202
f 2203
a 2219 16777216 65536
a 2220 16777216 65536
a 2221 16777216 65536
a 2222 16777216 65536
a 2223 8388608 65536
f 2209
a 2224 16777216 65536
f 2219
f 2220
f 2221
f 2222
f 2223
a 2225 16777216 65536
a 2226 16777216 65536
a 2227 16777216 65536
a 2228 16777216 65536
a 2229 8388608 65536
f 2207
a 2230 8388608 65536
f 2218
a 2231 4194304 65536
f 2225
f 2226
f 2227
f 2228
f 2229
a 2232 16777216 65536
a 2233 16777216 65536
a 2234 16777216 65536
a 2235 16777216 65536
a 2236 8388608 65536
f 2232
f 2233
f 2234
f 2235
f 2236
a 2237 16777216 65536
a 2238 16777216 65536
a 2239 16777216 65536
a 2240 16777216 65536
a 2241 16777216 65536
a 2242 16777216 65536
a 2243 16777216 65536
a 2244 2097152 65536
a 2245 16777216 65536
f 2237
f 2238
f 2239
f 2240
f 2241
f 2242
f 2243
f 2244
a 2246 16777216 65536
a 2247 16777216 65536
a 2248 16777216 65536
a 2249 16777216 65536
a 2250 16777216 65536
a 2251 16777216 65536
a 2252 16777216 65536
a 2253 2097152 65536
f 2224
a 2254 16777216 65536
f 2216
a 2255 16777216 65536
a 2256 16777216 65536
f 2245
f 2246
f 2247
f 2248
f 2249
f 2250
f 2251
f 2256
f 2253
a 2257 16777216 65536
a 2258 16777216 65536
a 2259 16777216 65536
a 2260 16777216 65536
a 2261 16777216 65536
a 2262 16777216 65536
a 2263 16777216 65536
a 2264 2097152 65536
f 2204
a 2265 4194304 65536
f 2252
a 2266 16777216 65536
f 2215
f 2205
f 2208
a 2267 16777216 65536
a 2268 8388608 65536
f 2265
a 2269 4194304 65536
f 2257
f 2258
f 2259
f 2260
f 2261
f 2262
f 2263
f 2264
a 2270 16777216 65536
a 2271 16777216 65536
a 2272 16777216 65536
a 2273 16777216 65536
a 2274 8388608 65536
a 2275 8388608 65536
f 2230
a 2276 8388608 65536
f 2217
a 2277 4194304 65536
a 2278 16777216 65536
f 2254
f 2270
f 2271
f 2272
f 2273
f 2274
a 2279 16777216 65536
a 2280 16777216 65536
a 2281 16777216 65536
a 2282 16777216 65536
a 2283 8388608 65536
f 2269
f 2275
a 2284 8388608 65536
a 2285 4194304 65536
f 2231
f 2267
f 2268
a 2286 16777216 65536
a 2287 8388608 65536
f 2279
f 2280
f 2281
f 2282
f 2283
a 2288 16777216 65536
a 2289 16777216 65536
a 2290 16777216 65536
a 2291 16777216 65536
a 2292 16777216 65536
a 2293 16777216 65536
a 2294 16777216 65536
a 2295 2097152 65536
a 2296 16777216 65536
f 2278
a 2297 16777216 65536
f 2292
a 2298 16777216 65536
f 2284
a 2299 8388608 65536
f 2288
a 2300 16777216 65536
f 2214
f 2266
f 2255
f 2276
a 2301 16777216 65536
a 2302 16777216 65536
a 2303 16777216 65536
a 2304 8388608 65536
f 2300
f 2289
f 2290
f 2291
f 2296
f 2293
f 2294
f 2295
a 2305 16777216 65536
a 2306 16777216 65536
a 2307 16777216 65536
a 2308 16777216 65536
a 2309 8388608 65536
f 2298
f 2305
f 2306
f 2307
f 2308
f 2309
a 2310 16777216 65536
a 2311 16777216 65536
a 2312 16777216 65536
a 2313 16777216 65536
a 2314 8388608 65536
f 2277
a 2315 4194304 65536
a 2316 8388608 65536
f 2314
f 2301
f 2302
f 2303
f 2304
a 2317 16777216 65536
a 2318 16777216 65536
a 2319 16777216 65536
a 2320 8388608 65536
f 2286
f 2287
a 2321 16777216 65536
a 2322 8388608 65536
a 2323 8388608 65536
a 2324 16777216 65536
a 2325 16777216 65536
f 2322
f 2311
a 2326 16777216 65536
f 2297
f 2321
a 2327 16777216 65536
f 2312
f 2315
a 2328 4194304 65536
f 2310
f 2325
f 2327
f 2313
f 2316
a 2329 16777216 65536
a 2330 16777216 65536
a 2331 16777216 65536
a 2332 16777216 65536
a 2333 8388608 65536
f 2326
f 2323
a 2334 16777216 65536
a 2335 8388608 65536
f 2324
a 2336 16777216 65536
a 2337 16777216 65536
f 2334
f 2329
f 2330
f 2331
f 2332
f 2333
a 2338 16777216 65536
a 2339 16777216 65536
a 2340 16777216 65536
a 2341 16777216 65536
a 2342 16777216 65536
a 2343 16777216 65536
a 2344 16777216 65536
a 2345 2097152 65536
f 2317
f 2318
f 2319
f 2320
a 2346 16777216 65536
a 2347 16777216 65536
a 2348 16777216 65536
a 2349 8388608 65536
f 2338
f 2339
f 2340
f 2341
f 2342
f 2343
f 2344
f 2345
a 2350 16777216 65536
a 2351 16777216 65536
a 2352 16777216 65536
a 2353 16777216 65536
a 2354 8388608 65536
f 2285
a 2355 4194304 65536
a 2356 16777216 65536
f 2350
a 2357 16777216 65536
f 2352
f 2299
a 2358 8388608 65536
f 2356
f 2351
f 2357
f 2353
f 2354
a 2359 16777216 65536
a 2360 16777216 65536
a 2361 16777216 65536
a 2362 16777216 65536
a 2363 16777216 65536
a 2364 16777216 65536
a 2365 16777216 65536
a 2366 2097152 65536
f 2359
f 2360
f 2361
f 2362
f 2363
f 2364
f 2365
f 2366
a 2367 16777216 65536
a 2368 16777216 65536
a 2369 16777216 65536
a 2370 16777216 65536
a 2371 8388608 65536
f 2346
f 2347
f 2348
f 2349
a 2372 16777216 65536
a 2373 16777216 65536
a 2374 16777216 65536
a 2375 8388608 65536
a 2376 16777216 65536
f 2355
a 2377 4194304 65536
a 2378 16777216 65536
f 2368
f 2337
f 2335
a 2379 16777216 65536
a 2380 8388608 65536
f 2379
f 2380
a 2381 16777216 65536
a 2382 8388608 65536
f 2376
f 2328
a 2383 4194304 65536
f 2372
f 2373
f 2374
f 2375
a 2384 16777216 65536
a 2385 16777216 65536
a 2386 16777216 65536
a 2387 8388608 65536
a 2388 16777216 65536
f 2381
a 2389 4194304 65536
f 2388
f 2382
a 2390 16777216 65536
a 2391 8388608 65536
f 2377
f 2389
a 2392 4194304 65536
f 2367
f 2378
f 2369
f 2370
f 2371
a 2393 16777216 65536
a 2394 16777216 65536
a 2395 16777216 65536
a 2396 16777216 65536
a 2397 8388608 65536
f 2392
a 2398 4194304 65536
f 2384
f 2385
f 2386
f 2387
a 2399 16777216 65536
a 2400 16777216 65536
a 2401 16777216 65536
a 2402 8388608 65536
f 2336
a 2403 16777216 65536
f 2358
a 2404 8388608 65536
f 2398
a 2405 4194304 65536
f 2390
f 2391
a 2406 16777216 65536
a 2407 8388608 65536
f 2403
a 2408 16777216 65536
a 2409 8388608 65536
a 2410 8388608 65536
f 2402
f 2407
f 2406
f 2410
a 2411 16777216 65536
a 2412 8388608 65536
f 2408
a 2413 16777216 65536
f 2411
f 2412
a 2414 16777216 65536
a 2415 8388608 65536
f 2414
f 2415
a 2416 16777216 65536
a 2417 8388608 65536
f 2404
a 2418 8388608 65536
f 2383
a 2419 4194304 65536
f 2413
a 2420 16777216 65536
f 2399
f 2400
f 2401
f 2409
a 2421 16777216 65536
a 2422 16777216 65536
a 2423 16777216 65536
a 2424 8388608 65536
a 2425 16777216 65536
f 2416
f 2417
a 2426 16777216 65536
a 2427 8388608 65536
f 2420
f 2405
a 2428 4194304 65536
a 2429 16777216 65536
c churn-1200
f 2426
f 2427
a 2430 16777216 65536
a 2431 8388608 65536
f 2428
a 2432 4194304 65536
f 2396
f 2421
f 2422
f 2423
f 2424
a 2433 16777216 65536
a 2434 16777216 65536
a 2435 16777216 65536
a 2436 8388608 65536
f 2393
f 2394
f 2395
f 2429
f 2397
a 2437 16777216 65536
a 2438 16777216 65536
a 2439 16777216 65536
a 2440 16777216 65536
a 2441 16777216 65536
a 2442 16777216 65536
a 2443 16777216 65536
a 2444 2097152 65536
a 2445 16777216 65536
f 2441
a 2446 8388608 65536
f 2431
a 2447 16777216 65536
f 2445
f 2437
f 2438
f 2439
f 2440
f 2447
f 2442
f 2443
f 2444
a 2448 16777216 65536
a 2449 16777216 65536
a 2450 16777216 65536
a 2451 16777216 65536
a 2452 16777216 65536
a 2453 16777216 65536
a 2454 16777216 65536
a 2455 2097152 65536
a 2456 16777216 65536
f 2430
f 2446
a 2457 16777216 65536
a 2458 8388608 65536
f 2432
a 2459 4194304 65536
f 2448
a 2460 16777216 65536
a 2461 16777216 65536
f 2418
a 2462 8388608 65536
f 2449
f 2425
a 2463 16777216 65536
f 2456
a 2464 4194304 65536
f 2462
a 2465 8388608 65536
f 2459
f 2465
a 2466 8388608 65536
f 2433
f 2434
f 2435
f 2436
a 2467 16777216 65536
a 2468 16777216 65536
a 2469 16777216 65536
a 2470 8388608 65536
f 2467
f 2468
f 2469
f 2470
a 2471 16777216 65536
a 2472 16777216 65536
a 2473 16777216 65536
a 2474 8388608 65536
f 2471
f 2472
f 2473
f 2474
a 2475 16777216 65536
a 2476 16777216 65536
a 2477 16777216 65536
a 2478 8388608 65536
f 2461
a 2479 16777216 65536
f 2479
a 2480 16777216 65536
a 2481 16777216 65536
f 2475
f 2476
f 2477
f 2478
a 2482 16777216 65536
a 2483 16777216 65536
a 2484 16777216 65536
a 2485 8388608 65536
f 2454
a 2486 16777216 65536
f 2466
a 2487 8388608 65536
f 2419
a 2488 4194304 65536
f 2457
a 2489 16777216 65536
f 2460
f 2482
f 2483
f 2484
f 2485
a 2490 16777216 65536
a 2491 16777216 65536
a 2492 16777216 65536
a 2493 8388608 65536
f 2490
f 2491
f 2492
f 2493
a 2494 16777216 65536
a 2495 16777216 65536
a 2496 16777216 65536
a 2497 8388608 65536
f 2494
f 2495
f 2496
f 2497
a 2498 16777216 65536
a 2499 16777216 65536
a 2500 16777216 65536
a 2501 8388608 65536
a 2502 8388608 65536
f 2463
f 2489
f 2450
f 2451
f 2452
f 2453
f 2481
f 2455
a 2503 16777216 65536
a 2504 16777216 65536
a 2505 16777216 65536
a 2506 16777216 65536
a 2507 16777216 65536
a 2508 16777216 65536
a 2509 16777216 65536
a 2510 2097152 65536
f 2501
f 2488
a 2511 4194304 65536
f 2511
a 2512 4194304 65536
f 2486
f 2458
a 2513 16777216 65536
a 2514 8388608 65536
f 2503
f 2504
f 2505
f 2506
f 2507
f 2508
f 2509
f 2510
a 2515 16777216 65536
a 2516 16777216 65536
a 2517 16777216 65536
a 2518 16777216 65536
a 2519 8388608 65536
f 2515
f 2516
f 2517
f 2518
f 2519
a 2520 16777216 65536
a 2521 16777216 65536
a 2522 16777216 65536
a 2523 16777216 65536
a 2524 16777216 65536
a 2525 16777216 65536
a 2526 16777216 65536
a 2527 2097152 65536
f 2520
f 2521
f 2522
f 2523
f 2524
f 2525
f 2526
f 2527
a 2528 16777216 65536
a 2529 16777216 65536
a 2530 16777216 65536
a 2531 16777216 65536
a 2532 16777216 65536
a 2533 16777216 65536
a 2534 16777216 65536
a 2535 2097152 65536
f 2464
a 2536 4194304 65536
f 2536
a 2537 4194304 65536
f 2537
a 2538 4194304 65536
a 2539 16777216 65536
f 2498
f 2499
f 2500
f 2502
a 2540 16777216 65536
a 2541 16777216 65536
a 2542 16777216 65536
a 2543 8388608 65536
f 2528
f 2529
f 2539
f 2531
f 2532
f 2533
f 2534
f 2535
a 2544 16777216 65536
a 2545 16777216 65536
a 2546 16777216 65536
a 2547 16777216 65536
a 2548 8388608 65536
f 2530
f 2513
f 2514
a 2549 16777216 65536
a 2550 8388608 65536
f 2540
f 2541
f 2542
f 2543
a 2551 16777216 65536
a 2552 16777216 65536
a 2553 16777216 65536
a 2554 8388608 65536
f 2512
a 2555 4194304 65536
f 2549
f 2550
a 2556 16777216 65536
a 2557 8388608 65536
a 2558 16777216 65536
f 2480
a 2559 16777216 65536
f 2545
f 2555
a 2560 4194304 65536
f 2538
a 2561 4194304 65536
f 2487
a 2562 8388608 65536
f 2562
a 2563 8388608 65536
f 2563
a 2564 8388608 65536
f 2551
f 2552
f 2553
f 2554
a 2565 16777216 65536
a 2566 16777216 65536
a 2567 16777216 65536
a 2568 8388608 65536
f 2559
a 2569 16777216 65536
a 2570 4194304 65536
f 2556
f 2557
a 2571 16777216 65536
a 2572 8388608 65536
f 2561
a 2573 16777216 65536
a 2574 16777216 65536
f 2565
f 2571
f 2572
a 2575 16777216 65536
a 2576 8388608 65536
f 2566
f 2575
f 2576
a 2577 16777216 65536
a 2578 8388608 65536
a 2579 16777216 65536
f 2577
a 2580 16777216 65536
a 2581 16777216 65536
f 2574
a 2582 8388608 65536
f 2579
a 2583 16777216 65536
a 2584 16777216 65536
f 2548
f 2567
f 2564
a 2585 8388608 65536
a 2586 16777216 65536
f 2558
f 2569
a 2587 16777216 65536
a 2588 16777216 65536
f 2544
f 2584
a 2589 8388608 65536
f 2570
a 2590 4194304 65536
a 2591 4194304 65536
f 2585
a 2592 4194304 65536
f 2573
f 2580
f 2583
f 2568
a 2593 16777216 65536
a 2594 16777216 65536
a 2595 16777216 65536
a 2596 8388608 65536
f 2560
f 2592
a 2597 4194304 65536
f 2591
f 2589
a 2598 8388608 65536
f 2597
a 2599 4194304 65536
f 2599
a 2600 4194304 65536
f 2587
a 2601 16777216 65536
a 2602 16777216 65536
f 2588
f 2586
f 2602
f 2546
f 2547
f 2582
a 2603 16777216 65536
a 2604 16777216 65536
a 2605 16777216 65536
a 2606 16777216 65536
a 2607 8388608 65536
f 2600
a 2608 4194304 65536
a 2609 16777216 65536
f 2605
f 2598
a 2610 8388608 65536
f 2601
a 2611 16777216 65536
a 2612 8388608 65536
f 2596
f 2610
a 2613 8388608 65536
f 2608
a 2614 4194304 65536
a 2615 8388608 65536
f 2611
a 2616 16777216 65536
f 2612
f 2581
f 2578
a 2617 16777216 65536
a 2618 8388608 65536
f 2616
a 2619 16777216 65536
a 2620 16777216 65536
f 2603
f 2604
f 2609
f 2606
f 2607
a 2621 16777216 65536
a 2622 16777216 65536
a 2623 16777216 65536
a 2624 16777216 65536
a 2625 8388608 65536
c churn-1300
f 2620
f 2618
a 2626 16777216 65536
a 2627 8388608 65536
f 2617
a 2628 16777216 65536
f 2614
a 2629 4194304 65536
a 2630 16777216 65536
f 2622
f 2619
f 2626
f 2627
a 2631 16777216 65536
a 2632 8388608 65536
f 2593
f 2594
f 2595
f 2615
a 2633 16777216 65536
a 2634 16777216 65536
a 2635 16777216 65536
a 2636 8388608 65536
f 2590
a 2637 4194304 65536
a 2638 16777216 65536
f 2630
f 2637
a 2639 4194304 65536
f 2639
a 2640 4194304 65536
a 2641 16777216 65536
f 2638
a 2642 16777216 65536
f 2631
f 2632
a 2643 16777216 65536
a 2644 8388608 65536
f 2641
a 2645 8388608 65536
a 2646 16777216 65536
f 2625
a 2647 16777216 65536
f 2633
f 2634
f 2621
f 2628
f 2623
f 2624
f 2645
a 2648 16777216 65536
a 2649 16777216 65536
a 2650 16777216 65536
a 2651 16777216 65536
a 2652 8388608 65536
a 2653 8388608 65536
a 2654 16777216 65536
f 2636
f 2613
a 2655 8388608 65536
f 2647
f 2655
a 2656 8388608 65536
a 2657 16777216 65536
f 2643
a 2658 8388608 65536
f 2656
f 2629
a 2659 4194304 65536
a 2660 16777216 65536
f 2657
a 2661 8388608 65536
f 2648
f 2649
f 2650
f 2651
f 2652
a 2662 16777216 65536
a 2663 16777216 65536
a 2664 16777216 65536
a 2665 16777216 65536
a 2666 16777216 65536
a 2667 16777216 65536
a 2668 16777216 65536
a 2669 2097152 65536
f 2653
f 2659
a 2670 4194304 65536
f 2640
a 2671 4194304 65536
f 2662
f 2663
f 2664
f 2665
f 2666
f 2667
f 2668
f 2669
a 2672 16777216 65536
a 2673 16777216 65536
a 2674 16777216 65536
a 2675 16777216 65536
a 2676 8388608 65536
f 2658
a 2677 8388608 65536
f 2670
a 2678 4194304 65536
f 2678
a 2679 4194304 65536
f 2660
f 2644
a 2680 16777216 65536
a 2681 8388608 65536
a 2682 16777216 65536
f 2642
a 2683 16777216 65536
f 2635
f 2680
f 2681
a 2684 16777216 65536
a 2685 8388608 65536
a 2686 4194304 65536
f 2679
f 2672
f 2673
f 2674
f 2675
f 2676
a 2687 16777216 65536
a 2688 16777216 65536
a 2689 16777216 65536
a 2690 16777216 65536
a 2691 8388608 65536
f 2686
a 2692 4194304 65536
f 2683
a 2693 16777216 65536
f 2671
a 2694 4194304 65536
f 2692
a 2695 4194304 65536
f 2677
a 2696 8388608 65536
f 2684
f 2685
a 2697 16777216 65536
a 2698 8388608 65536
a 2699 4194304 65536
f 2694
a 2700 4194304 65536
f 2695
a 2701 4194304 65536
f 2700
a 2702 16777216 65536
f 2702
a 2703 16777216 65536
f 2646
f 2654
f 2682
f 2661
a 2704 16777216 65536
a 2705 16777216 65536
a 2706 16777216 65536
a 2707 8388608 65536
f 2693
f 2696
a 2708 8388608 65536
f 2703
a 2709 16777216 65536
a 2710 16777216 65536
f 2687
f 2688
f 2689
f 2690
f 2691
a 2711 16777216 65536
a 2712 16777216 65536
a 2713 16777216 65536
a 2714 16777216 65536
a 2715 16777216 65536
a 2716 16777216 65536
a 2717 16777216 65536
a 2718 2097152 65536
f 2699
a 2719 4194304 65536
f 2706
f 2708
a 2720 8388608 65536
f 2704
f 2705
f 2710
f 2707
a 2721 16777216 65536
a 2722 16777216 65536
a 2723 16777216 65536
a 2724 8388608 65536
f 2719
a 2725 4194304 65536
f 2711
f 2712
f 2713
f 2714
f 2715
f 2716
f 2717
f 2718
a 2726 16777216 65536
a 2727 16777216 65536
a 2728 16777216 65536
a 2729 16777216 65536
a 2730 8388608 65536
f 2721
f 2722
f 2723
f 2724
a 2731 16777216 65536
a 2732 16777216 65536
a 2733 16777216 65536
a 2734 8388608 65536
a 2735 4194304 65536
f 2725
f 2735
a 2736 4194304 65536
f 2726
f 2727
f 2728
f 2729
f 2730
a 2737 16777216 65536
a 2738 16777216 65536
a 2739 16777216 65536
a 2740 16777216 65536
a 2741 8388608 65536
f 2731
f 2732
f 2733
f 2734
a 2742 16777216 65536
a 2743 16777216 65536
a 2744 16777216 65536
a 2745 8388608 65536
f 2742
f 2743
f 2744
f 2745
a 2746 16777216 65536
a 2747 16777216 65536
a 2748 16777216 65536
a 2749 8388608 65536
a 2750 16777216 65536
f 2720
a 2751 8388608 65536
f 2746
f 2747
f 2750
f 2749
a 2752 16777216 65536
a 2753 16777216 65536
a 2754 16777216 65536
a 2755 8388608 65536
f 2748
f 2709
a 2756 16777216 65536
a 2757 16777216 65536
f 2740
f 2701
a 2758 4194304 65536
f 2737
f 2738
f 2739
f 2757
f 2741
a 2759 16777216 65536
a 2760 16777216 65536
a 2761 16777216 65536
a 2762 16777216 65536
a 2763 8388608 65536
a 2764 16777216 65536
f 2752
f 2753
f 2754
f 2755
a 2765 16777216 65536
a 2766 16777216 65536
a 2767 16777216 65536
a 2768 8388608 65536
f 2736
a 2769 4194304 65536
f 2759
f 2758
a 2770 4194304 65536
a 2771 4194304 65536
f 2764
f 2760
f 2761
f 2762
f 2763
a 2772 16777216 65536
a 2773 16777216 65536
a 2774 16777216 65536
a 2775 16777216 65536
a 2776 8388608 65536
f 2769
f 2751
a 2777 8388608 65536
a 2778 8388608 65536
f 2765
f 2766
f 2767
f 2768
a 2779 16777216 65536
a 2780 16777216 65536
a 2781 16777216 65536
a 2782 8388608 65536
f 2698
f 2697
f 2778
a 2783 16777216 65536
a 2784 8388608 65536
a 2785 16777216 65536
f 2783
f 2784
a 2786 16777216 65536
a 2787 8388608 65536
f 2770
a 2788 4194304 65536
f 2756
f 2772
f 2773
f 2774
f 2775
f 2776
a 2789 16777216 65536
a 2790 16777216 65536
a 2791 16777216 65536
a 2792 16777216 65536
a 2793 8388608 65536
a 2794 8388608 65536
f 2786
f 2787
a 2795 16777216 65536
a 2796 8388608 65536
f 2793
f 2777
a 2797 8388608 65536
a 2798 16777216 65536
a 2799 16777216 65536
a 2800 16777216 65536
f 2785
f 2795
f 2798
f 2797
a 2801 8388608 65536
a 2802 8388608 65536
f 2788
a 2803 4194304 65536
a 2804 16777216 65536
f 2801
f 2779
a 2805 16777216 65536
f 2799
f 2796
a 2806 16777216 65536
a 2807 8388608 65536
f 2800
f 2789
f 2790
f 2791
f 2792
f 2794
a 2808 16777216 65536
a 2809 16777216 65536
a 2810 16777216 65536
a 2811 16777216 65536
a 2812 8388608 65536
c churn-1400
f 2802
a 2813 8388608 65536
a 2814 16777216 65536
f 2803
a 2815 4194304 65536
f 2815
a 2816 4194304 65536
f 2806
f 2813
a 2817 8388608 65536
f 2804
f 2780
f 2781
f 2782
a 2818 16777216 65536
a 2819 16777216 65536
a 2820 16777216 65536
a 2821 8388608 65536
a 2822 4194304 65536
f 2817
a 2823 8388608 65536
f 2808
f 2809
f 2810
f 2811
f 2812
a 2824 16777216 65536
a 2825 16777216 65536
a 2826 16777216 65536
a 2827 16777216 65536
a 2828 8388608 65536
f 2816
f 2823
a 2829 8388608 65536
a 2830 8388608 65536
a 2831 8388608 65536
f 2821
a 2832 4194304 65536
f 2822
a 2833 4194304 65536
f 2830
f 2829
a 2834 8388608 65536
f 2771
f 2832
a 2835 4194304 65536
f 2833
a 2836 4194304 65536
f 2836
a 2837 4194304 65536
a 2838 16777216 65536
f 2805
a 2839 16777216 65536
f 2824
f 2835
a 2840 4194304 65536
f 2814
f 2807
a 2841 16777216 65536
a 2842 8388608 65536
f 2818
f 2819
f 2820
f 2831
a 2843 16777216 65536
a 2844 16777216 65536
a 2845 16777216 65536
a 2846 8388608 65536
f 2841
f 2842
a 2847 16777216 65536
a 2848 8388608 65536
f 2839
a 2849 16777216 65536
f 2840
a 2850 4194304 65536
a 2851 16777216 65536
a 2852 16777216 65536
f 2849
a 2853 16777216 65536
f 2827
f 2838
f 2843
f 2844
f 2845
f 2846
a 2854 16777216 65536
a 2855 16777216 65536
a 2856 16777216 65536
a 2857 8388608 65536
f 2853
a 2858 16777216 65536
f 2850
a 2859 4194304 65536
f 2834
a 2860 8388608 65536
a 2861 16777216 65536
f 2856
f 2859
a 2862 4194304 65536
f 2837
a 2863 4194304 65536
f 2860
a 2864 8388608 65536
a 2865 16777216 65536
f 2826
a 2866 4194304 65536
f 2852
f 2825
f 2865
f 2851
f 2828
a 2867 16777216 65536
a 2868 16777216 65536
a 2869 16777216 65536
a 2870 16777216 65536
a 2871 16777216 65536
a 2872 16777216 65536
a 2873 16777216 65536
a 2874 2097152 65536
f 2863
a 2875 16777216 65536
f 2854
f 2875
f 2861
f 2857
a 2876 16777216 65536
a 2877 16777216 65536
a 2878 16777216 65536
a 2879 8388608 65536
f 2855
f 2876
f 2877
f 2878
f 2879
a 2880 16777216 65536
a 2881 16777216 65536
a 2882 16777216 65536
a 2883 8388608 65536
a 2884 8388608 65536
f 2862
a 2885 4194304 65536
f 2864
f 2847
f 2848
a 2886 16777216 65536
a 2887 8388608 65536
f 2880
f 2881
f 2882
f 2883
a 2888 16777216 65536
a 2889 16777216 65536
a 2890 16777216 65536
a 2891 8388608 65536
a 2892 16777216 65536
f 2871
f 2884
a 2893 8388608 65536
f 2866
a 2894 4194304 65536
f 2867
f 2868
f 2869
f 2870
f 2892
f 2872
f 2873
f 2874
a 2895 16777216 65536
a 2896 16777216 65536
a 2897 16777216 65536
a 2898 16777216 65536
a 2899 16777216 65536
a 2900 16777216 65536
a 2901 16777216 65536
a 2902 2097152 65536
a 2903 8388608 65536
a 2904 16777216 65536
f 2886
f 2887
a 2905 16777216 65536
a 2906 8388608 65536
f 2891
f 2888
f 2889
f 2890
f 2903
a 2907 16777216 65536
a 2908 16777216 65536
a 2909 16777216 65536
a 2910 8388608 65536
f 2896
f 2894
a 2911 4194304 65536
a 2912 16777216 65536
f 2905
f 2895
f 2904
f 2897
f 2898
f 2899
f 2900
f 2901
f 2902
a 2913 16777216 65536
a 2914 16777216 65536
a 2915 16777216 65536
a 2916 16777216 65536
a 2917 8388608 65536
a 2918 16777216 65536
f 2916
f 2912
f 2906
a 2919 16777216 65536
a 2920 8388608 65536
f 2907
f 2908
f 2909
f 2910
a 2921 16777216 65536
a 2922 16777216 65536
a 2923 16777216 65536
a 2924 8388608 65536
f 2921
f 2922
f 2923
f 2924
a 2925 16777216 65536
a 2926 16777216 65536
a 2927 16777216 65536
a 2928 8388608 65536
f 2893
a 2929 8388608 65536
a 2930 4194304 65536
f 2858
a 2931 16777216 65536
f 2919
f 2920
a 2932 16777216 65536
a 2933 8388608 65536
f 2885
f 2913
f 2914
f 2915
f 2918
f 2917
a 2934 16777216 65536
a 2935 16777216 65536
a 2936 16777216 65536
a 2937 16777216 65536
a 2938 8388608 65536
f 2930
a 2939 4194304 65536
f 2929
a 2940 8388608 65536
f 2925
f 2926
f 2927
f 2928
a 2941 16777216 65536
a 2942 16777216 65536
a 2943 16777216 65536
a 2944 8388608 65536
f 2911
a 2945 4194304 65536
a 2946 16777216 65536
f 2943
f 2941
f 2942
f 2946
f 2944
a 2947 16777216 65536
a 2948 16777216 65536
a 2949 16777216 65536
a 2950 8388608 65536
f 2940
a 2951 8388608 65536
f 2934
f 2935
f 2936
f 2937
f 2938
a 2952 16777216 65536
a 2953 16777216 65536
a 2954 16777216 65536
a 2955 16777216 65536
a 2956 16777216 65536
a 2957 16777216 65536
a 2958 16777216 65536
a 2959 2097152 65536
a 2960 16777216 65536
f 2947
f 2948
f 2949
f 2950
a 2961 16777216 65536
a 2962 16777216 65536
a 2963 16777216 65536
a 2964 8388608 65536
f 2960
a 2965 16777216 65536
f 2931
f 2932
f 2933
a 2966 16777216 65536
a 2967 8388608 65536
f 2952
f 2953
f 2954
f 2955
f 2956
f 2957
f 2958
f 2959
a 2968 16777216 65536
a 2969 16777216 65536
a 2970 16777216 65536
a 2971 16777216 65536
a 2972 8388608 65536
a 2973 16777216 65536
f 2939
a 2974 4194304 65536
f 2961
f 2973
f 2963
f 2964
a 2975 16777216 65536
a 2976 16777216 65536
a 2977 16777216 65536
a 2978 8388608 65536
f 2962
f 2945
a 2979 4194304 65536
a 2980 16777216 65536
a 2981 4194304 65536
f 2974
a 2982 4194304 65536
f 2966
f 2979
f 2965
a 2983 16777216 65536
f 2951
a 2984 8388608 65536
a 2985 8388608 65536
f 2983
a 2986 16777216 65536
a 2987 16777216 65536
f 2984
a 2988 8388608 65536
f 2985
f 2975
f 2976
f 2977
f 2978
a 2989 16777216 65536
a 2990 16777216 65536
a 2991 16777216 65536
a 2992 8388608 65536
f 2980
f 2987
f 2967
a 2993 16777216 65536
a 2994 8388608 65536
f 2981
a 2995 4194304 65536
a 2996 8388608 65536
f 2986
a 2997 16777216 65536
a 2998 16777216 65536
f 2972
f 2997
f 2998
a 2999 16777216 65536
c churn-1500
f 2989
f 2990
f 2991
f 2992
f 2993
f 2994
f 2982
f 2999
f 2995
f 2988
f 2968
f 2969
f 2970
f 2971
f 2996
c residents-only
