# hetoimasia allocator parity trace, format 1; see README.md
# Derived from Synarchy 9a274311de7596fc971008eb90a3e67eb83fe004: 6251 PNGs under assets/, 255112372 bytes as RGBA8,
# packed into 33 sheets totalling 348127232 bytes; 8 streamed unit families.
# Every sheet is an optimally tiled image aligned to 64 KiB.
# Churn sensitivity variant, hypothetical: 70% of steps hot-reload a sheet (default 30%); every other parameter as synarchy-sheets.
trace churn-reload-70
capacity 268435456
seed 331
a 0 4194304 65536
a 1 2097152 65536
a 2 8388608 65536
a 3 1048576 65536
a 4 1048576 65536
a 5 1048576 65536
a 6 4194304 65536
a 7 1048576 65536
a 8 4194304 65536
a 9 8388608 65536
a 10 16777216 65536
a 11 16777216 65536
a 12 16777216 65536
a 13 16777216 65536
a 14 8388608 65536
a 15 16777216 65536
a 16 16777216 65536
a 17 16777216 65536
a 18 16777216 65536
a 19 16777216 65536
a 20 16777216 65536
a 21 16777216 65536
a 22 2097152 65536
a 23 4194304 65536
a 24 8388608 65536
c after-load
a 25 16777216 65536
f 24
a 26 8388608 65536
a 27 8388608 65536
f 16
f 10
f 11
f 12
f 13
f 27
a 28 16777216 65536
a 29 4194304 65536
a 30 16777216 65536
a 31 8388608 65536
f 30
f 31
a 32 16777216 65536
a 33 8388608 65536
f 14
a 34 16777216 65536
a 35 8388608 65536
f 32
f 33
f 28
a 36 16777216 65536
f 26
a 37 8388608 65536
f 15
f 25
f 17
f 18
f 19
f 20
f 21
f 22
a 38 16777216 65536
a 39 16777216 65536
a 40 16777216 65536
a 41 8388608 65536
a 42 16777216 65536
a 43 16777216 65536
a 44 16777216 65536
a 45 16777216 65536
a 46 8388608 65536
a 47 16777216 65536
f 43
a 48 16777216 65536
f 39
a 49 16777216 65536
a 50 16777216 65536
f 36
a 51 8388608 65536
f 34
f 35
a 52 8388608 65536
f 52
a 53 8388608 65536
f 37
a 54 4194304 65536
f 29
a 55 4194304 65536
a 56 4194304 65536
f 23
f 54
a 57 4194304 65536
a 58 16777216 65536
a 59 16777216 65536
f 56
f 40
a 60 16777216 65536
f 44
f 50
a 61 16777216 65536
a 62 16777216 65536
a 63 16777216 65536
f 38
a 64 8388608 65536
f 48
a 65 16777216 65536
f 60
a 66 16777216 65536
f 53
f 47
a 67 8388608 65536
f 49
f 46
a 68 16777216 65536
a 69 16777216 65536
f 66
a 70 16777216 65536
f 63
a 71 16777216 65536
f 61
f 71
f 70
f 41
a 72 16777216 65536
a 73 16777216 65536
a 74 16777216 65536
a 75 8388608 65536
f 59
f 62
a 76 4194304 65536
a 77 16777216 65536
f 55
a 78 16777216 65536
f 72
a 79 16777216 65536
f 65
a 80 16777216 65536
f 58
f 57
a 81 4194304 65536
f 45
a 82 16777216 65536
a 83 16777216 65536
a 84 16777216 65536
f 78
f 82
f 76
a 85 4194304 65536
a 86 16777216 65536
f 80
f 42
f 69
f 79
f 84
f 67
a 87 16777216 65536
a 88 16777216 65536
a 89 16777216 65536
a 90 16777216 65536
a 91 8388608 65536
f 83
f 73
f 86
f 75
a 92 16777216 65536
a 93 16777216 65536
a 94 16777216 65536
a 95 8388608 65536
f 74
a 96 8388608 65536
f 91
f 81
a 97 4194304 65536
f 77
a 98 16777216 65536
a 99 8388608 65536
a 100 16777216 65536
f 98
f 68
f 51
a 101 16777216 65536
a 102 8388608 65536
f 64
a 103 16777216 65536
f 87
f 88
f 89
f 90
f 96
a 104 16777216 65536
a 105 16777216 65536
a 106 16777216 65536
a 107 16777216 65536
a 108 8388608 65536
f 93
f 92
f 103
f 94
f 95
a 109 16777216 65536
a 110 16777216 65536
a 111 16777216 65536
a 112 8388608 65536
a 113 4194304 65536
f 97
a 114 16777216 65536
f 100
f 85
a 115 4194304 65536
a 116 16777216 65536
f 104
f 109
f 110
f 111
f 112
a 117 16777216 65536
a 118 16777216 65536
a 119 16777216 65536
a 120 8388608 65536
f 113
a 121 4194304 65536
a 122 8388608 65536
a 123 16777216 65536
f 116
f 123
f 106
f 107
f 122
a 124 16777216 65536
a 125 16777216 65536
a 126 16777216 65536
a 127 16777216 65536
a 128 8388608 65536
f 108
f 115
a 129 4194304 65536
f 105
a 130 8388608 65536
f 120
f 117
f 118
f 119
f 130
a 131 16777216 65536
a 132 16777216 65536
a 133 16777216 65536
a 134 8388608 65536
a 135 16777216 65536
a 136 4194304 65536
f 129
a 137 16777216 65536
f 101
f 124
a 138 16777216 65536
a 139 16777216 65536
f 137
f 136
a 140 4194304 65536
f 121
a 141 4194304 65536
f 125
f 140
a 142 4194304 65536
a 143 16777216 65536
f 133
f 114
a 144 16777216 65536
f 144
a 145 16777216 65536
a 146 8388608 65536
f 99
a 147 16777216 65536
a 148 8388608 65536
f 127
f 128
f 142
a 149 4194304 65536
a 150 16777216 65536
f 145
a 151 8388608 65536
a 152 8388608 65536
a 153 8388608 65536
f 134
f 146
a 154 4194304 65536
f 102
a 155 4194304 65536
f 154
f 150
a 156 16777216 65536
f 141
f 131
f 132
f 143
f 151
a 157 16777216 65536
a 158 16777216 65536
a 159 16777216 65536
a 160 8388608 65536
a 161 16777216 65536
f 156
a 162 16777216 65536
f 157
f 161
f 159
f 160
a 163 16777216 65536
a 164 16777216 65536
a 165 16777216 65536
a 166 8388608 65536
f 158
a 167 4194304 65536
a 168 16777216 65536
f 149
a 169 8388608 65536
f 152
f 162
a 170 16777216 65536
c churn-100
f 165
f 138
f 139
f 126
f 147
f 148
a 171 16777216 65536
a 172 16777216 65536
a 173 16777216 65536
a 174 16777216 65536
a 175 8388608 65536
a 176 16777216 65536
f 174
f 169
a 177 8388608 65536
f 155
a 178 4194304 65536
a 179 16777216 65536
f 135
f 153
a 180 16777216 65536
a 181 8388608 65536
a 182 16777216 65536
f 176
f 163
f 170
a 183 16777216 65536
a 184 8388608 65536
f 175
a 185 16777216 65536
a 186 16777216 65536
f 182
f 167
a 187 4194304 65536
f 171
a 188 4194304 65536
f 185
f 164
f 168
f 166
a 189 16777216 65536
a 190 16777216 65536
a 191 16777216 65536
a 192 8388608 65536
f 187
a 193 8388608 65536
f 178
a 194 4194304 65536
f 181
a 195 4194304 65536
f 188
a 196 4194304 65536
f 194
a 197 16777216 65536
f 196
a 198 4194304 65536
a 199 16777216 65536
f 190
a 200 4194304 65536
a 201 16777216 65536
f 189
f 199
f 197
f 191
f 192
a 202 16777216 65536
a 203 16777216 65536
a 204 16777216 65536
a 205 8388608 65536
f 195
f 173
f 183
a 206 16777216 65536
a 207 8388608 65536
f 177
a 208 8388608 65536
a 209 16777216 65536
f 184
f 186
f 172
f 201
f 209
f 208
a 210 16777216 65536
a 211 16777216 65536
a 212 16777216 65536
a 213 16777216 65536
a 214 8388608 65536
a 215 8388608 65536
f 179
f 214
a 216 16777216 65536
f 213
a 217 16777216 65536
a 218 16777216 65536
a 219 16777216 65536
f 203
a 220 16777216 65536
f 202
f 207
a 221 8388608 65536
f 217
f 198
a 222 4194304 65536
f 211
f 180
f 193
a 223 16777216 65536
a 224 8388608 65536
a 225 8388608 65536
f 222
a 226 4194304 65536
f 224
a 227 16777216 65536
f 226
a 228 4194304 65536
f 220
a 229 16777216 65536
a 230 16777216 65536
a 231 16777216 65536
f 204
f 210
a 232 8388608 65536
f 206
f 228
a 233 4194304 65536
a 234 16777216 65536
f 225
a 235 16777216 65536
a 236 8388608 65536
f 223
a 237 4194304 65536
f 229
f 200
f 230
a 238 16777216 65536
f 232
a 239 16777216 65536
a 240 8388608 65536
f 216
f 236
f 238
a 241 16777216 65536
f 237
a 242 4194304 65536
f 242
a 243 4194304 65536
a 244 16777216 65536
a 245 16777216 65536
a 246 16777216 65536
f 239
f 241
f 221
a 247 8388608 65536
a 248 16777216 65536
f 219
f 212
a 249 16777216 65536
a 250 4194304 65536
f 245
f 243
a 251 16777216 65536
f 231
a 252 16777216 65536
f 234
f 249
a 253 16777216 65536
f 253
a 254 16777216 65536
f 251
f 227
f 248
f 244
f 215
a 255 16777216 65536
a 256 16777216 65536
a 257 16777216 65536
a 258 16777216 65536
a 259 8388608 65536
f 250
a 260 4194304 65536
a 261 16777216 65536
a 262 16777216 65536
f 246
f 255
f 260
a 263 4194304 65536
f 263
a 264 4194304 65536
f 233
a 265 4194304 65536
a 266 16777216 65536
f 247
a 267 8388608 65536
a 268 16777216 65536
f 262
f 258
a 269 16777216 65536
f 256
f 267
a 270 8388608 65536
f 264
a 271 4194304 65536
a 272 8388608 65536
a 273 8388608 65536
f 259
a 274 16777216 65536
f 270
f 254
a 275 16777216 65536
f 266
a 276 16777216 65536
f 218
f 276
f 261
f 235
f 205
a 277 16777216 65536
a 278 16777216 65536
a 279 16777216 65536
a 280 8388608 65536
a 281 8388608 65536
a 282 8388608 65536
f 240
f 272
a 283 8388608 65536
f 273
a 284 16777216 65536
f 257
a 285 4194304 65536
a 286 16777216 65536
f 269
f 277
f 278
f 279
f 280
a 287 16777216 65536
a 288 16777216 65536
a 289 16777216 65536
a 290 8388608 65536
f 265
a 291 8388608 65536
f 283
a 292 8388608 65536
a 293 4194304 65536
f 282
f 285
f 274
f 286
f 284
f 268
f 291
a 294 16777216 65536
a 295 16777216 65536
a 296 16777216 65536
a 297 16777216 65536
a 298 8388608 65536
a 299 16777216 65536
a 300 16777216 65536
c churn-200
f 292
a 301 8388608 65536
f 297
a 302 8388608 65536
f 295
f 293
a 303 4194304 65536
f 303
a 304 4194304 65536
f 301
a 305 8388608 65536
a 306 16777216 65536
a 307 16777216 65536
f 302
a 308 4194304 65536
f 252
f 296
f 304
a 309 4194304 65536
a 310 16777216 65536
f 271
f 308
a 311 4194304 65536
f 306
a 312 4194304 65536
f 294
f 300
f 307
f 299
f 298
a 313 16777216 65536
a 314 16777216 65536
a 315 16777216 65536
a 316 16777216 65536
a 317 8388608 65536
f 309
a 318 16777216 65536
a 319 16777216 65536
f 315
a 320 16777216 65536
f 310
a 321 8388608 65536
f 312
a 322 4194304 65536
f 314
f 281
a 323 4194304 65536
a 324 4194304 65536
f 311
f 322
f 313
f 320
f 318
f 316
f 317
a 325 16777216 65536
a 326 16777216 65536
a 327 16777216 65536
a 328 16777216 65536
a 329 8388608 65536
f 325
f 326
f 327
f 328
f 329
a 330 16777216 65536
a 331 16777216 65536
a 332 16777216 65536
a 333 16777216 65536
a 334 8388608 65536
a 335 8388608 65536
a 336 8388608 65536
f 290
f 305
f 319
f 321
a 337 16777216 65536
a 338 8388608 65536
a 339 16777216 65536
f 332
a 340 16777216 65536
f 330
f 323
a 341 4194304 65536
a 342 16777216 65536
f 331
a 343 16777216 65536
f 340
f 336
a 344 8388608 65536
f 324
a 345 4194304 65536
a 346 8388608 65536
f 335
a 347 16777216 65536
f 343
a 348 4194304 65536
f 345
a 349 16777216 65536
f 337
f 338
a 350 16777216 65536
a 351 8388608 65536
f 288
a 352 4194304 65536
a 353 16777216 65536
f 333
a 354 16777216 65536
f 348
f 353
a 355 8388608 65536
f 287
f 349
f 289
f 346
a 356 16777216 65536
a 357 16777216 65536
a 358 16777216 65536
a 359 8388608 65536
f 350
f 351
a 360 16777216 65536
a 361 8388608 65536
f 344
a 362 8388608 65536
a 363 16777216 65536
f 355
a 364 16777216 65536
f 363
f 356
f 357
f 358
f 359
a 365 16777216 65536
a 366 16777216 65536
a 367 16777216 65536
a 368 8388608 65536
f 275
a 369 8388608 65536
f 364
a 370 16777216 65536
a 371 4194304 65536
f 368
a 372 16777216 65536
f 352
a 373 8388608 65536
a 374 8388608 65536
f 365
f 362
f 369
a 375 8388608 65536
f 371
a 376 4194304 65536
f 374
f 360
f 361
a 377 16777216 65536
a 378 8388608 65536
a 379 16777216 65536
f 370
a 380 8388608 65536
f 334
a 381 16777216 65536
a 382 16777216 65536
f 367
f 366
a 383 8388608 65536
f 341
a 384 4194304 65536
f 380
a 385 4194304 65536
a 386 4194304 65536
f 384
f 376
f 377
f 378
a 387 16777216 65536
a 388 8388608 65536
f 347
f 342
f 339
f 354
f 383
a 389 16777216 65536
a 390 16777216 65536
a 391 16777216 65536
a 392 16777216 65536
a 393 8388608 65536
a 394 16777216 65536
f 372
a 395 8388608 65536
f 388
a 396 16777216 65536
a 397 8388608 65536
f 373
f 389
f 390
f 391
f 392
f 393
a 398 16777216 65536
a 399 16777216 65536
a 400 16777216 65536
a 401 16777216 65536
a 402 8388608 65536
f 379
a 403 16777216 65536
a 404 16777216 65536
f 386
a 405 4194304 65536
f 382
f 403
a 406 8388608 65536
a 407 8388608 65536
f 402
a 408 8388608 65536
a 409 16777216 65536
f 397
a 410 8388608 65536
f 406
f 375
a 411 8388608 65536
f 400
f 407
a 412 16777216 65536
f 394
a 413 8388608 65536
f 410
a 414 16777216 65536
f 387
f 395
a 415 16777216 65536
a 416 8388608 65536
f 412
f 404
f 381
f 413
a 417 16777216 65536
a 418 16777216 65536
a 419 16777216 65536
a 420 8388608 65536
f 401
f 415
f 416
a 421 16777216 65536
a 422 8388608 65536
a 423 16777216 65536
f 417
f 418
f 419
f 420
a 424 16777216 65536
a 425 16777216 65536
a 426 16777216 65536
a 427 8388608 65536
a 428 4194304 65536
f 398
f 385
f 424
f 425
f 426
f 427
a 429 16777216 65536
a 430 16777216 65536
a 431 16777216 65536
a 432 8388608 65536
f 396
a 433 16777216 65536
a 434 8388608 65536
f 433
a 435 16777216 65536
f 422
f 435
a 436 16777216 65536
a 437 16777216 65536
f 399
f 436
a 438 16777216 65536
a 439 4194304 65536
f 405
a 440 8388608 65536
a 441 16777216 65536
f 411
a 442 8388608 65536
c churn-300
f 434
a 443 8388608 65536
f 429
a 444 16777216 65536
f 432
f 441
f 421
f 442
a 445 16777216 65536
a 446 8388608 65536
f 423
f 437
f 409
f 414
f 408
a 447 16777216 65536
a 448 16777216 65536
a 449 16777216 65536
a 450 16777216 65536
a 451 8388608 65536
a 452 8388608 65536
a 453 16777216 65536
a 454 8388608 65536
f 451
f 431
f 447
f 448
f 449
f 450
f 452
a 455 16777216 65536
a 456 16777216 65536
a 457 16777216 65536
a 458 16777216 65536
a 459 8388608 65536
f 446
a 460 8388608 65536
f 454
a 461 16777216 65536
f 455
f 456
f 457
f 458
f 459
a 462 16777216 65536
a 463 16777216 65536
a 464 16777216 65536
a 465 16777216 65536
a 466 8388608 65536
f 430
a 467 16777216 65536
a 468 4194304 65536
f 461
f 439
a 469 16777216 65536
a 470 8388608 65536
f 463
a 471 8388608 65536
f 466
a 472 16777216 65536
a 473 4194304 65536
f 460
f 465
a 474 16777216 65536
a 475 16777216 65536
f 468
f 462
a 476 16777216 65536
a 477 16777216 65536
f 467
f 453
f 475
a 478 16777216 65536
f 474
a 479 8388608 65536
f 428
a 480 4194304 65536
a 481 8388608 65536
f 443
a 482 16777216 65536
a 483 16777216 65536
f 479
f 464
a 484 16777216 65536
f 444
f 482
a 485 16777216 65536
f 483
a 486 16777216 65536
a 487 16777216 65536
f 477
a 488 16777216 65536
a 489 16777216 65536
f 476
f 438
a 490 16777216 65536
f 440
a 491 8388608 65536
f 484
f 488
f 491
a 492 8388608 65536
a 493 8388608 65536
f 478
f 469
f 485
f 472
f 470
a 494 16777216 65536
a 495 16777216 65536
a 496 16777216 65536
a 497 16777216 65536
a 498 8388608 65536
a 499 4194304 65536
f 471
a 500 4194304 65536
f 499
a 501 4194304 65536
f 480
a 502 16777216 65536
f 473
a 503 8388608 65536
f 497
f 493
a 504 16777216 65536
f 445
f 503
a 505 16777216 65536
a 506 8388608 65536
f 505
f 506
a 507 16777216 65536
a 508 8388608 65536
f 495
a 509 8388608 65536
f 508
a 510 16777216 65536
a 511 16777216 65536
f 507
f 509
a 512 16777216 65536
a 513 8388608 65536
f 502
f 500
a 514 4194304 65536
f 490
f 511
a 515 16777216 65536
f 501
a 516 4194304 65536
f 512
f 513
a 517 16777216 65536
a 518 8388608 65536
f 494
f 504
f 496
f 510
f 498
a 519 16777216 65536
a 520 16777216 65536
a 521 16777216 65536
a 522 16777216 65536
a 523 8388608 65536
f 519
f 520
f 521
f 522
f 523
a 524 16777216 65536
a 525 16777216 65536
a 526 16777216 65536
a 527 16777216 65536
a 528 8388608 65536
a 529 8388608 65536
a 530 16777216 65536
f 492
a 531 8388608 65536
f 518
a 532 8388608 65536
f 515
a 533 16777216 65536
f 529
a 534 16777216 65536
f 526
f 489
f 524
f 525
f 533
f 527
f 528
a 535 16777216 65536
a 536 16777216 65536
a 537 16777216 65536
a 538 16777216 65536
a 539 8388608 65536
f 534
f 486
f 487
f 481
a 540 16777216 65536
a 541 16777216 65536
a 542 16777216 65536
a 543 8388608 65536
a 544 16777216 65536
f 517
a 545 4194304 65536
a 546 4194304 65536
f 514
a 547 16777216 65536
f 516
f 542
a 548 16777216 65536
a 549 16777216 65536
f 540
f 545
a 550 4194304 65536
a 551 16777216 65536
f 548
a 552 4194304 65536
f 549
f 541
f 547
f 543
a 553 16777216 65536
a 554 16777216 65536
a 555 16777216 65536
a 556 8388608 65536
f 538
f 553
f 554
f 555
f 556
a 557 16777216 65536
a 558 16777216 65536
a 559 16777216 65536
a 560 8388608 65536
f 550
f 530
a 561 16777216 65536
a 562 16777216 65536
f 559
a 563 16777216 65536
a 564 8388608 65536
f 544
f 563
f 532
a 565 16777216 65536
a 566 8388608 65536
f 531
f 564
a 567 8388608 65536
f 535
f 536
f 537
f 551
f 539
a 568 16777216 65536
a 569 16777216 65536
a 570 16777216 65536
a 571 16777216 65536
a 572 8388608 65536
a 573 4194304 65536
a 574 4194304 65536
f 552
a 575 4194304 65536
f 546
f 574
a 576 8388608 65536
f 560
a 577 8388608 65536
a 578 8388608 65536
f 572
f 566
a 579 16777216 65536
f 568
a 580 8388608 65536
f 576
a 581 8388608 65536
f 580
a 582 8388608 65536
a 583 16777216 65536
f 577
f 557
f 558
f 583
f 581
a 584 16777216 65536
a 585 16777216 65536
a 586 16777216 65536
a 587 8388608 65536
a 588 16777216 65536
f 562
f 585
a 589 8388608 65536
f 587
f 575
a 590 4194304 65536
a 591 16777216 65536
a 592 8388608 65536
c churn-400
f 582
a 593 8388608 65536
f 571
f 589
a 594 8388608 65536
a 595 16777216 65536
f 593
f 579
f 590
a 596 4194304 65536
a 597 8388608 65536
a 598 8388608 65536
f 592
f 595
f 569
f 570
f 591
f 597
a 599 16777216 65536
a 600 16777216 65536
a 601 16777216 65536
a 602 16777216 65536
a 603 8388608 65536
a 604 8388608 65536
f 594
a 605 8388608 65536
a 606 16777216 65536
f 578
a 607 16777216 65536
f 567
a 608 4194304 65536
f 601
f 573
f 596
a 609 4194304 65536
f 606
f 561
a 610 16777216 65536
a 611 8388608 65536
f 610
a 612 16777216 65536
f 584
f 588
f 586
f 598
a 613 16777216 65536
a 614 16777216 65536
a 615 16777216 65536
a 616 8388608 65536
f 604
a 617 8388608 65536
a 618 16777216 65536
f 605
a 619 16777216 65536
a 620 8388608 65536
f 614
f 617
a 621 8388608 65536
f 618
f 603
a 622 16777216 65536
f 600
a 623 16777216 65536
a 624 16777216 65536
f 602
a 625 8388608 65536
f 613
f 608
a 626 4194304 65536
f 616
f 626
a 627 4194304 65536
a 628 16777216 65536
f 615
a 629 16777216 65536
a 630 8388608 65536
f 599
a 631 4194304 65536
f 629
f 622
f 607
f 623
f 620
a 632 16777216 65536
a 633 16777216 65536
a 634 16777216 65536
a 635 16777216 65536
a 636 8388608 65536
f 611
f 627
f 621
a 637 8388608 65536
f 624
f 619
f 628
f 625
a 638 16777216 65536
a 639 16777216 65536
a 640 16777216 65536
a 641 8388608 65536
a 642 16777216 65536
f 565
f 630
a 643 16777216 65536
a 644 8388608 65536
f 640
a 645 8388608 65536
a 646 8388608 65536
f 644
a 647 4194304 65536
f 636
f 609
a 648 8388608 65536
a 649 16777216 65536
f 641
a 650 16777216 65536
f 634
a 651 4194304 65536
f 639
f 631
a 652 16777216 65536
f 642
f 637
a 653 8388608 65536
f 612
a 654 16777216 65536
a 655 4194304 65536
f 651
a 656 16777216 65536
f 632
a 657 8388608 65536
f 646
f 643
f 645
a 658 16777216 65536
a 659 8388608 65536
f 654
a 660 16777216 65536
a 661 16777216 65536
f 633
f 638
f 649
f 652
f 648
a 662 16777216 65536
a 663 16777216 65536
a 664 16777216 65536
a 665 8388608 65536
a 666 8388608 65536
a 667 8388608 65536
a 668 16777216 65536
f 653
f 665
f 650
a 669 16777216 65536
f 660
a 670 8388608 65536
a 671 8388608 65536
a 672 16777216 65536
f 666
a 673 16777216 65536
f 659
a 674 8388608 65536
f 664
f 673
f 663
f 672
f 667
a 675 16777216 65536
a 676 16777216 65536
a 677 16777216 65536
a 678 8388608 65536
f 662
f 657
a 679 16777216 65536
a 680 16777216 65536
a 681 16777216 65536
f 676
a 682 16777216 65536
f 675
f 680
f 670
a 683 8388608 65536
f 656
f 655
a 684 4194304 65536
a 685 8388608 65536
f 682
f 679
f 677
f 678
a 686 16777216 65536
a 687 16777216 65536
a 688 16777216 65536
a 689 8388608 65536
f 674
a 690 16777216 65536
f 658
a 691 16777216 65536
a 692 8388608 65536
a 693 16777216 65536
f 687
f 691
a 694 8388608 65536
f 683
f 671
a 695 16777216 65536
f 686
f 695
f 688
f 689
a 696 16777216 65536
a 697 16777216 65536
a 698 16777216 65536
a 699 8388608 65536
f 696
f 697
f 698
f 699
a 700 16777216 65536
a 701 16777216 65536
a 702 16777216 65536
a 703 8388608 65536
f 693
a 704 4194304 65536
f 647
f 704
a 705 4194304 65536
a 706 16777216 65536
a 707 16777216 65536
a 708 16777216 65536
f 635
f 700
f 701
f 707
f 703
a 709 16777216 65536
a 710 16777216 65536
a 711 16777216 65536
a 712 8388608 65536
f 702
f 690
f 681
f 661
f 668
f 706
f 685
a 713 16777216 65536
a 714 16777216 65536
a 715 16777216 65536
a 716 16777216 65536
a 717 8388608 65536
a 718 8388608 65536
f 712
a 719 8388608 65536
f 694
f 713
f 714
f 715
f 716
f 717
a 720 16777216 65536
a 721 16777216 65536
a 722 16777216 65536
a 723 16777216 65536
a 724 8388608 65536
a 725 16777216 65536
a 726 8388608 65536
f 692
a 727 16777216 65536
f 722
a 728 16777216 65536
f 669
a 729 16777216 65536
f 684
a 730 4194304 65536
f 711
f 730
a 731 4194304 65536
f 720
a 732 16777216 65536
a 733 8388608 65536
a 734 16777216 65536
c churn-500
f 709
f 719
a 735 16777216 65536
a 736 16777216 65536
f 723
a 737 4194304 65536
f 732
a 738 8388608 65536
f 727
f 731
f 718
f 737
a 739 4194304 65536
f 735
f 710
f 728
f 738
a 740 16777216 65536
a 741 16777216 65536
a 742 16777216 65536
a 743 8388608 65536
a 744 8388608 65536
a 745 8388608 65536
f 733
a 746 8388608 65536
f 724
f 726
a 747 16777216 65536
a 748 8388608 65536
f 734
f 744
a 749 16777216 65536
a 750 16777216 65536
f 741
a 751 4194304 65536
a 752 16777216 65536
f 708
f 750
a 753 16777216 65536
f 705
f 740
f 749
f 742
f 743
a 754 16777216 65536
a 755 16777216 65536
a 756 16777216 65536
a 757 8388608 65536
f 729
f 753
f 721
f 725
f 747
f 745
a 758 16777216 65536
a 759 16777216 65536
a 760 16777216 65536
a 761 16777216 65536
a 762 8388608 65536
a 763 4194304 65536
f 751
a 764 8388608 65536
a 765 16777216 65536
f 748
f 756
a 766 16777216 65536
a 767 16777216 65536
f 765
a 768 16777216 65536
f 760
f 767
a 769 8388608 65536
f 763
a 770 4194304 65536
f 746
a 771 16777216 65536
a 772 16777216 65536
f 754
a 773 16777216 65536
f 752
f 764
a 774 16777216 65536
a 775 8388608 65536
f 758
a 776 4194304 65536
f 771
f 770
a 777 16777216 65536
a 778 16777216 65536
a 779 16777216 65536
f 768
f 759
a 780 16777216 65536
f 736
a 781 16777216 65536
f 779
f 769
a 782 8388608 65536
a 783 16777216 65536
f 755
a 784 16777216 65536
f 777
a 785 16777216 65536
f 780
a 786 16777216 65536
a 787 16777216 65536
f 783
f 766
a 788 16777216 65536
f 778
f 785
f 782
a 789 8388608 65536
f 773
f 781
f 787
f 757
a 790 16777216 65536
a 791 16777216 65536
a 792 16777216 65536
a 793 8388608 65536
a 794 16777216 65536
a 795 16777216 65536
a 796 16777216 65536
f 791
a 797 16777216 65536
f 794
f 789
a 798 8388608 65536
f 788
a 799 16777216 65536
f 786
a 800 16777216 65536
f 797
f 774
a 801 16777216 65536
a 802 16777216 65536
f 792
f 795
a 803 8388608 65536
f 775
a 804 16777216 65536
f 796
a 805 16777216 65536
f 790
f 802
f 801
f 793
a 806 16777216 65536
a 807 16777216 65536
a 808 16777216 65536
a 809 8388608 65536
f 772
f 800
f 803
a 810 16777216 65536
a 811 8388608 65536
a 812 16777216 65536
a 813 8388608 65536
f 811
f 812
a 814 16777216 65536
f 805
a 815 16777216 65536
f 784
a 816 8388608 65536
f 809
a 817 16777216 65536
f 810
a 818 16777216 65536
a 819 16777216 65536
f 808
f 798
a 820 8388608 65536
f 807
f 814
a 821 16777216 65536
a 822 16777216 65536
f 799
a 823 16777216 65536
f 804
a 824 16777216 65536
a 825 8388608 65536
f 815
a 826 16777216 65536
f 817
a 827 8388608 65536
f 820
a 828 8388608 65536
f 825
a 829 16777216 65536
f 806
a 830 16777216 65536
f 813
a 831 16777216 65536
f 823
f 821
a 832 8388608 65536
a 833 8388608 65536
f 826
f 833
a 834 16777216 65536
a 835 8388608 65536
f 827
f 828
a 836 16777216 65536
a 837 16777216 65536
f 739
a 838 4194304 65536
f 831
a 839 16777216 65536
f 822
f 824
a 840 8388608 65536
a 841 8388608 65536
f 835
f 840
a 842 16777216 65536
a 843 8388608 65536
f 761
f 832
a 844 16777216 65536
a 845 16777216 65536
f 834
f 842
f 836
a 846 16777216 65536
a 847 8388608 65536
a 848 16777216 65536
f 829
f 819
f 818
f 816
a 849 16777216 65536
a 850 16777216 65536
a 851 16777216 65536
a 852 8388608 65536
f 762
f 837
f 844
f 841
a 853 16777216 65536
a 854 8388608 65536
a 855 16777216 65536
a 856 16777216 65536
f 848
a 857 16777216 65536
c churn-600
f 853
a 858 16777216 65536
f 856
a 859 8388608 65536
a 860 4194304 65536
f 851
f 852
f 838
a 861 16777216 65536
f 849
a 862 16777216 65536
a 863 16777216 65536
f 846
f 845
a 864 16777216 65536
a 865 8388608 65536
f 860
a 866 4194304 65536
f 862
f 859
a 867 8388608 65536
a 868 8388608 65536
f 843
a 869 16777216 65536
f 854
f 861
f 850
f 858
f 865
a 870 16777216 65536
a 871 16777216 65536
a 872 16777216 65536
a 873 8388608 65536
f 863
a 874 16777216 65536
f 869
f 776
a 875 4194304 65536
a 876 16777216 65536
a 877 16777216 65536
f 830
f 876
f 839
f 874
f 847
a 878 16777216 65536
a 879 16777216 65536
a 880 16777216 65536
a 881 16777216 65536
a 882 8388608 65536
f 855
a 883 16777216 65536
f 872
a 884 16777216 65536
f 878
f 857
a 885 16777216 65536
a 886 16777216 65536
f 884
a 887 16777216 65536
f 864
f 883
a 888 8388608 65536
a 889 16777216 65536
f 867
f 879
a 890 16777216 65536
a 891 16777216 65536
f 880
f 888
a 892 8388608 65536
f 870
f 871
f 877
f 873
a 893 16777216 65536
a 894 16777216 65536
a 895 16777216 65536
a 896 8388608 65536
f 890
a 897 8388608 65536
f 896
a 898 16777216 65536
f 886
a 899 16777216 65536
a 900 8388608 65536
a 901 8388608 65536
f 895
f 868
a 902 16777216 65536
a 903 16777216 65536
f 900
a 904 16777216 65536
f 881
f 885
f 901
a 905 16777216 65536
a 906 8388608 65536
f 902
a 907 8388608 65536
f 894
a 908 16777216 65536
a 909 8388608 65536
f 906
f 887
f 892
a 910 8388608 65536
f 897
f 875
a 911 4194304 65536
a 912 8388608 65536
f 882
a 913 8388608 65536
f 909
a 914 16777216 65536
f 908
f 889
f 891
f 903
f 912
a 915 16777216 65536
a 916 16777216 65536
a 917 16777216 65536
a 918 16777216 65536
a 919 8388608 65536
f 898
f 914
a 920 16777216 65536
a 921 16777216 65536
a 922 16777216 65536
f 918
a 923 16777216 65536
f 904
a 924 16777216 65536
f 910
a 925 8388608 65536
f 917
a 926 16777216 65536
f 905
a 927 16777216 65536
f 915
f 922
a 928 8388608 65536
f 913
a 929 16777216 65536
a 930 8388608 65536
f 916
f 928
f 925
a 931 8388608 65536
a 932 4194304 65536
f 924
f 907
a 933 16777216 65536
a 934 8388608 65536
a 935 16777216 65536
f 866
f 926
f 929
f 923
f 921
f 919
a 936 16777216 65536
a 937 16777216 65536
a 938 16777216 65536
a 939 16777216 65536
a 940 8388608 65536
f 899
a 941 4194304 65536
a 942 16777216 65536
f 931
a 943 8388608 65536
f 911
f 935
a 944 16777216 65536
a 945 16777216 65536
f 939
a 946 16777216 65536
f 936
a 947 16777216 65536
a 948 16777216 65536
f 893
f 938
f 946
a 949 16777216 65536
a 950 16777216 65536
a 951 8388608 65536
f 927
f 937
f 943
a 952 8388608 65536
f 934
a 953 16777216 65536
a 954 4194304 65536
f 944
a 955 16777216 65536
f 941
a 956 4194304 65536
f 932
a 957 16777216 65536
f 942
a 958 16777216 65536
a 959 16777216 65536
f 920
f 933
a 960 8388608 65536
f 955
f 948
f 949
f 958
f 930
a 961 16777216 65536
a 962 16777216 65536
a 963 16777216 65536
a 964 8388608 65536
f 957
a 965 16777216 65536
f 951
a 966 8388608 65536
f 945
f 950
f 947
f 953
f 940
a 967 16777216 65536
a 968 16777216 65536
a 969 16777216 65536
a 970 16777216 65536
a 971 8388608 65536
f 961
f 962
f 963
f 964
a 972 16777216 65536
a 973 16777216 65536
a 974 16777216 65536
a 975 8388608 65536
f 952
a 976 16777216 65536
f 959
a 977 16777216 65536
f 972
f 976
f 960
a 978 16777216 65536
a 979 8388608 65536
a 980 4194304 65536
f 956
a 981 16777216 65536
a 982 16777216 65536
f 973
a 983 16777216 65536
f 967
f 966
a 984 8388608 65536
a 985 16777216 65536
f 965
a 986 16777216 65536
f 981
a 987 8388608 65536
f 983
f 984
a 988 4194304 65536
c churn-700
a 989 16777216 65536
a 990 16777216 65536
f 954
f 977
f 970
a 991 16777216 65536
f 980
a 992 4194304 65536
a 993 16777216 65536
f 974
f 969
f 989
f 982
f 991
f 975
a 994 16777216 65536
a 995 16777216 65536
a 996 16777216 65536
a 997 8388608 65536
a 998 8388608 65536
f 992
a 999 4194304 65536
f 971
f 986
a 1000 16777216 65536
f 985
f 968
f 993
f 990
f 998
a 1001 16777216 65536
a 1002 16777216 65536
a 1003 16777216 65536
a 1004 16777216 65536
a 1005 8388608 65536
a 1006 8388608 65536
f 1000
a 1007 16777216 65536
f 987
f 978
f 979
a 1008 16777216 65536
a 1009 8388608 65536
a 1010 16777216 65536
a 1011 8388608 65536
f 1001
a 1012 8388608 65536
f 1005
f 1011
f 988
a 1013 4194304 65536
a 1014 16777216 65536
f 1006
a 1015 8388608 65536
f 994
f 995
f 996
f 997
a 1016 16777216 65536
a 1017 16777216 65536
a 1018 16777216 65536
a 1019 8388608 65536
f 1002
a 1020 8388608 65536
a 1021 4194304 65536
a 1022 16777216 65536
f 1015
a 1023 16777216 65536
f 999
f 1007
a 1024 16777216 65536
f 1017
f 1010
f 1014
f 1003
f 1004
f 1012
a 1025 16777216 65536
a 1026 16777216 65536
a 1027 16777216 65536
a 1028 16777216 65536
a 1029 8388608 65536
a 1030 16777216 65536
f 1018
a 1031 16777216 65536
f 1024
a 1032 16777216 65536
f 1025
f 1020
a 1033 8388608 65536
f 1016
a 1034 16777216 65536
a 1035 8388608 65536
f 1023
f 1019
f 1008
f 1009
a 1036 16777216 65536
a 1037 8388608 65536
f 1034
a 1038 16777216 65536
f 1033
a 1039 8388608 65536
f 1013
a 1040 4194304 65536
a 1041 16777216 65536
a 1042 16777216 65536
a 1043 4194304 65536
f 1036
f 1030
f 1040
f 1041
f 1037
a 1044 16777216 65536
a 1045 8388608 65536
a 1046 16777216 65536
f 1044
a 1047 4194304 65536
f 1043
f 1021
a 1048 4194304 65536
a 1049 16777216 65536
a 1050 4194304 65536
f 1038
a 1051 16777216 65536
f 1042
a 1052 16777216 65536
f 1048
f 1049
f 1039
a 1053 8388608 65536
a 1054 4194304 65536
a 1055 16777216 65536
a 1056 16777216 65536
f 1050
f 1022
f 1046
f 1051
a 1057 16777216 65536
f 1056
f 1045
a 1058 16777216 65536
a 1059 8388608 65536
a 1060 8388608 65536
f 1058
f 1059
a 1061 16777216 65536
a 1062 8388608 65536
f 1029
a 1063 16777216 65536
f 1032
a 1064 16777216 65536
a 1065 16777216 65536
f 1026
a 1066 8388608 65536
a 1067 8388608 65536
f 1061
f 1035
a 1068 8388608 65536
f 1060
f 1065
f 1062
a 1069 16777216 65536
a 1070 8388608 65536
f 1066
f 1054
a 1071 4194304 65536
f 1063
f 1064
f 1027
f 1028
f 1068
a 1072 16777216 65536
a 1073 16777216 65536
a 1074 16777216 65536
a 1075 16777216 65536
a 1076 8388608 65536
a 1077 8388608 65536
a 1078 4194304 65536
f 1076
a 1079 16777216 65536
a 1080 16777216 65536
f 1047
a 1081 16777216 65536
f 1073
f 1074
a 1082 4194304 65536
f 1071
a 1083 16777216 65536
f 1031
a 1084 16777216 65536
f 1080
f 1057
a 1085 8388608 65536
f 1053
a 1086 4194304 65536
f 1081
f 1055
f 1052
f 1067
a 1087 16777216 65536
a 1088 16777216 65536
a 1089 16777216 65536
a 1090 8388608 65536
f 1078
a 1091 4194304 65536
a 1092 16777216 65536
a 1093 8388608 65536
f 1082
f 1088
a 1094 16777216 65536
f 1070
f 1084
a 1095 16777216 65536
f 1072
a 1096 16777216 65536
f 1089
a 1097 16777216 65536
a 1098 16777216 65536
f 1087
a 1099 16777216 65536
f 1069
f 1093
a 1100 16777216 65536
a 1101 8388608 65536
f 1083
a 1102 16777216 65536
f 1095
a 1103 16777216 65536
f 1075
f 1097
f 1092
f 1096
f 1090
a 1104 16777216 65536
a 1105 16777216 65536
a 1106 16777216 65536
a 1107 8388608 65536
f 1100
f 1104
f 1105
f 1106
f 1107
a 1108 16777216 65536
a 1109 16777216 65536
a 1110 16777216 65536
a 1111 8388608 65536
a 1112 4194304 65536
f 1091
a 1113 4194304 65536
a 1114 16777216 65536
a 1115 8388608 65536
f 1086
f 1111
a 1116 8388608 65536
f 1108
f 1101
a 1117 8388608 65536
f 1116
f 1103
f 1117
a 1118 16777216 65536
a 1119 8388608 65536
a 1120 16777216 65536
f 1094
f 1118
f 1119
a 1121 16777216 65536
a 1122 8388608 65536
f 1120
f 1079
f 1098
f 1102
f 1077
a 1123 16777216 65536
a 1124 16777216 65536
a 1125 16777216 65536
a 1126 16777216 65536
a 1127 8388608 65536
f 1114
f 1109
f 1110
f 1115
a 1128 16777216 65536
a 1129 16777216 65536
a 1130 16777216 65536
a 1131 8388608 65536
c churn-800
a 1132 8388608 65536
f 1113
a 1133 4194304 65536
a 1134 16777216 65536
f 1085
a 1135 8388608 65536
a 1136 16777216 65536
f 1130
f 1132
f 1099
f 1135
a 1137 8388608 65536
a 1138 8388608 65536
f 1122
a 1139 16777216 65536
f 1136
a 1140 16777216 65536
f 1134
a 1141 16777216 65536
a 1142 16777216 65536
f 1128
f 1123
a 1143 16777216 65536
a 1144 8388608 65536
f 1121
f 1137
f 1143
f 1138
a 1145 16777216 65536
a 1146 8388608 65536
a 1147 16777216 65536
a 1148 16777216 65536
f 1125
f 1112
a 1149 4194304 65536
f 1126
a 1150 16777216 65536
f 1140
a 1151 8388608 65536
f 1127
a 1152 16777216 65536
f 1129
f 1141
f 1152
f 1150
f 1131
a 1153 16777216 65536
a 1154 16777216 65536
a 1155 16777216 65536
a 1156 8388608 65536
a 1157 8388608 65536
f 1151
a 1158 16777216 65536
f 1142
f 1124
f 1147
f 1148
f 1157
a 1159 16777216 65536
a 1160 16777216 65536
a 1161 16777216 65536
a 1162 16777216 65536
a 1163 8388608 65536
f 1139
f 1133
a 1164 4194304 65536
a 1165 16777216 65536
f 1162
f 1149
a 1166 4194304 65536
a 1167 16777216 65536
f 1165
a 1168 8388608 65536
f 1146
a 1169 16777216 65536
f 1155
a 1170 8388608 65536
f 1168
a 1171 16777216 65536
a 1172 4194304 65536
f 1164
a 1173 8388608 65536
f 1154
f 1163
a 1174 16777216 65536
a 1175 16777216 65536
f 1159
a 1176 16777216 65536
f 1169
f 1144
a 1177 8388608 65536
a 1178 16777216 65536
f 1174
a 1179 8388608 65536
f 1176
f 1172
a 1180 4194304 65536
f 1170
a 1181 8388608 65536
f 1158
a 1182 16777216 65536
a 1183 16777216 65536
f 1177
a 1184 8388608 65536
f 1173
a 1185 8388608 65536
f 1153
a 1186 8388608 65536
f 1181
f 1180
a 1187 4194304 65536
f 1184
a 1188 8388608 65536
f 1179
a 1189 8388608 65536
f 1186
a 1190 16777216 65536
f 1187
a 1191 4194304 65536
f 1185
a 1192 8388608 65536
f 1182
f 1178
f 1160
f 1161
f 1167
f 1189
a 1193 16777216 65536
a 1194 16777216 65536
a 1195 16777216 65536
a 1196 16777216 65536
a 1197 8388608 65536
f 1191
a 1198 4194304 65536
f 1198
a 1199 4194304 65536
a 1200 16777216 65536
a 1201 8388608 65536
f 1145
f 1166
a 1202 4194304 65536
f 1156
a 1203 8388608 65536
f 1192
a 1204 8388608 65536
f 1197
a 1205 8388608 65536
f 1204
a 1206 8388608 65536
a 1207 16777216 65536
f 1201
f 1200
f 1188
a 1208 16777216 65536
a 1209 8388608 65536
f 1194
a 1210 4194304 65536
f 1199
a 1211 16777216 65536
a 1212 16777216 65536
f 1175
a 1213 8388608 65536
f 1193
f 1205
f 1190
a 1214 16777216 65536
a 1215 4194304 65536
f 1202
a 1216 8388608 65536
a 1217 16777216 65536
a 1218 16777216 65536
f 1209
f 1183
a 1219 8388608 65536
f 1214
f 1203
a 1220 16777216 65536
a 1221 16777216 65536
f 1208
a 1222 8388608 65536
f 1213
f 1210
a 1223 4194304 65536
f 1211
a 1224 16777216 65536
f 1218
f 1171
f 1221
f 1222
a 1225 16777216 65536
a 1226 16777216 65536
a 1227 16777216 65536
a 1228 8388608 65536
a 1229 4194304 65536
f 1195
a 1230 16777216 65536
f 1215
a 1231 4194304 65536
f 1227
a 1232 16777216 65536
f 1229
a 1233 16777216 65536
f 1217
a 1234 16777216 65536
a 1235 8388608 65536
f 1224
f 1212
a 1236 16777216 65536
f 1233
a 1237 16777216 65536
f 1228
a 1238 8388608 65536
f 1220
f 1223
a 1239 4194304 65536
f 1219
a 1240 8388608 65536
f 1237
f 1240
a 1241 16777216 65536
a 1242 8388608 65536
a 1243 4194304 65536
f 1216
a 1244 16777216 65536
f 1231
f 1232
a 1245 8388608 65536
a 1246 4194304 65536
a 1247 16777216 65536
f 1238
f 1239
f 1243
a 1248 4194304 65536
c churn-900
f 1226
a 1249 16777216 65536
a 1250 16777216 65536
f 1236
a 1251 16777216 65536
a 1252 4194304 65536
f 1249
a 1253 16777216 65536
f 1247
f 1196
f 1244
a 1254 16777216 65536
f 1248
a 1255 8388608 65536
f 1206
a 1256 8388608 65536
f 1242
a 1257 4194304 65536
a 1258 16777216 65536
a 1259 16777216 65536
f 1246
a 1260 16777216 65536
f 1230
f 1254
f 1252
a 1261 4194304 65536
f 1241
a 1262 8388608 65536
f 1235
f 1257
a 1263 4194304 65536
a 1264 16777216 65536
f 1261
a 1265 4194304 65536
a 1266 16777216 65536
f 1253
a 1267 16777216 65536
f 1264
a 1268 16777216 65536
a 1269 4194304 65536
f 1207
f 1258
a 1270 16777216 65536
f 1263
f 1265
a 1271 4194304 65536
f 1251
a 1272 4194304 65536
f 1269
a 1273 16777216 65536
a 1274 16777216 65536
f 1267
a 1275 16777216 65536
f 1270
f 1234
a 1276 8388608 65536
f 1255
a 1277 16777216 65536
f 1266
a 1278 16777216 65536
a 1279 16777216 65536
a 1280 16777216 65536
f 1273
f 1274
a 1281 8388608 65536
f 1278
a 1282 16777216 65536
a 1283 16777216 65536
f 1245
f 1268
a 1284 16777216 65536
f 1260
a 1285 4194304 65536
f 1271
a 1286 4194304 65536
f 1250
f 1225
f 1280
f 1283
f 1262
a 1287 16777216 65536
a 1288 16777216 65536
a 1289 16777216 65536
a 1290 8388608 65536
f 1272
a 1291 8388608 65536
f 1287
f 1288
f 1289
f 1290
a 1292 16777216 65536
a 1293 16777216 65536
a 1294 16777216 65536
a 1295 8388608 65536
a 1296 16777216 65536
f 1256
a 1297 4194304 65536
a 1298 8388608 65536
f 1259
f 1285
a 1299 16777216 65536
f 1275
f 1279
f 1284
f 1277
f 1281
a 1300 16777216 65536
a 1301 16777216 65536
a 1302 16777216 65536
a 1303 16777216 65536
a 1304 8388608 65536
f 1291
a 1305 16777216 65536
f 1282
f 1292
f 1293
f 1294
f 1295
a 1306 16777216 65536
a 1307 16777216 65536
a 1308 16777216 65536
a 1309 8388608 65536
a 1310 4194304 65536
f 1302
a 1311 4194304 65536
f 1296
a 1312 16777216 65536
f 1297
f 1306
f 1307
f 1308
f 1309
a 1313 16777216 65536
a 1314 16777216 65536
a 1315 16777216 65536
a 1316 8388608 65536
f 1310
a 1317 4194304 65536
f 1286
a 1318 16777216 65536
f 1315
a 1319 16777216 65536
f 1319
f 1314
f 1318
f 1316
a 1320 16777216 65536
a 1321 16777216 65536
a 1322 16777216 65536
a 1323 8388608 65536
a 1324 16777216 65536
f 1313
f 1311
a 1325 4194304 65536
f 1300
a 1326 16777216 65536
f 1321
a 1327 16777216 65536
a 1328 16777216 65536
a 1329 4194304 65536
f 1324
f 1305
f 1317
a 1330 16777216 65536
f 1312
f 1299
f 1298
a 1331 16777216 65536
a 1332 8388608 65536
f 1330
a 1333 16777216 65536
f 1329
a 1334 4194304 65536
a 1335 8388608 65536
a 1336 16777216 65536
a 1337 8388608 65536
f 1304
f 1331
f 1332
a 1338 16777216 65536
f 1328
f 1276
a 1339 8388608 65536
a 1340 8388608 65536
f 1337
a 1341 8388608 65536
a 1342 16777216 65536
f 1339
f 1322
a 1343 16777216 65536
f 1325
a 1344 4194304 65536
f 1333
f 1327
f 1301
f 1338
f 1303
f 1335
a 1345 16777216 65536
a 1346 16777216 65536
a 1347 16777216 65536
a 1348 16777216 65536
a 1349 8388608 65536
a 1350 8388608 65536
a 1351 8388608 65536
f 1341
f 1320
f 1326
f 1342
f 1351
a 1352 16777216 65536
a 1353 16777216 65536
a 1354 16777216 65536
a 1355 8388608 65536
a 1356 4194304 65536
f 1323
a 1357 16777216 65536
f 1334
f 1344
a 1358 4194304 65536
f 1346
a 1359 8388608 65536
a 1360 8388608 65536
f 1340
f 1359
f 1352
f 1353
f 1354
f 1355
a 1361 16777216 65536
a 1362 16777216 65536
a 1363 16777216 65536
a 1364 8388608 65536
a 1365 8388608 65536
a 1366 16777216 65536
f 1336
f 1360
a 1367 16777216 65536
a 1368 8388608 65536
f 1350
a 1369 16777216 65536
f 1357
a 1370 4194304 65536
f 1370
a 1371 4194304 65536
f 1362
a 1372 16777216 65536
f 1356
f 1366
a 1373 16777216 65536
f 1345
f 1373
f 1347
f 1348
f 1349
a 1374 16777216 65536
a 1375 16777216 65536
a 1376 16777216 65536
a 1377 16777216 65536
a 1378 8388608 65536
a 1379 16777216 65536
f 1372
a 1380 8388608 65536
a 1381 16777216 65536
f 1375
f 1365
a 1382 8388608 65536
f 1364
a 1383 16777216 65536
c churn-1000
f 1363
f 1343
f 1380
a 1384 8388608 65536
a 1385 8388608 65536
a 1386 16777216 65536
f 1384
a 1387 8388608 65536
a 1388 8388608 65536
f 1369
f 1387
a 1389 16777216 65536
f 1385
a 1390 16777216 65536
f 1361
f 1374
a 1391 8388608 65536
a 1392 16777216 65536
f 1378
a 1393 8388608 65536
a 1394 8388608 65536
f 1379
f 1391
f 1382
f 1371
a 1395 4194304 65536
f 1388
a 1396 8388608 65536
a 1397 16777216 65536
a 1398 16777216 65536
f 1381
a 1399 16777216 65536
f 1367
a 1400 16777216 65536
f 1377
a 1401 8388608 65536
f 1386
a 1402 8388608 65536
f 1394
a 1403 16777216 65536
f 1368
f 1392
f 1390
f 1403
f 1376
f 1399
f 1393
a 1404 16777216 65536
a 1405 16777216 65536
a 1406 16777216 65536
a 1407 16777216 65536
a 1408 8388608 65536
a 1409 8388608 65536
f 1389
f 1400
f 1397
f 1402
a 1410 16777216 65536
a 1411 16777216 65536
a 1412 16777216 65536
a 1413 8388608 65536
a 1414 8388608 65536
f 1396
f 1409
a 1415 8388608 65536
f 1410
f 1411
f 1412
f 1413
a 1416 16777216 65536
a 1417 16777216 65536
a 1418 16777216 65536
a 1419 8388608 65536
f 1401
a 1420 16777216 65536
f 1395
a 1421 4194304 65536
a 1422 8388608 65536
f 1418
a 1423 8388608 65536
f 1408
f 1415
a 1424 8388608 65536
f 1422
a 1425 16777216 65536
f 1398
a 1426 4194304 65536
a 1427 8388608 65536
f 1404
f 1405
f 1406
f 1407
f 1423
a 1428 16777216 65536
a 1429 16777216 65536
a 1430 16777216 65536
a 1431 16777216 65536
a 1432 8388608 65536
f 1358
a 1433 16777216 65536
f 1424
f 1421
a 1434 4194304 65536
f 1429
a 1435 16777216 65536
a 1436 8388608 65536
f 1414
a 1437 16777216 65536
f 1431
a 1438 16777216 65536
f 1435
f 1416
f 1417
f 1420
f 1419
a 1439 16777216 65536
a 1440 16777216 65536
a 1441 16777216 65536
a 1442 8388608 65536
a 1443 4194304 65536
f 1437
a 1444 16777216 65536
f 1426
a 1445 16777216 65536
a 1446 16777216 65536
f 1430
f 1440
a 1447 16777216 65536
f 1425
a 1448 8388608 65536
f 1428
a 1449 16777216 65536
f 1436
f 1427
a 1450 8388608 65536
a 1451 4194304 65536
f 1446
f 1434
a 1452 16777216 65536
a 1453 16777216 65536
a 1454 16777216 65536
f 1438
f 1383
a 1455 16777216 65536
f 1452
a 1456 16777216 65536
f 1441
f 1451
a 1457 4194304 65536
f 1447
f 1433
f 1444
f 1456
f 1432
a 1458 16777216 65536
a 1459 16777216 65536
a 1460 16777216 65536
a 1461 16777216 65536
a 1462 8388608 65536
f 1455
a 1463 4194304 65536
f 1457
a 1464 8388608 65536
a 1465 16777216 65536
f 1442
a 1466 16777216 65536
a 1467 16777216 65536
f 1445
f 1463
a 1468 4194304 65536
f 1449
a 1469 16777216 65536
f 1439
a 1470 16777216 65536
f 1466
f 1469
a 1471 8388608 65536
a 1472 16777216 65536
a 1473 4194304 65536
f 1450
f 1459
f 1468
f 1458
f 1472
f 1460
f 1461
f 1462
a 1474 16777216 65536
a 1475 16777216 65536
a 1476 16777216 65536
a 1477 16777216 65536
a 1478 8388608 65536
f 1471
a 1479 8388608 65536
a 1480 8388608 65536
a 1481 16777216 65536
f 1448
a 1482 4194304 65536
f 1453
f 1467
f 1470
f 1454
f 1464
a 1483 16777216 65536
a 1484 16777216 65536
a 1485 16777216 65536
a 1486 8388608 65536
a 1487 16777216 65536
f 1443
f 1477
f 1483
f 1484
f 1485
f 1486
a 1488 16777216 65536
a 1489 16777216 65536
a 1490 16777216 65536
a 1491 8388608 65536
a 1492 16777216 65536
f 1488
f 1492
f 1489
f 1490
f 1491
a 1493 16777216 65536
a 1494 16777216 65536
a 1495 16777216 65536
a 1496 8388608 65536
a 1497 16777216 65536
a 1498 16777216 65536
f 1465
a 1499 16777216 65536
a 1500 16777216 65536
f 1487
f 1493
a 1501 8388608 65536
f 1497
f 1501
a 1502 8388608 65536
f 1479
a 1503 16777216 65536
f 1495
f 1499
f 1494
f 1503
f 1496
a 1504 16777216 65536
a 1505 16777216 65536
a 1506 16777216 65536
a 1507 8388608 65536
a 1508 4194304 65536
f 1482
a 1509 8388608 65536
a 1510 4194304 65536
a 1511 8388608 65536
f 1507
f 1473
a 1512 16777216 65536
a 1513 8388608 65536
f 1480
f 1504
a 1514 4194304 65536
f 1478
f 1510
a 1515 16777216 65536
a 1516 16777216 65536
f 1476
f 1508
a 1517 4194304 65536
f 1505
f 1474
f 1475
f 1516
f 1498
f 1513
a 1518 16777216 65536
a 1519 16777216 65536
a 1520 16777216 65536
a 1521 16777216 65536
a 1522 8388608 65536
a 1523 4194304 65536
f 1514
f 1500
f 1511
a 1524 16777216 65536
a 1525 8388608 65536
c churn-1100
a 1526 16777216 65536
a 1527 8388608 65536
f 1481
f 1512
f 1515
f 1506
f 1509
a 1528 16777216 65536
a 1529 16777216 65536
a 1530 16777216 65536
a 1531 8388608 65536
f 1526
a 1532 16777216 65536
f 1525
a 1533 16777216 65536
f 1532
a 1534 16777216 65536
f 1521
a 1535 16777216 65536
f 1518
a 1536 16777216 65536
a 1537 8388608 65536
a 1538 8388608 65536
f 1530
f 1523
a 1539 4194304 65536
f 1502
f 1539
a 1540 4194304 65536
f 1527
f 1540
a 1541 4194304 65536
a 1542 16777216 65536
a 1543 16777216 65536
a 1544 8388608 65536
f 1535
f 1524
f 1538
a 1545 16777216 65536
a 1546 8388608 65536
f 1536
f 1545
f 1546
a 1547 16777216 65536
a 1548 8388608 65536
f 1522
f 1517
a 1549 4194304 65536
a 1550 4194304 65536
a 1551 16777216 65536
f 1549
f 1534
a 1552 16777216 65536
f 1547
f 1548
a 1553 16777216 65536
a 1554 8388608 65536
a 1555 4194304 65536
f 1543
f 1541
a 1556 16777216 65536
f 1519
f 1542
f 1556
f 1520
f 1533
f 1544
a 1557 16777216 65536
a 1558 16777216 65536
a 1559 16777216 65536
a 1560 16777216 65536
a 1561 8388608 65536
f 1555
a 1562 4194304 65536
a 1563 16777216 65536
a 1564 8388608 65536
f 1558
a 1565 16777216 65536
f 1553
a 1566 8388608 65536
f 1554
a 1567 4194304 65536
f 1562
a 1568 8388608 65536
f 1537
a 1569 16777216 65536
f 1559
a 1570 16777216 65536
f 1531
f 1566
a 1571 8388608 65536
f 1565
f 1557
f 1563
f 1569
f 1560
f 1561
a 1572 16777216 65536
a 1573 16777216 65536
a 1574 16777216 65536
a 1575 16777216 65536
a 1576 8388608 65536
a 1577 16777216 65536
f 1529
a 1578 16777216 65536
a 1579 16777216 65536
f 1572
f 1550
a 1580 4194304 65536
a 1581 16777216 65536
f 1552
f 1578
f 1573
f 1574
f 1581
f 1576
a 1582 16777216 65536
a 1583 16777216 65536
a 1584 16777216 65536
a 1585 16777216 65536
a 1586 8388608 65536
a 1587 16777216 65536
f 1575
a 1588 8388608 65536
f 1584
f 1571
a 1589 16777216 65536
a 1590 16777216 65536
f 1579
f 1580
a 1591 4194304 65536
f 1577
a 1592 8388608 65536
a 1593 16777216 65536
f 1586
a 1594 4194304 65536
f 1583
f 1582
f 1593
f 1587
f 1585
f 1592
a 1595 16777216 65536
a 1596 16777216 65536
a 1597 16777216 65536
a 1598 16777216 65536
a 1599 8388608 65536
a 1600 4194304 65536
f 1567
a 1601 8388608 65536
f 1528
f 1589
f 1590
f 1568
a 1602 16777216 65536
a 1603 16777216 65536
a 1604 16777216 65536
a 1605 8388608 65536
f 1591
f 1600
a 1606 4194304 65536
f 1588
f 1606
a 1607 4194304 65536
a 1608 16777216 65536
f 1601
a 1609 8388608 65536
f 1598
a 1610 8388608 65536
a 1611 16777216 65536
f 1570
f 1564
a 1612 16777216 65536
a 1613 8388608 65536
f 1605
a 1614 8388608 65536
f 1608
f 1599
a 1615 8388608 65536
a 1616 16777216 65536
f 1551
a 1617 16777216 65536
f 1613
a 1618 16777216 65536
f 1603
f 1616
a 1619 8388608 65536
f 1615
f 1617
a 1620 16777216 65536
f 1609
a 1621 8388608 65536
f 1602
f 1618
f 1604
f 1610
a 1622 16777216 65536
a 1623 16777216 65536
a 1624 16777216 65536
a 1625 8388608 65536
a 1626 16777216 65536
a 1627 16777216 65536
f 1611
a 1628 16777216 65536
f 1620
a 1629 8388608 65536
f 1627
f 1614
a 1630 4194304 65536
f 1594
a 1631 16777216 65536
f 1621
a 1632 8388608 65536
f 1612
a 1633 16777216 65536
f 1596
a 1634 4194304 65536
f 1595
f 1633
f 1597
f 1626
f 1629
a 1635 16777216 65536
a 1636 16777216 65536
a 1637 16777216 65536
a 1638 16777216 65536
a 1639 8388608 65536
f 1607
f 1632
a 1640 8388608 65536
a 1641 16777216 65536
a 1642 16777216 65536
f 1631
f 1619
a 1643 16777216 65536
a 1644 8388608 65536
f 1638
f 1623
a 1645 8388608 65536
a 1646 8388608 65536
f 1640
f 1646
a 1647 8388608 65536
f 1625
a 1648 16777216 65536
a 1649 16777216 65536
a 1650 8388608 65536
f 1624
a 1651 8388608 65536
f 1637
f 1645
f 1647
a 1652 4194304 65536
f 1635
f 1636
f 1649
f 1641
f 1639
a 1653 16777216 65536
a 1654 16777216 65536
a 1655 16777216 65536
a 1656 16777216 65536
a 1657 8388608 65536
a 1658 16777216 65536
f 1630
a 1659 8388608 65536
a 1660 16777216 65536
f 1656
f 1628
a 1661 16777216 65536
f 1657
a 1662 8388608 65536
f 1653
f 1654
f 1655
f 1658
f 1659
a 1663 16777216 65536
a 1664 16777216 65536
a 1665 16777216 65536
a 1666 16777216 65536
a 1667 8388608 65536
c churn-1200
f 1643
f 1644
a 1668 16777216 65536
f 1661
f 1662
a 1669 16777216 65536
a 1670 8388608 65536
a 1671 16777216 65536
f 1664
a 1672 16777216 65536
f 1648
f 1669
f 1670
a 1673 16777216 65536
a 1674 8388608 65536
f 1671
a 1675 16777216 65536
f 1672
a 1676 16777216 65536
a 1677 16777216 65536
a 1678 16777216 65536
f 1622
f 1663
f 1666
a 1679 8388608 65536
a 1680 16777216 65536
f 1674
f 1676
a 1681 4194304 65536
f 1652
f 1634
a 1682 4194304 65536
a 1683 16777216 65536
f 1668
a 1684 4194304 65536
f 1651
a 1685 8388608 65536
f 1681
a 1686 16777216 65536
a 1687 16777216 65536
f 1660
a 1688 16777216 65536
f 1683
a 1689 16777216 65536
f 1673
a 1690 16777216 65536
a 1691 8388608 65536
f 1665
a 1692 8388608 65536
f 1686
f 1667
a 1693 16777216 65536
a 1694 16777216 65536
f 1685
f 1689
f 1684
a 1695 4194304 65536
f 1687
f 1677
f 1688
f 1693
f 1678
f 1691
a 1696 16777216 65536
a 1697 16777216 65536
a 1698 16777216 65536
a 1699 16777216 65536
a 1700 8388608 65536
f 1692
a 1701 8388608 65536
f 1695
a 1702 4194304 65536
f 1682
a 1703 4194304 65536
a 1704 16777216 65536
a 1705 16777216 65536
f 1696
f 1697
f 1698
f 1704
f 1700
a 1706 16777216 65536
a 1707 16777216 65536
a 1708 16777216 65536
a 1709 16777216 65536
a 1710 8388608 65536
f 1699
f 1680
a 1711 8388608 65536
f 1694
f 1679
a 1712 16777216 65536
a 1713 8388608 65536
f 1706
f 1707
f 1708
f 1709
f 1710
a 1714 16777216 65536
a 1715 16777216 65536
a 1716 16777216 65536
a 1717 16777216 65536
a 1718 8388608 65536
f 1701
f 1714
f 1715
f 1716
f 1717
f 1718
a 1719 16777216 65536
a 1720 16777216 65536
a 1721 16777216 65536
a 1722 16777216 65536
a 1723 8388608 65536
a 1724 16777216 65536
f 1719
f 1720
f 1721
f 1722
f 1723
a 1725 16777216 65536
a 1726 16777216 65536
a 1727 16777216 65536
a 1728 16777216 65536
a 1729 8388608 65536
f 1642
a 1730 8388608 65536
a 1731 8388608 65536
f 1729
f 1650
f 1725
f 1726
f 1727
f 1728
f 1730
a 1732 16777216 65536
a 1733 16777216 65536
a 1734 16777216 65536
a 1735 16777216 65536
a 1736 8388608 65536
a 1737 16777216 65536
f 1703
a 1738 4194304 65536
f 1735
f 1705
f 1724
f 1675
f 1731
a 1739 16777216 65536
a 1740 16777216 65536
a 1741 16777216 65536
a 1742 8388608 65536
f 1739
f 1740
f 1741
f 1742
a 1743 16777216 65536
a 1744 16777216 65536
a 1745 16777216 65536
a 1746 8388608 65536
f 1690
a 1747 16777216 65536
f 1712
f 1713
a 1748 16777216 65536
a 1749 8388608 65536
a 1750 8388608 65536
a 1751 8388608 65536
f 1711
a 1752 8388608 65536
f 1736
a 1753 16777216 65536
f 1749
f 1733
f 1743
f 1744
f 1745
f 1746
a 1754 16777216 65536
a 1755 16777216 65536
a 1756 16777216 65536
a 1757 8388608 65536
a 1758 4194304 65536
a 1759 16777216 65536
f 1754
f 1755
f 1756
f 1757
a 1760 16777216 65536
a 1761 16777216 65536
a 1762 16777216 65536
a 1763 8388608 65536
f 1702
f 1747
f 1748
f 1751
a 1764 16777216 65536
a 1765 8388608 65536
a 1766 8388608 65536
f 1765
a 1767 16777216 65536
a 1768 16777216 65536
a 1769 16777216 65536
f 1764
f 1759
f 1767
f 1766
a 1770 16777216 65536
a 1771 8388608 65536
f 1732
a 1772 16777216 65536
f 1734
f 1769
f 1753
f 1772
f 1737
f 1750
a 1773 16777216 65536
a 1774 16777216 65536
a 1775 16777216 65536
a 1776 16777216 65536
a 1777 8388608 65536
a 1778 8388608 65536
f 1760
f 1761
f 1762
f 1778
a 1779 16777216 65536
a 1780 16777216 65536
a 1781 16777216 65536
a 1782 8388608 65536
f 1763
f 1752
a 1783 8388608 65536
a 1784 16777216 65536
a 1785 16777216 65536
f 1775
a 1786 8388608 65536
f 1779
f 1777
f 1770
f 1771
a 1787 16777216 65536
a 1788 8388608 65536
a 1789 16777216 65536
f 1773
f 1774
f 1789
f 1776
f 1786
a 1790 16777216 65536
a 1791 16777216 65536
a 1792 16777216 65536
a 1793 16777216 65536
a 1794 8388608 65536
f 1784
a 1795 16777216 65536
a 1796 8388608 65536
f 1792
f 1783
f 1790
f 1791
f 1795
f 1793
f 1794
a 1797 16777216 65536
a 1798 16777216 65536
a 1799 16777216 65536
a 1800 16777216 65536
a 1801 8388608 65536
a 1802 16777216 65536
f 1738
a 1803 4194304 65536
f 1781
a 1804 16777216 65536
f 1804
f 1798
f 1799
f 1800
f 1801
a 1805 16777216 65536
a 1806 16777216 65536
a 1807 16777216 65536
a 1808 16777216 65536
a 1809 8388608 65536
f 1797
a 1810 16777216 65536
f 1785
f 1810
f 1802
f 1782
a 1811 16777216 65536
a 1812 16777216 65536
a 1813 16777216 65536
a 1814 8388608 65536
f 1787
f 1788
a 1815 16777216 65536
a 1816 8388608 65536
f 1780
a 1817 16777216 65536
f 1805
a 1818 16777216 65536
f 1811
a 1819 8388608 65536
f 1796
a 1820 16777216 65536
f 1803
a 1821 4194304 65536
f 1807
f 1818
f 1812
f 1813
f 1814
a 1822 16777216 65536
a 1823 16777216 65536
a 1824 16777216 65536
a 1825 8388608 65536
a 1826 8388608 65536
f 1817
f 1806
f 1820
f 1808
f 1809
a 1827 16777216 65536
a 1828 16777216 65536
a 1829 16777216 65536
a 1830 16777216 65536
a 1831 8388608 65536
a 1832 8388608 65536
f 1816
a 1833 8388608 65536
f 1831
f 1832
f 1822
f 1823
f 1824
f 1825
a 1834 16777216 65536
a 1835 16777216 65536
a 1836 16777216 65536
a 1837 8388608 65536
a 1838 8388608 65536
a 1839 16777216 65536
f 1827
a 1840 4194304 65536
f 1833
f 1758
a 1841 16777216 65536
a 1842 8388608 65536
f 1835
a 1843 16777216 65536
c churn-1300
f 1838
f 1839
f 1828
f 1829
f 1830
f 1842
a 1844 16777216 65536
a 1845 16777216 65536
a 1846 16777216 65536
a 1847 16777216 65536
a 1848 8388608 65536
a 1849 16777216 65536
f 1841
f 1768
a 1850 16777216 65536
a 1851 16777216 65536
f 1836
f 1850
a 1852 16777216 65536
f 1844
a 1853 16777216 65536
f 1846
f 1819
a 1854 8388608 65536
f 1852
f 1845
f 1853
f 1847
f 1848
a 1855 16777216 65536
a 1856 16777216 65536
a 1857 16777216 65536
a 1858 16777216 65536
a 1859 8388608 65536
a 1860 16777216 65536
a 1861 16777216 65536
f 1815
a 1862 8388608 65536
f 1843
f 1851
a 1863 16777216 65536
a 1864 16777216 65536
f 1837
f 1834
f 1860
f 1849
f 1862
a 1865 16777216 65536
a 1866 16777216 65536
a 1867 16777216 65536
a 1868 8388608 65536
f 1863
a 1869 16777216 65536
f 1855
f 1864
f 1856
f 1857
f 1858
f 1859
a 1870 16777216 65536
a 1871 16777216 65536
a 1872 16777216 65536
a 1873 16777216 65536
a 1874 8388608 65536
a 1875 8388608 65536
f 1868
a 1876 16777216 65536
a 1877 16777216 65536
f 1871
f 1861
a 1878 4194304 65536
a 1879 16777216 65536
f 1840
f 1865
a 1880 4194304 65536
f 1870
f 1876
f 1872
f 1873
f 1874
a 1881 16777216 65536
a 1882 16777216 65536
a 1883 16777216 65536
a 1884 16777216 65536
a 1885 8388608 65536
f 1878
a 1886 16777216 65536
f 1882
f 1854
a 1887 8388608 65536
a 1888 8388608 65536
a 1889 16777216 65536
f 1884
a 1890 8388608 65536
f 1826
f 1879
f 1866
f 1867
f 1875
a 1891 16777216 65536
a 1892 16777216 65536
a 1893 16777216 65536
a 1894 8388608 65536
f 1887
a 1895 16777216 65536
f 1883
a 1896 8388608 65536
a 1897 16777216 65536
f 1894
a 1898 16777216 65536
f 1889
a 1899 4194304 65536
f 1892
a 1900 8388608 65536
f 1890
a 1901 4194304 65536
f 1821
a 1902 16777216 65536
f 1899
f 1886
a 1903 16777216 65536
f 1898
a 1904 8388608 65536
f 1891
f 1897
f 1893
f 1896
a 1905 16777216 65536
a 1906 16777216 65536
a 1907 16777216 65536
a 1908 8388608 65536
f 1900
f 1901
a 1909 4194304 65536
f 1877
f 1888
a 1910 16777216 65536
a 1911 8388608 65536
a 1912 4194304 65536
a 1913 8388608 65536
f 1880
f 1885
a 1914 16777216 65536
a 1915 16777216 65536
f 1869
f 1910
a 1916 8388608 65536
a 1917 16777216 65536
f 1881
a 1918 16777216 65536
f 1913
a 1919 16777216 65536
f 1902
f 1918
f 1912
a 1920 4194304 65536
a 1921 4194304 65536
a 1922 16777216 65536
f 1909
f 1915
f 1911
a 1923 16777216 65536
a 1924 8388608 65536
f 1906
a 1925 8388608 65536
a 1926 8388608 65536
f 1908
f 1905
f 1922
f 1907
f 1925
a 1927 16777216 65536
a 1928 16777216 65536
a 1929 16777216 65536
a 1930 8388608 65536
a 1931 16777216 65536
f 1916
f 1923
f 1924
a 1932 16777216 65536
a 1933 8388608 65536
f 1903
a 1934 16777216 65536
f 1919
a 1935 16777216 65536
a 1936 16777216 65536
f 1928
a 1937 16777216 65536
f 1934
a 1938 16777216 65536
a 1939 16777216 65536
f 1932
f 1914
a 1940 16777216 65536
f 1931
a 1941 8388608 65536
f 1929
f 1937
f 1933
a 1942 16777216 65536
a 1943 8388608 65536
f 1926
a 1944 16777216 65536
f 1921
a 1945 4194304 65536
a 1946 16777216 65536
f 1936
a 1947 16777216 65536
a 1948 8388608 65536
f 1938
f 1904
a 1949 8388608 65536
f 1940
a 1950 16777216 65536
f 1941
f 1927
f 1935
f 1947
f 1930
a 1951 16777216 65536
a 1952 16777216 65536
a 1953 16777216 65536
a 1954 8388608 65536
f 1946
a 1955 8388608 65536
f 1948
a 1956 4194304 65536
f 1942
f 1943
a 1957 16777216 65536
a 1958 8388608 65536
f 1945
a 1959 16777216 65536
f 1952
f 1949
a 1960 8388608 65536
a 1961 4194304 65536
f 1956
a 1962 8388608 65536
f 1951
f 1959
f 1953
f 1954
a 1963 16777216 65536
a 1964 16777216 65536
a 1965 16777216 65536
a 1966 8388608 65536
a 1967 8388608 65536
f 1958
f 1957
f 1962
a 1968 16777216 65536
a 1969 8388608 65536
f 1960
f 1967
a 1970 8388608 65536
a 1971 4194304 65536
a 1972 16777216 65536
a 1973 8388608 65536
f 1920
a 1974 8388608 65536
f 1944
f 1917
f 1972
f 1895
f 1950
f 1973
a 1975 16777216 65536
a 1976 16777216 65536
a 1977 16777216 65536
a 1978 16777216 65536
a 1979 8388608 65536
f 1955
f 1968
f 1969
a 1980 16777216 65536
a 1981 8388608 65536
f 1970
a 1982 16777216 65536
a 1983 8388608 65536
f 1971
a 1984 4194304 65536
f 1978
a 1985 16777216 65536
f 1981
f 1963
f 1980
f 1983
a 1986 16777216 65536
a 1987 8388608 65536
a 1988 8388608 65536
f 1961
a 1989 4194304 65536
c churn-1400
f 1987
a 1990 4194304 65536
a 1991 16777216 65536
f 1975
a 1992 16777216 65536
f 1984
f 1974
a 1993 8388608 65536
a 1994 16777216 65536
f 1985
f 1991
f 1994
f 1977
f 1982
f 1979
a 1995 16777216 65536
a 1996 16777216 65536
a 1997 16777216 65536
a 1998 16777216 65536
a 1999 8388608 65536
f 1976
a 2000 8388608 65536
f 1988
a 2001 4194304 65536
a 2002 4194304 65536
a 2003 4194304 65536
f 1990
a 2004 16777216 65536
f 2001
f 1989
a 2005 16777216 65536
f 1986
f 1993
a 2006 8388608 65536
f 1992
a 2007 4194304 65536
a 2008 16777216 65536
f 2003
f 1998
a 2009 16777216 65536
a 2010 16777216 65536
f 1939
f 2004
f 1964
f 1965
f 1966
a 2011 16777216 65536
a 2012 16777216 65536
a 2013 16777216 65536
a 2014 8388608 65536
f 2011
f 2012
f 2013
f 2014
a 2015 16777216 65536
a 2016 16777216 65536
a 2017 16777216 65536
a 2018 8388608 65536
f 2009
a 2019 16777216 65536
f 2006
a 2020 8388608 65536
f 1995
a 2021 16777216 65536
a 2022 8388608 65536
f 2020
a 2023 8388608 65536
f 2017
a 2024 16777216 65536
f 2018
a 2025 16777216 65536
a 2026 16777216 65536
f 2008
a 2027 8388608 65536
f 2024
a 2028 16777216 65536
f 2005
f 2007
a 2029 4194304 65536
f 2023
f 2028
f 2000
a 2030 16777216 65536
a 2031 8388608 65536
f 2026
a 2032 16777216 65536
f 2010
a 2033 8388608 65536
f 1999
f 2032
a 2034 16777216 65536
a 2035 16777216 65536
a 2036 8388608 65536
a 2037 8388608 65536
f 2025
f 2002
a 2038 4194304 65536
f 2031
f 2038
a 2039 4194304 65536
f 2033
a 2040 8388608 65536
f 2029
a 2041 4194304 65536
f 2034
a 2042 16777216 65536
f 2037
a 2043 16777216 65536
f 1996
a 2044 16777216 65536
a 2045 16777216 65536
f 2015
f 2027
a 2046 8388608 65536
f 2016
a 2047 16777216 65536
f 2043
a 2048 16777216 65536
f 2019
a 2049 16777216 65536
a 2050 8388608 65536
f 2045
f 2022
a 2051 8388608 65536
a 2052 16777216 65536
f 2040
a 2053 16777216 65536
a 2054 16777216 65536
f 2042
f 2048
a 2055 16777216 65536
f 2030
a 2056 8388608 65536
f 2047
a 2057 16777216 65536
f 2044
f 2049
f 2021
f 2050
a 2058 16777216 65536
a 2059 16777216 65536
a 2060 16777216 65536
a 2061 8388608 65536
f 2046
a 2062 16777216 65536
f 2054
a 2063 8388608 65536
f 2053
f 2051
a 2064 16777216 65536
f 2057
a 2065 16777216 65536
a 2066 16777216 65536
f 2058
a 2067 16777216 65536
f 2055
f 2052
a 2068 16777216 65536
f 2035
a 2069 8388608 65536
f 2062
f 2036
a 2070 16777216 65536
a 2071 8388608 65536
f 2070
f 2071
a 2072 16777216 65536
a 2073 8388608 65536
f 2063
a 2074 16777216 65536
f 2065
f 2064
f 2074
f 1997
f 2067
f 2069
a 2075 16777216 65536
a 2076 16777216 65536
a 2077 16777216 65536
a 2078 16777216 65536
a 2079 8388608 65536
a 2080 8388608 65536
f 2056
a 2081 8388608 65536
f 2041
a 2082 4194304 65536
f 2061
a 2083 8388608 65536
a 2084 8388608 65536
f 2083
a 2085 16777216 65536
f 2080
a 2086 16777216 65536
f 2072
a 2087 16777216 65536
f 2075
a 2088 16777216 65536
f 2085
f 2087
f 2073
a 2089 16777216 65536
a 2090 8388608 65536
f 2059
a 2091 4194304 65536
f 2089
f 2090
a 2092 16777216 65536
a 2093 8388608 65536
a 2094 4194304 65536
f 2082
a 2095 4194304 65536
a 2096 16777216 65536
f 2039
a 2097 16777216 65536
f 2094
f 2092
a 2098 8388608 65536
f 2078
a 2099 8388608 65536
f 2084
a 2100 16777216 65536
a 2101 16777216 65536
f 2093
f 2086
f 2060
a 2102 4194304 65536
f 2095
a 2103 8388608 65536
f 2098
f 2066
f 2088
f 2101
f 2103
a 2104 16777216 65536
a 2105 16777216 65536
a 2106 16777216 65536
a 2107 8388608 65536
a 2108 16777216 65536
f 2102
a 2109 4194304 65536
f 2106
f 2091
a 2110 4194304 65536
f 2081
a 2111 8388608 65536
a 2112 16777216 65536
f 2111
a 2113 8388608 65536
f 2105
a 2114 16777216 65536
c churn-1500
f 2077
f 2104
f 2112
f 2108
f 2107
f 2097
f 2099
f 2109
f 2068
f 2110
f 2113
f 2100
f 2076
f 2114
f 2096
f 2079
c residents-only
