# hetoimasia allocator parity trace, format 1; see README.md
# Derived from Synarchy 9a274311de7596fc971008eb90a3e67eb83fe004: 6251 PNGs under assets/, 255112372 bytes as RGBA8,
# packed into 33 sheets totalling 348127232 bytes; 8 streamed unit families.
# Every sheet is an optimally tiled image aligned to 64 KiB.
# Churn sensitivity variant, hypothetical: no hot reload, every step streams (default 30% hot reload); every other parameter as synarchy-sheets.
trace churn-reload-0
capacity 268435456
seed 331
a 0 4194304 65536
a 1 2097152 65536
a 2 8388608 65536
a 3 1048576 65536
a 4 1048576 65536
a 5 1048576 65536
a 6 4194304 65536
a 7 1048576 65536
a 8 4194304 65536
a 9 8388608 65536
a 10 16777216 65536
a 11 16777216 65536
a 12 16777216 65536
a 13 16777216 65536
a 14 8388608 65536
a 15 16777216 65536
a 16 16777216 65536
a 17 16777216 65536
a 18 16777216 65536
a 19 16777216 65536
a 20 16777216 65536
a 21 16777216 65536
a 22 2097152 65536
a 23 4194304 65536
a 24 8388608 65536
c after-load
f 23
a 25 4194304 65536
f 15
f 16
f 17
f 18
f 19
f 20
f 21
f 22
a 26 16777216 65536
a 27 8388608 65536
a 28 16777216 65536
a 29 16777216 65536
a 30 16777216 65536
a 31 8388608 65536
a 32 4194304 65536
a 33 16777216 65536
f 28
f 29
f 30
f 31
a 34 16777216 65536
a 35 16777216 65536
a 36 16777216 65536
a 37 8388608 65536
f 26
f 27
a 38 16777216 65536
a 39 8388608 65536
f 33
a 40 16777216 65536
f 38
f 39
a 41 16777216 65536
a 42 8388608 65536
f 32
a 43 4194304 65536
f 40
a 44 16777216 65536
f 43
a 45 4194304 65536
f 41
f 42
a 46 16777216 65536
a 47 8388608 65536
f 46
f 47
a 48 16777216 65536
a 49 8388608 65536
f 45
a 50 4194304 65536
f 50
a 51 4194304 65536
f 34
f 35
f 36
f 37
a 52 16777216 65536
a 53 16777216 65536
a 54 16777216 65536
a 55 8388608 65536
f 44
a 56 16777216 65536
f 56
a 57 16777216 65536
f 52
f 53
f 54
f 55
a 58 16777216 65536
a 59 16777216 65536
a 60 16777216 65536
a 61 8388608 65536
f 58
f 59
f 60
f 61
a 62 16777216 65536
a 63 16777216 65536
a 64 16777216 65536
a 65 8388608 65536
f 51
a 66 4194304 65536
f 62
f 63
f 64
f 65
a 67 16777216 65536
a 68 16777216 65536
a 69 16777216 65536
a 70 8388608 65536
f 66
a 71 4194304 65536
f 57
a 72 16777216 65536
f 25
a 73 4194304 65536
f 24
a 74 8388608 65536
f 73
a 75 4194304 65536
f 67
f 68
f 69
f 70
a 76 16777216 65536
a 77 16777216 65536
a 78 16777216 65536
a 79 8388608 65536
f 76
f 77
f 78
f 79
a 80 16777216 65536
a 81 16777216 65536
a 82 16777216 65536
a 83 8388608 65536
f 80
f 81
f 82
f 83
a 84 16777216 65536
a 85 16777216 65536
a 86 16777216 65536
a 87 8388608 65536
f 48
f 49
a 88 16777216 65536
a 89 8388608 65536
f 10
f 11
f 12
f 13
f 14
a 90 16777216 65536
a 91 16777216 65536
a 92 16777216 65536
a 93 16777216 65536
a 94 8388608 65536
f 88
f 89
a 95 16777216 65536
a 96 8388608 65536
f 84
f 85
f 86
f 87
a 97 16777216 65536
a 98 16777216 65536
a 99 16777216 65536
a 100 8388608 65536
f 74
a 101 8388608 65536
f 72
a 102 16777216 65536
f 71
a 103 4194304 65536
f 102
a 104 16777216 65536
f 95
f 96
a 105 16777216 65536
a 106 8388608 65536
f 90
f 91
f 92
f 93
f 94
a 107 16777216 65536
a 108 16777216 65536
a 109 16777216 65536
a 110 16777216 65536
a 111 8388608 65536
f 101
a 112 8388608 65536
f 107
f 108
f 109
f 110
f 111
a 113 16777216 65536
a 114 16777216 65536
a 115 16777216 65536
a 116 16777216 65536
a 117 8388608 65536
f 97
f 98
f 99
f 100
a 118 16777216 65536
a 119 16777216 65536
a 120 16777216 65536
a 121 8388608 65536
f 104
a 122 16777216 65536
f 112
a 123 8388608 65536
f 75
a 124 4194304 65536
f 105
f 106
a 125 16777216 65536
a 126 8388608 65536
f 124
a 127 4194304 65536
f 127
a 128 4194304 65536
f 113
f 114
f 115
f 116
f 117
a 129 16777216 65536
a 130 16777216 65536
a 131 16777216 65536
a 132 16777216 65536
a 133 8388608 65536
f 118
f 119
f 120
f 121
a 134 16777216 65536
a 135 16777216 65536
a 136 16777216 65536
a 137 8388608 65536
f 123
a 138 8388608 65536
f 129
f 130
f 131
f 132
f 133
a 139 16777216 65536
a 140 16777216 65536
a 141 16777216 65536
a 142 16777216 65536
a 143 8388608 65536
f 125
f 126
a 144 16777216 65536
a 145 8388608 65536
f 103
a 146 4194304 65536
f 139
f 140
f 141
f 142
f 143
a 147 16777216 65536
a 148 16777216 65536
a 149 16777216 65536
a 150 16777216 65536
a 151 8388608 65536
f 134
f 135
f 136
f 137
a 152 16777216 65536
a 153 16777216 65536
a 154 16777216 65536
a 155 8388608 65536
f 138
a 156 8388608 65536
f 156
a 157 8388608 65536
f 147
f 148
f 149
f 150
f 151
a 158 16777216 65536
a 159 16777216 65536
a 160 16777216 65536
a 161 16777216 65536
a 162 8388608 65536
f 146
a 163 4194304 65536
f 144
f 145
a 164 16777216 65536
a 165 8388608 65536
f 158
f 159
f 160
f 161
f 162
a 166 16777216 65536
a 167 16777216 65536
a 168 16777216 65536
a 169 16777216 65536
a 170 8388608 65536
f 128
a 171 4194304 65536
f 164
f 165
a 172 16777216 65536
a 173 8388608 65536
f 157
a 174 8388608 65536
f 122
a 175 16777216 65536
f 174
a 176 8388608 65536
f 152
f 153
f 154
f 155
a 177 16777216 65536
a 178 16777216 65536
a 179 16777216 65536
a 180 8388608 65536
f 175
a 181 16777216 65536
f 181
a 182 16777216 65536
f 182
a 183 16777216 65536
f 163
a 184 4194304 65536
f 166
f 167
f 168
f 169
f 170
a 185 16777216 65536
a 186 16777216 65536
a 187 16777216 65536
a 188 16777216 65536
a 189 8388608 65536
f 172
f 173
a 190 16777216 65536
a 191 8388608 65536
f 190
f 191
a 192 16777216 65536
a 193 8388608 65536
f 192
f 193
a 194 16777216 65536
a 195 8388608 65536
f 194
f 195
a 196 16777216 65536
a 197 8388608 65536
f 177
f 178
f 179
f 180
a 198 16777216 65536
a 199 16777216 65536
a 200 16777216 65536
a 201 8388608 65536
f 183
a 202 16777216 65536
f 171
a 203 4194304 65536
f 196
f 197
a 204 16777216 65536
a 205 8388608 65536
f 176
a 206 8388608 65536
f 184
a 207 4194304 65536
f 185
f 186
f 187
f 188
f 189
a 208 16777216 65536
a 209 16777216 65536
a 210 16777216 65536
a 211 16777216 65536
a 212 8388608 65536
f 198
f 199
f 200
f 201
a 213 16777216 65536
a 214 16777216 65536
a 215 16777216 65536
a 216 8388608 65536
f 202
a 217 16777216 65536
f 203
a 218 4194304 65536
f 218
a 219 4194304 65536
f 207
a 220 4194304 65536
f 217
a 221 16777216 65536
f 206
a 222 8388608 65536
f 219
a 223 4194304 65536
f 221
a 224 16777216 65536
f 222
a 225 8388608 65536
f 224
a 226 16777216 65536
f 204
f 205
a 227 16777216 65536
a 228 8388608 65536
f 226
a 229 16777216 65536
f 213
f 214
f 215
f 216
a 230 16777216 65536
a 231 16777216 65536
a 232 16777216 65536
a 233 8388608 65536
f 220
a 234 4194304 65536
f 230
f 231
f 232
f 233
a 235 16777216 65536
a 236 16777216 65536
a 237 16777216 65536
a 238 8388608 65536
f 208
f 209
f 210
f 211
f 212
a 239 16777216 65536
a 240 16777216 65536
a 241 16777216 65536
a 242 16777216 65536
a 243 8388608 65536
c churn-100
f 229
a 244 16777216 65536
f 227
f 228
a 245 16777216 65536
a 246 8388608 65536
f 234
a 247 4194304 65536
f 223
a 248 4194304 65536
f 225
a 249 8388608 65536
f 249
a 250 8388608 65536
f 245
f 246
a 251 16777216 65536
a 252 8388608 65536
f 251
f 252
a 253 16777216 65536
a 254 8388608 65536
f 244
a 255 16777216 65536
f 239
f 240
f 241
f 242
f 243
a 256 16777216 65536
a 257 16777216 65536
a 258 16777216 65536
a 259 16777216 65536
a 260 8388608 65536
f 256
f 257
f 258
f 259
f 260
a 261 16777216 65536
a 262 16777216 65536
a 263 16777216 65536
a 264 16777216 65536
a 265 8388608 65536
f 261
f 262
f 263
f 264
f 265
a 266 16777216 65536
a 267 16777216 65536
a 268 16777216 65536
a 269 16777216 65536
a 270 8388608 65536
f 250
a 271 8388608 65536
f 235
f 236
f 237
f 238
a 272 16777216 65536
a 273 16777216 65536
a 274 16777216 65536
a 275 8388608 65536
f 272
f 273
f 274
f 275
a 276 16777216 65536
a 277 16777216 65536
a 278 16777216 65536
a 279 8388608 65536
f 248
a 280 4194304 65536
f 266
f 267
f 268
f 269
f 270
a 281 16777216 65536
a 282 16777216 65536
a 283 16777216 65536
a 284 16777216 65536
a 285 8388608 65536
f 253
f 254
a 286 16777216 65536
a 287 8388608 65536
f 280
a 288 4194304 65536
f 271
a 289 8388608 65536
f 286
f 287
a 290 16777216 65536
a 291 8388608 65536
f 288
a 292 4194304 65536
f 289
a 293 8388608 65536
f 276
f 277
f 278
f 279
a 294 16777216 65536
a 295 16777216 65536
a 296 16777216 65536
a 297 8388608 65536
f 292
a 298 4194304 65536
f 255
a 299 16777216 65536
f 247
a 300 4194304 65536
f 298
a 301 4194304 65536
f 290
f 291
a 302 16777216 65536
a 303 8388608 65536
f 301
a 304 4194304 65536
f 300
a 305 4194304 65536
f 305
a 306 4194304 65536
f 293
a 307 8388608 65536
f 306
a 308 4194304 65536
f 281
f 282
f 283
f 284
f 285
a 309 16777216 65536
a 310 16777216 65536
a 311 16777216 65536
a 312 16777216 65536
a 313 8388608 65536
f 309
f 310
f 311
f 312
f 313
a 314 16777216 65536
a 315 16777216 65536
a 316 16777216 65536
a 317 16777216 65536
a 318 8388608 65536
f 314
f 315
f 316
f 317
f 318
a 319 16777216 65536
a 320 16777216 65536
a 321 16777216 65536
a 322 16777216 65536
a 323 8388608 65536
f 294
f 295
f 296
f 297
a 324 16777216 65536
a 325 16777216 65536
a 326 16777216 65536
a 327 8388608 65536
f 308
a 328 4194304 65536
f 299
a 329 16777216 65536
f 307
a 330 8388608 65536
f 302
f 303
a 331 16777216 65536
a 332 8388608 65536
f 319
f 320
f 321
f 322
f 323
a 333 16777216 65536
a 334 16777216 65536
a 335 16777216 65536
a 336 16777216 65536
a 337 8388608 65536
f 330
a 338 8388608 65536
f 328
a 339 4194304 65536
f 304
a 340 4194304 65536
f 340
a 341 4194304 65536
f 324
f 325
f 326
f 327
a 342 16777216 65536
a 343 16777216 65536
a 344 16777216 65536
a 345 8388608 65536
f 342
f 343
f 344
f 345
a 346 16777216 65536
a 347 16777216 65536
a 348 16777216 65536
a 349 8388608 65536
f 339
a 350 4194304 65536
f 346
f 347
f 348
f 349
a 351 16777216 65536
a 352 16777216 65536
a 353 16777216 65536
a 354 8388608 65536
f 333
f 334
f 335
f 336
f 337
a 355 16777216 65536
a 356 16777216 65536
a 357 16777216 65536
a 358 16777216 65536
a 359 8388608 65536
f 338
a 360 8388608 65536
f 350
a 361 4194304 65536
f 331
f 332
a 362 16777216 65536
a 363 8388608 65536
f 329
a 364 16777216 65536
f 364
a 365 16777216 65536
f 365
a 366 16777216 65536
f 351
f 352
f 353
f 354
a 367 16777216 65536
a 368 16777216 65536
a 369 16777216 65536
a 370 8388608 65536
f 360
a 371 8388608 65536
f 371
a 372 8388608 65536
f 355
f 356
f 357
f 358
f 359
a 373 16777216 65536
a 374 16777216 65536
a 375 16777216 65536
a 376 16777216 65536
a 377 8388608 65536
f 366
a 378 16777216 65536
f 361
a 379 4194304 65536
f 367
f 368
f 369
f 370
a 380 16777216 65536
a 381 16777216 65536
a 382 16777216 65536
a 383 8388608 65536
f 380
f 381
f 382
f 383
a 384 16777216 65536
a 385 16777216 65536
a 386 16777216 65536
a 387 8388608 65536
f 379
a 388 4194304 65536
f 378
a 389 16777216 65536
f 389
a 390 16777216 65536
f 388
a 391 4194304 65536
f 362
f 363
a 392 16777216 65536
a 393 8388608 65536
f 372
a 394 8388608 65536
f 384
f 385
f 386
f 387
a 395 16777216 65536
a 396 16777216 65536
a 397 16777216 65536
a 398 8388608 65536
f 391
a 399 4194304 65536
f 394
a 400 8388608 65536
f 390
a 401 16777216 65536
f 392
f 393
a 402 16777216 65536
a 403 8388608 65536
f 395
f 396
f 397
f 398
a 404 16777216 65536
a 405 16777216 65536
a 406 16777216 65536
a 407 8388608 65536
f 399
a 408 4194304 65536
f 341
a 409 4194304 65536
f 373
f 374
f 375
f 376
f 377
a 410 16777216 65536
a 411 16777216 65536
a 412 16777216 65536
a 413 16777216 65536
a 414 8388608 65536
f 409
a 415 4194304 65536
f 408
a 416 4194304 65536
f 401
a 417 16777216 65536
f 415
a 418 4194304 65536
f 402
f 403
a 419 16777216 65536
a 420 8388608 65536
f 419
f 420
a 421 16777216 65536
a 422 8388608 65536
f 410
f 411
f 412
f 413
f 414
a 423 16777216 65536
a 424 16777216 65536
a 425 16777216 65536
a 426 16777216 65536
a 427 8388608 65536
f 404
f 405
f 406
f 407
a 428 16777216 65536
a 429 16777216 65536
a 430 16777216 65536
a 431 8388608 65536
f 418
a 432 4194304 65536
f 421
f 422
a 433 16777216 65536
a 434 8388608 65536
f 417
a 435 16777216 65536
f 432
a 436 4194304 65536
f 400
a 437 8388608 65536
f 435
a 438 16777216 65536
f 437
a 439 8388608 65536
f 436
a 440 4194304 65536
f 423
f 424
f 425
f 426
f 427
a 441 16777216 65536
a 442 16777216 65536
a 443 16777216 65536
a 444 16777216 65536
a 445 8388608 65536
f 440
a 446 4194304 65536
f 446
a 447 4194304 65536
c churn-200
f 433
f 434
a 448 16777216 65536
a 449 8388608 65536
f 416
a 450 4194304 65536
f 448
f 449
a 451 16777216 65536
a 452 8388608 65536
f 451
f 452
a 453 16777216 65536
a 454 8388608 65536
f 428
f 429
f 430
f 431
a 455 16777216 65536
a 456 16777216 65536
a 457 16777216 65536
a 458 8388608 65536
f 453
f 454
a 459 16777216 65536
a 460 8388608 65536
f 455
f 456
f 457
f 458
a 461 16777216 65536
a 462 16777216 65536
a 463 16777216 65536
a 464 8388608 65536
f 438
a 465 16777216 65536
f 441
f 442
f 443
f 444
f 445
a 466 16777216 65536
a 467 16777216 65536
a 468 16777216 65536
a 469 16777216 65536
a 470 8388608 65536
f 447
a 471 4194304 65536
f 465
a 472 16777216 65536
f 461
f 462
f 463
f 464
a 473 16777216 65536
a 474 16777216 65536
a 475 16777216 65536
a 476 8388608 65536
f 473
f 474
f 475
f 476
a 477 16777216 65536
a 478 16777216 65536
a 479 16777216 65536
a 480 8388608 65536
f 472
a 481 16777216 65536
f 481
a 482 16777216 65536
f 459
f 460
a 483 16777216 65536
a 484 8388608 65536
f 482
a 485 16777216 65536
f 450
a 486 4194304 65536
f 477
f 478
f 479
f 480
a 487 16777216 65536
a 488 16777216 65536
a 489 16777216 65536
a 490 8388608 65536
f 439
a 491 8388608 65536
f 487
f 488
f 489
f 490
a 492 16777216 65536
a 493 16777216 65536
a 494 16777216 65536
a 495 8388608 65536
f 485
a 496 16777216 65536
f 486
a 497 4194304 65536
f 483
f 484
a 498 16777216 65536
a 499 8388608 65536
f 466
f 467
f 468
f 469
f 470
a 500 16777216 65536
a 501 16777216 65536
a 502 16777216 65536
a 503 16777216 65536
a 504 8388608 65536
f 491
a 505 8388608 65536
f 498
f 499
a 506 16777216 65536
a 507 8388608 65536
f 492
f 493
f 494
f 495
a 508 16777216 65536
a 509 16777216 65536
a 510 16777216 65536
a 511 8388608 65536
f 500
f 501
f 502
f 503
f 504
a 512 16777216 65536
a 513 16777216 65536
a 514 16777216 65536
a 515 16777216 65536
a 516 8388608 65536
f 497
a 517 4194304 65536
f 517
a 518 4194304 65536
f 518
a 519 4194304 65536
f 496
a 520 16777216 65536
f 512
f 513
f 514
f 515
f 516
a 521 16777216 65536
a 522 16777216 65536
a 523 16777216 65536
a 524 16777216 65536
a 525 8388608 65536
f 508
f 509
f 510
f 511
a 526 16777216 65536
a 527 16777216 65536
a 528 16777216 65536
a 529 8388608 65536
f 505
a 530 8388608 65536
f 530
a 531 8388608 65536
f 531
a 532 8388608 65536
f 520
a 533 16777216 65536
f 533
a 534 16777216 65536
f 506
f 507
a 535 16777216 65536
a 536 8388608 65536
f 521
f 522
f 523
f 524
f 525
a 537 16777216 65536
a 538 16777216 65536
a 539 16777216 65536
a 540 16777216 65536
a 541 8388608 65536
f 526
f 527
f 528
f 529
a 542 16777216 65536
a 543 16777216 65536
a 544 16777216 65536
a 545 8388608 65536
f 537
f 538
f 539
f 540
f 541
a 546 16777216 65536
a 547 16777216 65536
a 548 16777216 65536
a 549 16777216 65536
a 550 8388608 65536
f 542
f 543
f 544
f 545
a 551 16777216 65536
a 552 16777216 65536
a 553 16777216 65536
a 554 8388608 65536
f 551
f 552
f 553
f 554
a 555 16777216 65536
a 556 16777216 65536
a 557 16777216 65536
a 558 8388608 65536
f 532
a 559 8388608 65536
f 546
f 547
f 548
f 549
f 550
a 560 16777216 65536
a 561 16777216 65536
a 562 16777216 65536
a 563 16777216 65536
a 564 8388608 65536
f 535
f 536
a 565 16777216 65536
a 566 8388608 65536
f 560
f 561
f 562
f 563
f 564
a 567 16777216 65536
a 568 16777216 65536
a 569 16777216 65536
a 570 16777216 65536
a 571 8388608 65536
f 559
a 572 8388608 65536
f 572
a 573 8388608 65536
f 567
f 568
f 569
f 570
f 571
a 574 16777216 65536
a 575 16777216 65536
a 576 16777216 65536
a 577 16777216 65536
a 578 8388608 65536
f 555
f 556
f 557
f 558
a 579 16777216 65536
a 580 16777216 65536
a 581 16777216 65536
a 582 8388608 65536
f 579
f 580
f 581
f 582
a 583 16777216 65536
a 584 16777216 65536
a 585 16777216 65536
a 586 8388608 65536
f 565
f 566
a 587 16777216 65536
a 588 8388608 65536
f 534
a 589 16777216 65536
f 587
f 588
a 590 16777216 65536
a 591 8388608 65536
f 574
f 575
f 576
f 577
f 578
a 592 16777216 65536
a 593 16777216 65536
a 594 16777216 65536
a 595 16777216 65536
a 596 8388608 65536
f 592
f 593
f 594
f 595
f 596
a 597 16777216 65536
a 598 16777216 65536
a 599 16777216 65536
a 600 16777216 65536
a 601 8388608 65536
f 589
a 602 16777216 65536
f 471
a 603 4194304 65536
f 590
f 591
a 604 16777216 65536
a 605 8388608 65536
f 602
a 606 16777216 65536
f 519
a 607 4194304 65536
f 607
a 608 4194304 65536
f 603
a 609 4194304 65536
f 583
f 584
f 585
f 586
a 610 16777216 65536
a 611 16777216 65536
a 612 16777216 65536
a 613 8388608 65536
f 608
a 614 4194304 65536
f 614
a 615 4194304 65536
f 610
f 611
f 612
f 613
a 616 16777216 65536
a 617 16777216 65536
a 618 16777216 65536
a 619 8388608 65536
f 573
a 620 8388608 65536
f 597
f 598
f 599
f 600
f 601
a 621 16777216 65536
a 622 16777216 65536
a 623 16777216 65536
a 624 16777216 65536
a 625 8388608 65536
f 609
a 626 4194304 65536
f 616
f 617
f 618
f 619
a 627 16777216 65536
a 628 16777216 65536
a 629 16777216 65536
a 630 8388608 65536
f 620
a 631 8388608 65536
f 627
f 628
f 629
f 630
a 632 16777216 65536
a 633 16777216 65536
a 634 16777216 65536
a 635 8388608 65536
f 626
a 636 4194304 65536
f 604
f 605
a 637 16777216 65536
a 638 8388608 65536
f 636
a 639 4194304 65536
f 632
f 633
f 634
f 635
a 640 16777216 65536
a 641 16777216 65536
a 642 16777216 65536
a 643 8388608 65536
f 639
a 644 4194304 65536
f 615
a 645 4194304 65536
f 631
a 646 8388608 65536
f 646
a 647 8388608 65536
f 644
a 648 4194304 65536
f 645
a 649 4194304 65536
f 640
f 641
f 642
f 643
a 650 16777216 65536
a 651 16777216 65536
a 652 16777216 65536
a 653 8388608 65536
f 648
a 654 4194304 65536
f 650
f 651
f 652
f 653
a 655 16777216 65536
a 656 16777216 65536
a 657 16777216 65536
a 658 8388608 65536
f 655
f 656
f 657
f 658
a 659 16777216 65536
a 660 16777216 65536
a 661 16777216 65536
a 662 8388608 65536
f 649
a 663 4194304 65536
f 647
a 664 8388608 65536
f 637
f 638
a 665 16777216 65536
a 666 8388608 65536
f 654
a 667 4194304 65536
f 667
a 668 4194304 65536
f 659
f 660
f 661
f 662
a 669 16777216 65536
a 670 16777216 65536
a 671 16777216 65536
a 672 8388608 65536
f 606
a 673 16777216 65536
f 668
a 674 4194304 65536
f 665
f 666
a 675 16777216 65536
a 676 8388608 65536
c churn-300
f 664
a 677 8388608 65536
f 674
a 678 4194304 65536
f 677
a 679 8388608 65536
f 669
f 670
f 671
f 672
a 680 16777216 65536
a 681 16777216 65536
a 682 16777216 65536
a 683 8388608 65536
f 678
a 684 4194304 65536
f 684
a 685 4194304 65536
f 673
a 686 16777216 65536
f 675
f 676
a 687 16777216 65536
a 688 8388608 65536
f 687
f 688
a 689 16777216 65536
a 690 8388608 65536
f 663
a 691 4194304 65536
f 679
a 692 8388608 65536
f 689
f 690
a 693 16777216 65536
a 694 8388608 65536
f 685
a 695 4194304 65536
f 693
f 694
a 696 16777216 65536
a 697 8388608 65536
f 696
f 697
a 698 16777216 65536
a 699 8388608 65536
f 621
f 622
f 623
f 624
f 625
a 700 16777216 65536
a 701 16777216 65536
a 702 16777216 65536
a 703 16777216 65536
a 704 8388608 65536
f 686
a 705 16777216 65536
f 700
f 701
f 702
f 703
f 704
a 706 16777216 65536
a 707 16777216 65536
a 708 16777216 65536
a 709 16777216 65536
a 710 8388608 65536
f 706
f 707
f 708
f 709
f 710
a 711 16777216 65536
a 712 16777216 65536
a 713 16777216 65536
a 714 16777216 65536
a 715 8388608 65536
f 698
f 699
a 716 16777216 65536
a 717 8388608 65536
f 716
f 717
a 718 16777216 65536
a 719 8388608 65536
f 695
a 720 4194304 65536
f 718
f 719
a 721 16777216 65536
a 722 8388608 65536
f 711
f 712
f 713
f 714
f 715
a 723 16777216 65536
a 724 16777216 65536
a 725 16777216 65536
a 726 16777216 65536
a 727 8388608 65536
f 720
a 728 4194304 65536
f 691
a 729 4194304 65536
f 680
f 681
f 682
f 683
a 730 16777216 65536
a 731 16777216 65536
a 732 16777216 65536
a 733 8388608 65536
f 705
a 734 16777216 65536
f 728
a 735 4194304 65536
f 721
f 722
a 736 16777216 65536
a 737 8388608 65536
f 735
a 738 4194304 65536
f 723
f 724
f 725
f 726
f 727
a 739 16777216 65536
a 740 16777216 65536
a 741 16777216 65536
a 742 16777216 65536
a 743 8388608 65536
f 739
f 740
f 741
f 742
f 743
a 744 16777216 65536
a 745 16777216 65536
a 746 16777216 65536
a 747 16777216 65536
a 748 8388608 65536
f 734
a 749 16777216 65536
f 729
a 750 4194304 65536
f 749
a 751 16777216 65536
f 736
f 737
a 752 16777216 65536
a 753 8388608 65536
f 752
f 753
a 754 16777216 65536
a 755 8388608 65536
f 738
a 756 4194304 65536
f 692
a 757 8388608 65536
f 730
f 731
f 732
f 733
a 758 16777216 65536
a 759 16777216 65536
a 760 16777216 65536
a 761 8388608 65536
f 744
f 745
f 746
f 747
f 748
a 762 16777216 65536
a 763 16777216 65536
a 764 16777216 65536
a 765 16777216 65536
a 766 8388608 65536
f 754
f 755
a 767 16777216 65536
a 768 8388608 65536
f 762
f 763
f 764
f 765
f 766
a 769 16777216 65536
a 770 16777216 65536
a 771 16777216 65536
a 772 16777216 65536
a 773 8388608 65536
f 750
a 774 4194304 65536
f 769
f 770
f 771
f 772
f 773
a 775 16777216 65536
a 776 16777216 65536
a 777 16777216 65536
a 778 16777216 65536
a 779 8388608 65536
f 775
f 776
f 777
f 778
f 779
a 780 16777216 65536
a 781 16777216 65536
a 782 16777216 65536
a 783 16777216 65536
a 784 8388608 65536
f 751
a 785 16777216 65536
f 785
a 786 16777216 65536
f 758
f 759
f 760
f 761
a 787 16777216 65536
a 788 16777216 65536
a 789 16777216 65536
a 790 8388608 65536
f 756
a 791 4194304 65536
f 791
a 792 4194304 65536
f 787
f 788
f 789
f 790
a 793 16777216 65536
a 794 16777216 65536
a 795 16777216 65536
a 796 8388608 65536
f 757
a 797 8388608 65536
f 786
a 798 16777216 65536
f 780
f 781
f 782
f 783
f 784
a 799 16777216 65536
a 800 16777216 65536
a 801 16777216 65536
a 802 16777216 65536
a 803 8388608 65536
f 798
a 804 16777216 65536
f 774
a 805 4194304 65536
f 805
a 806 4194304 65536
f 806
a 807 4194304 65536
f 807
a 808 4194304 65536
f 797
a 809 8388608 65536
f 799
f 800
f 801
f 802
f 803
a 810 16777216 65536
a 811 16777216 65536
a 812 16777216 65536
a 813 16777216 65536
a 814 8388608 65536
f 809
a 815 8388608 65536
f 793
f 794
f 795
f 796
a 816 16777216 65536
a 817 16777216 65536
a 818 16777216 65536
a 819 8388608 65536
f 792
a 820 4194304 65536
f 815
a 821 8388608 65536
f 821
a 822 8388608 65536
f 822
a 823 8388608 65536
f 767
f 768
a 824 16777216 65536
a 825 8388608 65536
f 810
f 811
f 812
f 813
f 814
a 826 16777216 65536
a 827 16777216 65536
a 828 16777216 65536
a 829 16777216 65536
a 830 8388608 65536
f 824
f 825
a 831 16777216 65536
a 832 8388608 65536
f 831
f 832
a 833 16777216 65536
a 834 8388608 65536
f 823
a 835 8388608 65536
f 826
f 827
f 828
f 829
f 830
a 836 16777216 65536
a 837 16777216 65536
a 838 16777216 65536
a 839 16777216 65536
a 840 8388608 65536
f 808
a 841 4194304 65536
f 835
a 842 8388608 65536
f 833
f 834
a 843 16777216 65536
a 844 8388608 65536
f 804
a 845 16777216 65536
f 841
a 846 4194304 65536
f 843
f 844
a 847 16777216 65536
a 848 8388608 65536
f 842
a 849 8388608 65536
f 846
a 850 4194304 65536
f 836
f 837
f 838
f 839
f 840
a 851 16777216 65536
a 852 16777216 65536
a 853 16777216 65536
a 854 16777216 65536
a 855 8388608 65536
f 849
a 856 8388608 65536
f 850
a 857 4194304 65536
f 851
f 852
f 853
f 854
f 855
a 858 16777216 65536
a 859 16777216 65536
a 860 16777216 65536
a 861 16777216 65536
a 862 8388608 65536
f 857
a 863 4194304 65536
f 856
a 864 8388608 65536
f 816
f 817
f 818
f 819
a 865 16777216 65536
a 866 16777216 65536
a 867 16777216 65536
a 868 8388608 65536
f 858
f 859
f 860
f 861
f 862
a 869 16777216 65536
a 870 16777216 65536
a 871 16777216 65536
a 872 16777216 65536
a 873 8388608 65536
f 864
a 874 8388608 65536
f 869
f 870
f 871
f 872
f 873
a 875 16777216 65536
a 876 16777216 65536
a 877 16777216 65536
a 878 16777216 65536
a 879 8388608 65536
f 845
a 880 16777216 65536
f 880
a 881 16777216 65536
f 874
a 882 8388608 65536
f 881
a 883 16777216 65536
f 882
a 884 8388608 65536
f 847
f 848
a 885 16777216 65536
a 886 8388608 65536
f 885
f 886
a 887 16777216 65536
a 888 8388608 65536
c churn-400
f 875
f 876
f 877
f 878
f 879
a 889 16777216 65536
a 890 16777216 65536
a 891 16777216 65536
a 892 16777216 65536
a 893 8388608 65536
f 889
f 890
f 891
f 892
f 893
a 894 16777216 65536
a 895 16777216 65536
a 896 16777216 65536
a 897 16777216 65536
a 898 8388608 65536
f 884
a 899 8388608 65536
f 883
a 900 16777216 65536
f 900
a 901 16777216 65536
f 899
a 902 8388608 65536
f 902
a 903 8388608 65536
f 894
f 895
f 896
f 897
f 898
a 904 16777216 65536
a 905 16777216 65536
a 906 16777216 65536
a 907 16777216 65536
a 908 8388608 65536
f 820
a 909 4194304 65536
f 863
a 910 4194304 65536
f 903
a 911 8388608 65536
f 887
f 888
a 912 16777216 65536
a 913 8388608 65536
f 904
f 905
f 906
f 907
f 908
a 914 16777216 65536
a 915 16777216 65536
a 916 16777216 65536
a 917 16777216 65536
a 918 8388608 65536
f 901
a 919 16777216 65536
f 910
a 920 4194304 65536
f 920
a 921 4194304 65536
f 912
f 913
a 922 16777216 65536
a 923 8388608 65536
f 914
f 915
f 916
f 917
f 918
a 924 16777216 65536
a 925 16777216 65536
a 926 16777216 65536
a 927 16777216 65536
a 928 8388608 65536
f 911
a 929 8388608 65536
f 922
f 923
a 930 16777216 65536
a 931 8388608 65536
f 929
a 932 8388608 65536
f 932
a 933 8388608 65536
f 919
a 934 16777216 65536
f 924
f 925
f 926
f 927
f 928
a 935 16777216 65536
a 936 16777216 65536
a 937 16777216 65536
a 938 16777216 65536
a 939 8388608 65536
f 909
a 940 4194304 65536
f 940
a 941 4194304 65536
f 865
f 866
f 867
f 868
a 942 16777216 65536
a 943 16777216 65536
a 944 16777216 65536
a 945 8388608 65536
f 933
a 946 8388608 65536
f 930
f 931
a 947 16777216 65536
a 948 8388608 65536
f 935
f 936
f 937
f 938
f 939
a 949 16777216 65536
a 950 16777216 65536
a 951 16777216 65536
a 952 16777216 65536
a 953 8388608 65536
f 934
a 954 16777216 65536
f 947
f 948
a 955 16777216 65536
a 956 8388608 65536
f 921
a 957 4194304 65536
f 957
a 958 4194304 65536
f 958
a 959 4194304 65536
f 959
a 960 4194304 65536
f 954
a 961 16777216 65536
f 960
a 962 4194304 65536
f 941
a 963 4194304 65536
f 946
a 964 8388608 65536
f 961
a 965 16777216 65536
f 942
f 943
f 944
f 945
a 966 16777216 65536
a 967 16777216 65536
a 968 16777216 65536
a 969 8388608 65536
f 955
f 956
a 970 16777216 65536
a 971 8388608 65536
f 966
f 967
f 968
f 969
a 972 16777216 65536
a 973 16777216 65536
a 974 16777216 65536
a 975 8388608 65536
f 963
a 976 4194304 65536
f 976
a 977 4194304 65536
f 972
f 973
f 974
f 975
a 978 16777216 65536
a 979 16777216 65536
a 980 16777216 65536
a 981 8388608 65536
f 978
f 979
f 980
f 981
a 982 16777216 65536
a 983 16777216 65536
a 984 16777216 65536
a 985 8388608 65536
f 982
f 983
f 984
f 985
a 986 16777216 65536
a 987 16777216 65536
a 988 16777216 65536
a 989 8388608 65536
f 965
a 990 16777216 65536
f 962
a 991 4194304 65536
f 991
a 992 4194304 65536
f 970
f 971
a 993 16777216 65536
a 994 8388608 65536
f 993
f 994
a 995 16777216 65536
a 996 8388608 65536
f 964
a 997 8388608 65536
f 995
f 996
a 998 16777216 65536
a 999 8388608 65536
f 986
f 987
f 988
f 989
a 1000 16777216 65536
a 1001 16777216 65536
a 1002 16777216 65536
a 1003 8388608 65536
f 1000
f 1001
f 1002
f 1003
a 1004 16777216 65536
a 1005 16777216 65536
a 1006 16777216 65536
a 1007 8388608 65536
f 992
a 1008 4194304 65536
f 1004
f 1005
f 1006
f 1007
a 1009 16777216 65536
a 1010 16777216 65536
a 1011 16777216 65536
a 1012 8388608 65536
f 977
a 1013 4194304 65536
f 1013
a 1014 4194304 65536
f 1014
a 1015 4194304 65536
f 1009
f 1010
f 1011
f 1012
a 1016 16777216 65536
a 1017 16777216 65536
a 1018 16777216 65536
a 1019 8388608 65536
f 997
a 1020 8388608 65536
f 1015
a 1021 4194304 65536
f 1021
a 1022 4194304 65536
f 1022
a 1023 4194304 65536
f 1016
f 1017
f 1018
f 1019
a 1024 16777216 65536
a 1025 16777216 65536
a 1026 16777216 65536
a 1027 8388608 65536
f 1023
a 1028 4194304 65536
f 1020
a 1029 8388608 65536
f 1029
a 1030 8388608 65536
f 1030
a 1031 8388608 65536
f 990
a 1032 16777216 65536
f 1024
f 1025
f 1026
f 1027
a 1033 16777216 65536
a 1034 16777216 65536
a 1035 16777216 65536
a 1036 8388608 65536
f 1031
a 1037 8388608 65536
f 949
f 950
f 951
f 952
f 953
a 1038 16777216 65536
a 1039 16777216 65536
a 1040 16777216 65536
a 1041 16777216 65536
a 1042 8388608 65536
f 998
f 999
a 1043 16777216 65536
a 1044 8388608 65536
f 1008
a 1045 4194304 65536
f 1038
f 1039
f 1040
f 1041
f 1042
a 1046 16777216 65536
a 1047 16777216 65536
a 1048 16777216 65536
a 1049 16777216 65536
a 1050 8388608 65536
f 1046
f 1047
f 1048
f 1049
f 1050
a 1051 16777216 65536
a 1052 16777216 65536
a 1053 16777216 65536
a 1054 16777216 65536
a 1055 8388608 65536
f 1043
f 1044
a 1056 16777216 65536
a 1057 8388608 65536
f 1045
a 1058 4194304 65536
f 1056
f 1057
a 1059 16777216 65536
a 1060 8388608 65536
f 1033
f 1034
f 1035
f 1036
a 1061 16777216 65536
a 1062 16777216 65536
a 1063 16777216 65536
a 1064 8388608 65536
f 1037
a 1065 8388608 65536
f 1061
f 1062
f 1063
f 1064
a 1066 16777216 65536
a 1067 16777216 65536
a 1068 16777216 65536
a 1069 8388608 65536
f 1059
f 1060
a 1070 16777216 65536
a 1071 8388608 65536
f 1058
a 1072 4194304 65536
f 1032
a 1073 16777216 65536
f 1028
a 1074 4194304 65536
f 1066
f 1067
f 1068
f 1069
a 1075 16777216 65536
a 1076 16777216 65536
a 1077 16777216 65536
a 1078 8388608 65536
f 1073
a 1079 16777216 65536
f 1075
f 1076
f 1077
f 1078
a 1080 16777216 65536
a 1081 16777216 65536
a 1082 16777216 65536
a 1083 8388608 65536
f 1051
f 1052
f 1053
f 1054
f 1055
a 1084 16777216 65536
a 1085 16777216 65536
a 1086 16777216 65536
a 1087 16777216 65536
a 1088 8388608 65536
f 1079
a 1089 16777216 65536
f 1080
f 1081
f 1082
f 1083
a 1090 16777216 65536
a 1091 16777216 65536
a 1092 16777216 65536
a 1093 8388608 65536
f 1089
a 1094 16777216 65536
f 1070
f 1071
a 1095 16777216 65536
a 1096 8388608 65536
f 1095
f 1096
a 1097 16777216 65536
a 1098 8388608 65536
c churn-500
f 1074
a 1099 4194304 65536
f 1094
a 1100 16777216 65536
f 1065
a 1101 8388608 65536
f 1072
a 1102 4194304 65536
f 1101
a 1103 8388608 65536
f 1100
a 1104 16777216 65536
f 1097
f 1098
a 1105 16777216 65536
a 1106 8388608 65536
f 1105
f 1106
a 1107 16777216 65536
a 1108 8388608 65536
f 1107
f 1108
a 1109 16777216 65536
a 1110 8388608 65536
f 1099
a 1111 4194304 65536
f 1102
a 1112 4194304 65536
f 1104
a 1113 16777216 65536
f 1084
f 1085
f 1086
f 1087
f 1088
a 1114 16777216 65536
a 1115 16777216 65536
a 1116 16777216 65536
a 1117 16777216 65536
a 1118 8388608 65536
f 1103
a 1119 8388608 65536
f 1113
a 1120 16777216 65536
f 1090
f 1091
f 1092
f 1093
a 1121 16777216 65536
a 1122 16777216 65536
a 1123 16777216 65536
a 1124 8388608 65536
f 1109
f 1110
a 1125 16777216 65536
a 1126 8388608 65536
f 1114
f 1115
f 1116
f 1117
f 1118
a 1127 16777216 65536
a 1128 16777216 65536
a 1129 16777216 65536
a 1130 16777216 65536
a 1131 8388608 65536
f 1119
a 1132 8388608 65536
f 1112
a 1133 4194304 65536
f 1120
a 1134 16777216 65536
f 1134
a 1135 16777216 65536
f 1125
f 1126
a 1136 16777216 65536
a 1137 8388608 65536
f 1111
a 1138 4194304 65536
f 1135
a 1139 16777216 65536
f 1138
a 1140 4194304 65536
f 1127
f 1128
f 1129
f 1130
f 1131
a 1141 16777216 65536
a 1142 16777216 65536
a 1143 16777216 65536
a 1144 16777216 65536
a 1145 8388608 65536
f 1136
f 1137
a 1146 16777216 65536
a 1147 8388608 65536
f 1121
f 1122
f 1123
f 1124
a 1148 16777216 65536
a 1149 16777216 65536
a 1150 16777216 65536
a 1151 8388608 65536
f 1133
a 1152 4194304 65536
f 1132
a 1153 8388608 65536
f 1153
a 1154 8388608 65536
f 1140
a 1155 4194304 65536
f 1154
a 1156 8388608 65536
f 1156
a 1157 8388608 65536
f 1141
f 1142
f 1143
f 1144
f 1145
a 1158 16777216 65536
a 1159 16777216 65536
a 1160 16777216 65536
a 1161 16777216 65536
a 1162 8388608 65536
f 1158
f 1159
f 1160
f 1161
f 1162
a 1163 16777216 65536
a 1164 16777216 65536
a 1165 16777216 65536
a 1166 16777216 65536
a 1167 8388608 65536
f 1148
f 1149
f 1150
f 1151
a 1168 16777216 65536
a 1169 16777216 65536
a 1170 16777216 65536
a 1171 8388608 65536
f 1146
f 1147
a 1172 16777216 65536
a 1173 8388608 65536
f 1155
a 1174 4194304 65536
f 1152
a 1175 4194304 65536
f 1163
f 1164
f 1165
f 1166
f 1167
a 1176 16777216 65536
a 1177 16777216 65536
a 1178 16777216 65536
a 1179 16777216 65536
a 1180 8388608 65536
f 1139
a 1181 16777216 65536
f 1175
a 1182 4194304 65536
f 1176
f 1177
f 1178
f 1179
f 1180
a 1183 16777216 65536
a 1184 16777216 65536
a 1185 16777216 65536
a 1186 16777216 65536
a 1187 8388608 65536
f 1157
a 1188 8388608 65536
f 1182
a 1189 4194304 65536
f 1183
f 1184
f 1185
f 1186
f 1187
a 1190 16777216 65536
a 1191 16777216 65536
a 1192 16777216 65536
a 1193 16777216 65536
a 1194 8388608 65536
f 1189
a 1195 4194304 65536
f 1174
a 1196 4194304 65536
f 1168
f 1169
f 1170
f 1171
a 1197 16777216 65536
a 1198 16777216 65536
a 1199 16777216 65536
a 1200 8388608 65536
f 1188
a 1201 8388608 65536
f 1172
f 1173
a 1202 16777216 65536
a 1203 8388608 65536
f 1202
f 1203
a 1204 16777216 65536
a 1205 8388608 65536
f 1190
f 1191
f 1192
f 1193
f 1194
a 1206 16777216 65536
a 1207 16777216 65536
a 1208 16777216 65536
a 1209 16777216 65536
a 1210 8388608 65536
f 1195
a 1211 4194304 65536
f 1201
a 1212 8388608 65536
f 1206
f 1207
f 1208
f 1209
f 1210
a 1213 16777216 65536
a 1214 16777216 65536
a 1215 16777216 65536
a 1216 16777216 65536
a 1217 8388608 65536
f 1212
a 1218 8388608 65536
f 1204
f 1205
a 1219 16777216 65536
a 1220 8388608 65536
f 1197
f 1198
f 1199
f 1200
a 1221 16777216 65536
a 1222 16777216 65536
a 1223 16777216 65536
a 1224 8388608 65536
f 1219
f 1220
a 1225 16777216 65536
a 1226 8388608 65536
f 1225
f 1226
a 1227 16777216 65536
a 1228 8388608 65536
f 1221
f 1222
f 1223
f 1224
a 1229 16777216 65536
a 1230 16777216 65536
a 1231 16777216 65536
a 1232 8388608 65536
f 1213
f 1214
f 1215
f 1216
f 1217
a 1233 16777216 65536
a 1234 16777216 65536
a 1235 16777216 65536
a 1236 16777216 65536
a 1237 8388608 65536
f 1229
f 1230
f 1231
f 1232
a 1238 16777216 65536
a 1239 16777216 65536
a 1240 16777216 65536
a 1241 8388608 65536
f 1211
a 1242 4194304 65536
f 1181
a 1243 16777216 65536
f 1233
f 1234
f 1235
f 1236
f 1237
a 1244 16777216 65536
a 1245 16777216 65536
a 1246 16777216 65536
a 1247 16777216 65536
a 1248 8388608 65536
f 1238
f 1239
f 1240
f 1241
a 1249 16777216 65536
a 1250 16777216 65536
a 1251 16777216 65536
a 1252 8388608 65536
f 1243
a 1253 16777216 65536
f 1242
a 1254 4194304 65536
f 1249
f 1250
f 1251
f 1252
a 1255 16777216 65536
a 1256 16777216 65536
a 1257 16777216 65536
a 1258 8388608 65536
f 1227
f 1228
a 1259 16777216 65536
a 1260 8388608 65536
f 1259
f 1260
a 1261 16777216 65536
a 1262 8388608 65536
f 1244
f 1245
f 1246
f 1247
f 1248
a 1263 16777216 65536
a 1264 16777216 65536
a 1265 16777216 65536
a 1266 16777216 65536
a 1267 8388608 65536
f 1261
f 1262
a 1268 16777216 65536
a 1269 8388608 65536
f 1218
a 1270 8388608 65536
f 1254
a 1271 4194304 65536
f 1271
a 1272 4194304 65536
f 1196
a 1273 4194304 65536
f 1270
a 1274 8388608 65536
f 1263
f 1264
f 1265
f 1266
f 1267
a 1275 16777216 65536
a 1276 16777216 65536
a 1277 16777216 65536
a 1278 16777216 65536
a 1279 8388608 65536
f 1272
a 1280 4194304 65536
f 1274
a 1281 8388608 65536
f 1253
a 1282 16777216 65536
f 1268
f 1269
a 1283 16777216 65536
a 1284 8388608 65536
f 1275
f 1276
f 1277
f 1278
f 1279
a 1285 16777216 65536
a 1286 16777216 65536
a 1287 16777216 65536
a 1288 16777216 65536
a 1289 8388608 65536
f 1285
f 1286
f 1287
f 1288
f 1289
a 1290 16777216 65536
a 1291 16777216 65536
a 1292 16777216 65536
a 1293 16777216 65536
a 1294 8388608 65536
f 1282
a 1295 16777216 65536
f 1283
f 1284
a 1296 16777216 65536
a 1297 8388608 65536
f 1290
f 1291
f 1292
f 1293
f 1294
a 1298 16777216 65536
a 1299 16777216 65536
a 1300 16777216 65536
a 1301 16777216 65536
a 1302 8388608 65536
f 1255
f 1256
f 1257
f 1258
a 1303 16777216 65536
a 1304 16777216 65536
a 1305 16777216 65536
a 1306 8388608 65536
f 1273
a 1307 4194304 65536
f 1307
a 1308 4194304 65536
f 1281
a 1309 8388608 65536
f 1303
f 1304
f 1305
f 1306
a 1310 16777216 65536
a 1311 16777216 65536
a 1312 16777216 65536
a 1313 8388608 65536
f 1309
a 1314 8388608 65536
f 1310
f 1311
f 1312
f 1313
a 1315 16777216 65536
a 1316 16777216 65536
a 1317 16777216 65536
a 1318 8388608 65536
f 1296
f 1297
a 1319 16777216 65536
a 1320 8388608 65536
c churn-600
f 1295
a 1321 16777216 65536
f 1314
a 1322 8388608 65536
f 1308
a 1323 4194304 65536
f 1321
a 1324 16777216 65536
f 1322
a 1325 8388608 65536
f 1280
a 1326 4194304 65536
f 1325
a 1327 8388608 65536
f 1315
f 1316
f 1317
f 1318
a 1328 16777216 65536
a 1329 16777216 65536
a 1330 16777216 65536
a 1331 8388608 65536
f 1298
f 1299
f 1300
f 1301
f 1302
a 1332 16777216 65536
a 1333 16777216 65536
a 1334 16777216 65536
a 1335 16777216 65536
a 1336 8388608 65536
f 1328
f 1329
f 1330
f 1331
a 1337 16777216 65536
a 1338 16777216 65536
a 1339 16777216 65536
a 1340 8388608 65536
f 1323
a 1341 4194304 65536
f 1326
a 1342 4194304 65536
f 1332
f 1333
f 1334
f 1335
f 1336
a 1343 16777216 65536
a 1344 16777216 65536
a 1345 16777216 65536
a 1346 16777216 65536
a 1347 8388608 65536
f 1343
f 1344
f 1345
f 1346
f 1347
a 1348 16777216 65536
a 1349 16777216 65536
a 1350 16777216 65536
a 1351 16777216 65536
a 1352 8388608 65536
f 1337
f 1338
f 1339
f 1340
a 1353 16777216 65536
a 1354 16777216 65536
a 1355 16777216 65536
a 1356 8388608 65536
f 1327
a 1357 8388608 65536
f 1324
a 1358 16777216 65536
f 1353
f 1354
f 1355
f 1356
a 1359 16777216 65536
a 1360 16777216 65536
a 1361 16777216 65536
a 1362 8388608 65536
f 1342
a 1363 4194304 65536
f 1348
f 1349
f 1350
f 1351
f 1352
a 1364 16777216 65536
a 1365 16777216 65536
a 1366 16777216 65536
a 1367 16777216 65536
a 1368 8388608 65536
f 1341
a 1369 4194304 65536
f 1363
a 1370 4194304 65536
f 1359
f 1360
f 1361
f 1362
a 1371 16777216 65536
a 1372 16777216 65536
a 1373 16777216 65536
a 1374 8388608 65536
f 1357
a 1375 8388608 65536
f 1319
f 1320
a 1376 16777216 65536
a 1377 8388608 65536
f 1375
a 1378 8388608 65536
f 1369
a 1379 4194304 65536
f 1379
a 1380 4194304 65536
f 1371
f 1372
f 1373
f 1374
a 1381 16777216 65536
a 1382 16777216 65536
a 1383 16777216 65536
a 1384 8388608 65536
f 1380
a 1385 4194304 65536
f 1385
a 1386 4194304 65536
f 1376
f 1377
a 1387 16777216 65536
a 1388 8388608 65536
f 1386
a 1389 4194304 65536
f 1364
f 1365
f 1366
f 1367
f 1368
a 1390 16777216 65536
a 1391 16777216 65536
a 1392 16777216 65536
a 1393 16777216 65536
a 1394 8388608 65536
f 1387
f 1388
a 1395 16777216 65536
a 1396 8388608 65536
f 1395
f 1396
a 1397 16777216 65536
a 1398 8388608 65536
f 1378
a 1399 8388608 65536
f 1397
f 1398
a 1400 16777216 65536
a 1401 8388608 65536
f 1358
a 1402 16777216 65536
f 1399
a 1403 8388608 65536
f 1400
f 1401
a 1404 16777216 65536
a 1405 8388608 65536
f 1390
f 1391
f 1392
f 1393
f 1394
a 1406 16777216 65536
a 1407 16777216 65536
a 1408 16777216 65536
a 1409 16777216 65536
a 1410 8388608 65536
f 1406
f 1407
f 1408
f 1409
f 1410
a 1411 16777216 65536
a 1412 16777216 65536
a 1413 16777216 65536
a 1414 16777216 65536
a 1415 8388608 65536
f 1389
a 1416 4194304 65536
f 1403
a 1417 8388608 65536
f 1402
a 1418 16777216 65536
f 1381
f 1382
f 1383
f 1384
a 1419 16777216 65536
a 1420 16777216 65536
a 1421 16777216 65536
a 1422 8388608 65536
f 1419
f 1420
f 1421
f 1422
a 1423 16777216 65536
a 1424 16777216 65536
a 1425 16777216 65536
a 1426 8388608 65536
f 1411
f 1412
f 1413
f 1414
f 1415
a 1427 16777216 65536
a 1428 16777216 65536
a 1429 16777216 65536
a 1430 16777216 65536
a 1431 8388608 65536
f 1370
a 1432 4194304 65536
f 1418
a 1433 16777216 65536
f 1433
a 1434 16777216 65536
f 1423
f 1424
f 1425
f 1426
a 1435 16777216 65536
a 1436 16777216 65536
a 1437 16777216 65536
a 1438 8388608 65536
f 1435
f 1436
f 1437
f 1438
a 1439 16777216 65536
a 1440 16777216 65536
a 1441 16777216 65536
a 1442 8388608 65536
f 1432
a 1443 4194304 65536
f 1439
f 1440
f 1441
f 1442
a 1444 16777216 65536
a 1445 16777216 65536
a 1446 16777216 65536
a 1447 8388608 65536
f 1434
a 1448 16777216 65536
f 1427
f 1428
f 1429
f 1430
f 1431
a 1449 16777216 65536
a 1450 16777216 65536
a 1451 16777216 65536
a 1452 16777216 65536
a 1453 8388608 65536
f 1449
f 1450
f 1451
f 1452
f 1453
a 1454 16777216 65536
a 1455 16777216 65536
a 1456 16777216 65536
a 1457 16777216 65536
a 1458 8388608 65536
f 1444
f 1445
f 1446
f 1447
a 1459 16777216 65536
a 1460 16777216 65536
a 1461 16777216 65536
a 1462 8388608 65536
f 1404
f 1405
a 1463 16777216 65536
a 1464 8388608 65536
f 1454
f 1455
f 1456
f 1457
f 1458
a 1465 16777216 65536
a 1466 16777216 65536
a 1467 16777216 65536
a 1468 16777216 65536
a 1469 8388608 65536
f 1416
a 1470 4194304 65536
f 1465
f 1466
f 1467
f 1468
f 1469
a 1471 16777216 65536
a 1472 16777216 65536
a 1473 16777216 65536
a 1474 16777216 65536
a 1475 8388608 65536
f 1443
a 1476 4194304 65536
f 1476
a 1477 4194304 65536
f 1470
a 1478 4194304 65536
f 1448
a 1479 16777216 65536
f 1459
f 1460
f 1461
f 1462
a 1480 16777216 65536
a 1481 16777216 65536
a 1482 16777216 65536
a 1483 8388608 65536
f 1471
f 1472
f 1473
f 1474
f 1475
a 1484 16777216 65536
a 1485 16777216 65536
a 1486 16777216 65536
a 1487 16777216 65536
a 1488 8388608 65536
f 1479
a 1489 16777216 65536
f 1463
f 1464
a 1490 16777216 65536
a 1491 8388608 65536
f 1477
a 1492 4194304 65536
f 1478
a 1493 4194304 65536
f 1484
f 1485
f 1486
f 1487
f 1488
a 1494 16777216 65536
a 1495 16777216 65536
a 1496 16777216 65536
a 1497 16777216 65536
a 1498 8388608 65536
f 1494
f 1495
f 1496
f 1497
f 1498
a 1499 16777216 65536
a 1500 16777216 65536
a 1501 16777216 65536
a 1502 16777216 65536
a 1503 8388608 65536
f 1493
a 1504 4194304 65536
f 1417
a 1505 8388608 65536
f 1499
f 1500
f 1501
f 1502
f 1503
a 1506 16777216 65536
a 1507 16777216 65536
a 1508 16777216 65536
a 1509 16777216 65536
a 1510 8388608 65536
f 1489
a 1511 16777216 65536
f 1480
f 1481
f 1482
f 1483
a 1512 16777216 65536
a 1513 16777216 65536
a 1514 16777216 65536
a 1515 8388608 65536
f 1511
a 1516 16777216 65536
f 1512
f 1513
f 1514
f 1515
a 1517 16777216 65536
a 1518 16777216 65536
a 1519 16777216 65536
a 1520 8388608 65536
f 1517
f 1518
f 1519
f 1520
a 1521 16777216 65536
a 1522 16777216 65536
a 1523 16777216 65536
a 1524 8388608 65536
f 1490
f 1491
a 1525 16777216 65536
a 1526 8388608 65536
f 1521
f 1522
f 1523
f 1524
a 1527 16777216 65536
a 1528 16777216 65536
a 1529 16777216 65536
a 1530 8388608 65536
f 1525
f 1526
a 1531 16777216 65536
a 1532 8388608 65536
f 1527
f 1528
f 1529
f 1530
a 1533 16777216 65536
a 1534 16777216 65536
a 1535 16777216 65536
a 1536 8388608 65536
f 1531
f 1532
a 1537 16777216 65536
a 1538 8388608 65536
f 1537
f 1538
a 1539 16777216 65536
a 1540 8388608 65536
f 1539
f 1540
a 1541 16777216 65536
a 1542 8388608 65536
f 1504
a 1543 4194304 65536
f 1516
a 1544 16777216 65536
f 1505
a 1545 8388608 65536
f 1543
a 1546 4194304 65536
f 1492
a 1547 4194304 65536
f 1533
f 1534
f 1535
f 1536
a 1548 16777216 65536
a 1549 16777216 65536
a 1550 16777216 65536
a 1551 8388608 65536
f 1544
a 1552 16777216 65536
f 1546
a 1553 4194304 65536
f 1506
f 1507
f 1508
f 1509
f 1510
a 1554 16777216 65536
a 1555 16777216 65536
a 1556 16777216 65536
a 1557 16777216 65536
a 1558 8388608 65536
c churn-700
f 1552
a 1559 16777216 65536
f 1545
a 1560 8388608 65536
f 1559
a 1561 16777216 65536
f 1548
f 1549
f 1550
f 1551
a 1562 16777216 65536
a 1563 16777216 65536
a 1564 16777216 65536
a 1565 8388608 65536
f 1554
f 1555
f 1556
f 1557
f 1558
a 1566 16777216 65536
a 1567 16777216 65536
a 1568 16777216 65536
a 1569 16777216 65536
a 1570 8388608 65536
f 1561
a 1571 16777216 65536
f 1571
a 1572 16777216 65536
f 1572
a 1573 16777216 65536
f 1541
f 1542
a 1574 16777216 65536
a 1575 8388608 65536
f 1547
a 1576 4194304 65536
f 1553
a 1577 4194304 65536
f 1577
a 1578 4194304 65536
f 1573
a 1579 16777216 65536
f 1579
a 1580 16777216 65536
f 1560
a 1581 8388608 65536
f 1566
f 1567
f 1568
f 1569
f 1570
a 1582 16777216 65536
a 1583 16777216 65536
a 1584 16777216 65536
a 1585 16777216 65536
a 1586 8388608 65536
f 1578
a 1587 4194304 65536
f 1562
f 1563
f 1564
f 1565
a 1588 16777216 65536
a 1589 16777216 65536
a 1590 16777216 65536
a 1591 8388608 65536
f 1582
f 1583
f 1584
f 1585
f 1586
a 1592 16777216 65536
a 1593 16777216 65536
a 1594 16777216 65536
a 1595 16777216 65536
a 1596 8388608 65536
f 1587
a 1597 4194304 65536
f 1576
a 1598 4194304 65536
f 1598
a 1599 4194304 65536
f 1588
f 1589
f 1590
f 1591
a 1600 16777216 65536
a 1601 16777216 65536
a 1602 16777216 65536
a 1603 8388608 65536
f 1574
f 1575
a 1604 16777216 65536
a 1605 8388608 65536
f 1597
a 1606 4194304 65536
f 1606
a 1607 4194304 65536
f 1581
a 1608 8388608 65536
f 1600
f 1601
f 1602
f 1603
a 1609 16777216 65536
a 1610 16777216 65536
a 1611 16777216 65536
a 1612 8388608 65536
f 1592
f 1593
f 1594
f 1595
f 1596
a 1613 16777216 65536
a 1614 16777216 65536
a 1615 16777216 65536
a 1616 16777216 65536
a 1617 8388608 65536
f 1609
f 1610
f 1611
f 1612
a 1618 16777216 65536
a 1619 16777216 65536
a 1620 16777216 65536
a 1621 8388608 65536
f 1608
a 1622 8388608 65536
f 1618
f 1619
f 1620
f 1621
a 1623 16777216 65536
a 1624 16777216 65536
a 1625 16777216 65536
a 1626 8388608 65536
f 1613
f 1614
f 1615
f 1616
f 1617
a 1627 16777216 65536
a 1628 16777216 65536
a 1629 16777216 65536
a 1630 16777216 65536
a 1631 8388608 65536
f 1604
f 1605
a 1632 16777216 65536
a 1633 8388608 65536
f 1627
f 1628
f 1629
f 1630
f 1631
a 1634 16777216 65536
a 1635 16777216 65536
a 1636 16777216 65536
a 1637 16777216 65536
a 1638 8388608 65536
f 1622
a 1639 8388608 65536
f 1623
f 1624
f 1625
f 1626
a 1640 16777216 65536
a 1641 16777216 65536
a 1642 16777216 65536
a 1643 8388608 65536
f 1639
a 1644 8388608 65536
f 1640
f 1641
f 1642
f 1643
a 1645 16777216 65536
a 1646 16777216 65536
a 1647 16777216 65536
a 1648 8388608 65536
f 1644
a 1649 8388608 65536
f 1580
a 1650 16777216 65536
f 1607
a 1651 4194304 65536
f 1650
a 1652 16777216 65536
f 1649
a 1653 8388608 65536
f 1651
a 1654 4194304 65536
f 1634
f 1635
f 1636
f 1637
f 1638
a 1655 16777216 65536
a 1656 16777216 65536
a 1657 16777216 65536
a 1658 16777216 65536
a 1659 8388608 65536
f 1645
f 1646
f 1647
f 1648
a 1660 16777216 65536
a 1661 16777216 65536
a 1662 16777216 65536
a 1663 8388608 65536
f 1660
f 1661
f 1662
f 1663
a 1664 16777216 65536
a 1665 16777216 65536
a 1666 16777216 65536
a 1667 8388608 65536
f 1654
a 1668 4194304 65536
f 1652
a 1669 16777216 65536
f 1653
a 1670 8388608 65536
f 1664
f 1665
f 1666
f 1667
a 1671 16777216 65536
a 1672 16777216 65536
a 1673 16777216 65536
a 1674 8388608 65536
f 1668
a 1675 4194304 65536
f 1599
a 1676 4194304 65536
f 1676
a 1677 4194304 65536
f 1655
f 1656
f 1657
f 1658
f 1659
a 1678 16777216 65536
a 1679 16777216 65536
a 1680 16777216 65536
a 1681 16777216 65536
a 1682 8388608 65536
f 1677
a 1683 4194304 65536
f 1632
f 1633
a 1684 16777216 65536
a 1685 8388608 65536
f 1671
f 1672
f 1673
f 1674
a 1686 16777216 65536
a 1687 16777216 65536
a 1688 16777216 65536
a 1689 8388608 65536
f 1686
f 1687
f 1688
f 1689
a 1690 16777216 65536
a 1691 16777216 65536
a 1692 16777216 65536
a 1693 8388608 65536
f 1675
a 1694 4194304 65536
f 1683
a 1695 4194304 65536
f 1695
a 1696 4194304 65536
f 1669
a 1697 16777216 65536
f 1694
a 1698 4194304 65536
f 1698
a 1699 4194304 65536
f 1697
a 1700 16777216 65536
f 1690
f 1691
f 1692
f 1693
a 1701 16777216 65536
a 1702 16777216 65536
a 1703 16777216 65536
a 1704 8388608 65536
f 1678
f 1679
f 1680
f 1681
f 1682
a 1705 16777216 65536
a 1706 16777216 65536
a 1707 16777216 65536
a 1708 16777216 65536
a 1709 8388608 65536
f 1696
a 1710 4194304 65536
f 1684
f 1685
a 1711 16777216 65536
a 1712 8388608 65536
f 1710
a 1713 4194304 65536
f 1670
a 1714 8388608 65536
f 1714
a 1715 8388608 65536
f 1699
a 1716 4194304 65536
f 1701
f 1702
f 1703
f 1704
a 1717 16777216 65536
a 1718 16777216 65536
a 1719 16777216 65536
a 1720 8388608 65536
f 1713
a 1721 4194304 65536
f 1721
a 1722 4194304 65536
f 1715
a 1723 8388608 65536
f 1716
a 1724 4194304 65536
f 1723
a 1725 8388608 65536
f 1725
a 1726 8388608 65536
f 1700
a 1727 16777216 65536
f 1727
a 1728 16777216 65536
f 1711
f 1712
a 1729 16777216 65536
a 1730 8388608 65536
f 1728
a 1731 16777216 65536
f 1717
f 1718
f 1719
f 1720
a 1732 16777216 65536
a 1733 16777216 65536
a 1734 16777216 65536
a 1735 8388608 65536
f 1729
f 1730
a 1736 16777216 65536
a 1737 8388608 65536
f 1705
f 1706
f 1707
f 1708
f 1709
a 1738 16777216 65536
a 1739 16777216 65536
a 1740 16777216 65536
a 1741 16777216 65536
a 1742 8388608 65536
f 1732
f 1733
f 1734
f 1735
a 1743 16777216 65536
a 1744 16777216 65536
a 1745 16777216 65536
a 1746 8388608 65536
f 1738
f 1739
f 1740
f 1741
f 1742
a 1747 16777216 65536
a 1748 16777216 65536
a 1749 16777216 65536
a 1750 16777216 65536
a 1751 8388608 65536
f 1722
a 1752 4194304 65536
f 1747
f 1748
f 1749
f 1750
f 1751
a 1753 16777216 65536
a 1754 16777216 65536
a 1755 16777216 65536
a 1756 16777216 65536
a 1757 8388608 65536
f 1753
f 1754
f 1755
f 1756
f 1757
a 1758 16777216 65536
a 1759 16777216 65536
a 1760 16777216 65536
a 1761 16777216 65536
a 1762 8388608 65536
f 1758
f 1759
f 1760
f 1761
f 1762
a 1763 16777216 65536
a 1764 16777216 65536
a 1765 16777216 65536
a 1766 16777216 65536
a 1767 8388608 65536
f 1726
a 1768 8388608 65536
f 1768
a 1769 8388608 65536
f 1731
a 1770 16777216 65536
f 1736
f 1737
a 1771 16777216 65536
a 1772 8388608 65536
f 1752
a 1773 4194304 65536
c churn-800
f 1743
f 1744
f 1745
f 1746
a 1774 16777216 65536
a 1775 16777216 65536
a 1776 16777216 65536
a 1777 8388608 65536
f 1771
f 1772
a 1778 16777216 65536
a 1779 8388608 65536
f 1763
f 1764
f 1765
f 1766
f 1767
a 1780 16777216 65536
a 1781 16777216 65536
a 1782 16777216 65536
a 1783 16777216 65536
a 1784 8388608 65536
f 1773
a 1785 4194304 65536
f 1774
f 1775
f 1776
f 1777
a 1786 16777216 65536
a 1787 16777216 65536
a 1788 16777216 65536
a 1789 8388608 65536
f 1770
a 1790 16777216 65536
f 1780
f 1781
f 1782
f 1783
f 1784
a 1791 16777216 65536
a 1792 16777216 65536
a 1793 16777216 65536
a 1794 16777216 65536
a 1795 8388608 65536
f 1778
f 1779
a 1796 16777216 65536
a 1797 8388608 65536
f 1786
f 1787
f 1788
f 1789
a 1798 16777216 65536
a 1799 16777216 65536
a 1800 16777216 65536
a 1801 8388608 65536
f 1796
f 1797
a 1802 16777216 65536
a 1803 8388608 65536
f 1724
a 1804 4194304 65536
f 1791
f 1792
f 1793
f 1794
f 1795
a 1805 16777216 65536
a 1806 16777216 65536
a 1807 16777216 65536
a 1808 16777216 65536
a 1809 8388608 65536
f 1798
f 1799
f 1800
f 1801
a 1810 16777216 65536
a 1811 16777216 65536
a 1812 16777216 65536
a 1813 8388608 65536
f 1805
f 1806
f 1807
f 1808
f 1809
a 1814 16777216 65536
a 1815 16777216 65536
a 1816 16777216 65536
a 1817 16777216 65536
a 1818 8388608 65536
f 1814
f 1815
f 1816
f 1817
f 1818
a 1819 16777216 65536
a 1820 16777216 65536
a 1821 16777216 65536
a 1822 16777216 65536
a 1823 8388608 65536
f 1810
f 1811
f 1812
f 1813
a 1824 16777216 65536
a 1825 16777216 65536
a 1826 16777216 65536
a 1827 8388608 65536
f 1819
f 1820
f 1821
f 1822
f 1823
a 1828 16777216 65536
a 1829 16777216 65536
a 1830 16777216 65536
a 1831 16777216 65536
a 1832 8388608 65536
f 1785
a 1833 4194304 65536
f 1804
a 1834 4194304 65536
f 1790
a 1835 16777216 65536
f 1828
f 1829
f 1830
f 1831
f 1832
a 1836 16777216 65536
a 1837 16777216 65536
a 1838 16777216 65536
a 1839 16777216 65536
a 1840 8388608 65536
f 1834
a 1841 4194304 65536
f 1835
a 1842 16777216 65536
f 1833
a 1843 4194304 65536
f 1842
a 1844 16777216 65536
f 1841
a 1845 4194304 65536
f 1769
a 1846 8388608 65536
f 1836
f 1837
f 1838
f 1839
f 1840
a 1847 16777216 65536
a 1848 16777216 65536
a 1849 16777216 65536
a 1850 16777216 65536
a 1851 8388608 65536
f 1843
a 1852 4194304 65536
f 1802
f 1803
a 1853 16777216 65536
a 1854 8388608 65536
f 1852
a 1855 4194304 65536
f 1845
a 1856 4194304 65536
f 1855
a 1857 4194304 65536
f 1846
a 1858 8388608 65536
f 1858
a 1859 8388608 65536
f 1856
a 1860 4194304 65536
f 1859
a 1861 8388608 65536
f 1824
f 1825
f 1826
f 1827
a 1862 16777216 65536
a 1863 16777216 65536
a 1864 16777216 65536
a 1865 8388608 65536
f 1847
f 1848
f 1849
f 1850
f 1851
a 1866 16777216 65536
a 1867 16777216 65536
a 1868 16777216 65536
a 1869 16777216 65536
a 1870 8388608 65536
f 1844
a 1871 16777216 65536
f 1853
f 1854
a 1872 16777216 65536
a 1873 8388608 65536
f 1857
a 1874 4194304 65536
f 1861
a 1875 8388608 65536
f 1872
f 1873
a 1876 16777216 65536
a 1877 8388608 65536
f 1862
f 1863
f 1864
f 1865
a 1878 16777216 65536
a 1879 16777216 65536
a 1880 16777216 65536
a 1881 8388608 65536
f 1860
a 1882 4194304 65536
f 1876
f 1877
a 1883 16777216 65536
a 1884 8388608 65536
f 1882
a 1885 4194304 65536
f 1875
a 1886 8388608 65536
f 1885
a 1887 4194304 65536
f 1874
a 1888 4194304 65536
f 1886
a 1889 8388608 65536
f 1889
a 1890 8388608 65536
f 1887
a 1891 4194304 65536
f 1890
a 1892 8388608 65536
f 1891
a 1893 4194304 65536
f 1893
a 1894 4194304 65536
f 1894
a 1895 4194304 65536
f 1878
f 1879
f 1880
f 1881
a 1896 16777216 65536
a 1897 16777216 65536
a 1898 16777216 65536
a 1899 8388608 65536
f 1866
f 1867
f 1868
f 1869
f 1870
a 1900 16777216 65536
a 1901 16777216 65536
a 1902 16777216 65536
a 1903 16777216 65536
a 1904 8388608 65536
f 1896
f 1897
f 1898
f 1899
a 1905 16777216 65536
a 1906 16777216 65536
a 1907 16777216 65536
a 1908 8388608 65536
f 1892
a 1909 8388608 65536
f 1888
a 1910 4194304 65536
f 1900
f 1901
f 1902
f 1903
f 1904
a 1911 16777216 65536
a 1912 16777216 65536
a 1913 16777216 65536
a 1914 16777216 65536
a 1915 8388608 65536
f 1883
f 1884
a 1916 16777216 65536
a 1917 8388608 65536
f 1910
a 1918 4194304 65536
f 1871
a 1919 16777216 65536
f 1918
a 1920 4194304 65536
f 1909
a 1921 8388608 65536
f 1919
a 1922 16777216 65536
f 1921
a 1923 8388608 65536
f 1916
f 1917
a 1924 16777216 65536
a 1925 8388608 65536
f 1911
f 1912
f 1913
f 1914
f 1915
a 1926 16777216 65536
a 1927 16777216 65536
a 1928 16777216 65536
a 1929 16777216 65536
a 1930 8388608 65536
f 1924
f 1925
a 1931 16777216 65536
a 1932 8388608 65536
f 1923
a 1933 8388608 65536
f 1920
a 1934 4194304 65536
f 1934
a 1935 4194304 65536
f 1922
a 1936 16777216 65536
f 1936
a 1937 16777216 65536
f 1931
f 1932
a 1938 16777216 65536
a 1939 8388608 65536
f 1935
a 1940 4194304 65536
f 1933
a 1941 8388608 65536
f 1938
f 1939
a 1942 16777216 65536
a 1943 8388608 65536
f 1941
a 1944 8388608 65536
f 1926
f 1927
f 1928
f 1929
f 1930
a 1945 16777216 65536
a 1946 16777216 65536
a 1947 16777216 65536
a 1948 16777216 65536
a 1949 8388608 65536
f 1945
f 1946
f 1947
f 1948
f 1949
a 1950 16777216 65536
a 1951 16777216 65536
a 1952 16777216 65536
a 1953 16777216 65536
a 1954 8388608 65536
f 1905
f 1906
f 1907
f 1908
a 1955 16777216 65536
a 1956 16777216 65536
a 1957 16777216 65536
a 1958 8388608 65536
f 1940
a 1959 4194304 65536
f 1895
a 1960 4194304 65536
f 1937
a 1961 16777216 65536
f 1955
f 1956
f 1957
f 1958
a 1962 16777216 65536
a 1963 16777216 65536
a 1964 16777216 65536
a 1965 8388608 65536
f 1944
a 1966 8388608 65536
f 1960
a 1967 4194304 65536
f 1942
f 1943
a 1968 16777216 65536
a 1969 8388608 65536
f 1950
f 1951
f 1952
f 1953
f 1954
a 1970 16777216 65536
a 1971 16777216 65536
a 1972 16777216 65536
a 1973 16777216 65536
a 1974 8388608 65536
f 1968
f 1969
a 1975 16777216 65536
a 1976 8388608 65536
f 1975
f 1976
a 1977 16777216 65536
a 1978 8388608 65536
f 1962
f 1963
f 1964
f 1965
a 1979 16777216 65536
a 1980 16777216 65536
a 1981 16777216 65536
a 1982 8388608 65536
f 1970
f 1971
f 1972
f 1973
f 1974
a 1983 16777216 65536
a 1984 16777216 65536
a 1985 16777216 65536
a 1986 16777216 65536
a 1987 8388608 65536
f 1967
a 1988 4194304 65536
c churn-900
f 1966
a 1989 8388608 65536
f 1988
a 1990 4194304 65536
f 1959
a 1991 4194304 65536
f 1989
a 1992 8388608 65536
f 1990
a 1993 4194304 65536
f 1993
a 1994 4194304 65536
f 1961
a 1995 16777216 65536
f 1977
f 1978
a 1996 16777216 65536
a 1997 8388608 65536
f 1994
a 1998 4194304 65536
f 1996
f 1997
a 1999 16777216 65536
a 2000 8388608 65536
f 1983
f 1984
f 1985
f 1986
f 1987
a 2001 16777216 65536
a 2002 16777216 65536
a 2003 16777216 65536
a 2004 16777216 65536
a 2005 8388608 65536
f 1979
f 1980
f 1981
f 1982
a 2006 16777216 65536
a 2007 16777216 65536
a 2008 16777216 65536
a 2009 8388608 65536
f 2006
f 2007
f 2008
f 2009
a 2010 16777216 65536
a 2011 16777216 65536
a 2012 16777216 65536
a 2013 8388608 65536
f 1999
f 2000
a 2014 16777216 65536
a 2015 8388608 65536
f 2014
f 2015
a 2016 16777216 65536
a 2017 8388608 65536
f 1995
a 2018 16777216 65536
f 1991
a 2019 4194304 65536
f 1998
a 2020 4194304 65536
f 2019
a 2021 4194304 65536
f 2001
f 2002
f 2003
f 2004
f 2005
a 2022 16777216 65536
a 2023 16777216 65536
a 2024 16777216 65536
a 2025 16777216 65536
a 2026 8388608 65536
f 2022
f 2023
f 2024
f 2025
f 2026
a 2027 16777216 65536
a 2028 16777216 65536
a 2029 16777216 65536
a 2030 16777216 65536
a 2031 8388608 65536
f 2010
f 2011
f 2012
f 2013
a 2032 16777216 65536
a 2033 16777216 65536
a 2034 16777216 65536
a 2035 8388608 65536
f 2018
a 2036 16777216 65536
f 2027
f 2028
f 2029
f 2030
f 2031
a 2037 16777216 65536
a 2038 16777216 65536
a 2039 16777216 65536
a 2040 16777216 65536
a 2041 8388608 65536
f 2036
a 2042 16777216 65536
f 2037
f 2038
f 2039
f 2040
f 2041
a 2043 16777216 65536
a 2044 16777216 65536
a 2045 16777216 65536
a 2046 16777216 65536
a 2047 8388608 65536
f 2043
f 2044
f 2045
f 2046
f 2047
a 2048 16777216 65536
a 2049 16777216 65536
a 2050 16777216 65536
a 2051 16777216 65536
a 2052 8388608 65536
f 2016
f 2017
a 2053 16777216 65536
a 2054 8388608 65536
f 1992
a 2055 8388608 65536
f 2055
a 2056 8388608 65536
f 2020
a 2057 4194304 65536
f 2053
f 2054
a 2058 16777216 65536
a 2059 8388608 65536
f 2058
f 2059
a 2060 16777216 65536
a 2061 8388608 65536
f 2042
a 2062 16777216 65536
f 2057
a 2063 4194304 65536
f 2056
a 2064 8388608 65536
f 2032
f 2033
f 2034
f 2035
a 2065 16777216 65536
a 2066 16777216 65536
a 2067 16777216 65536
a 2068 8388608 65536
f 2048
f 2049
f 2050
f 2051
f 2052
a 2069 16777216 65536
a 2070 16777216 65536
a 2071 16777216 65536
a 2072 16777216 65536
a 2073 8388608 65536
f 2060
f 2061
a 2074 16777216 65536
a 2075 8388608 65536
f 2074
f 2075
a 2076 16777216 65536
a 2077 8388608 65536
f 2021
a 2078 4194304 65536
f 2062
a 2079 16777216 65536
f 2065
f 2066
f 2067
f 2068
a 2080 16777216 65536
a 2081 16777216 65536
a 2082 16777216 65536
a 2083 8388608 65536
f 2078
a 2084 4194304 65536
f 2064
a 2085 8388608 65536
f 2080
f 2081
f 2082
f 2083
a 2086 16777216 65536
a 2087 16777216 65536
a 2088 16777216 65536
a 2089 8388608 65536
f 2076
f 2077
a 2090 16777216 65536
a 2091 8388608 65536
f 2090
f 2091
a 2092 16777216 65536
a 2093 8388608 65536
f 2063
a 2094 4194304 65536
f 2092
f 2093
a 2095 16777216 65536
a 2096 8388608 65536
f 2069
f 2070
f 2071
f 2072
f 2073
a 2097 16777216 65536
a 2098 16777216 65536
a 2099 16777216 65536
a 2100 16777216 65536
a 2101 8388608 65536
f 2095
f 2096
a 2102 16777216 65536
a 2103 8388608 65536
f 2086
f 2087
f 2088
f 2089
a 2104 16777216 65536
a 2105 16777216 65536
a 2106 16777216 65536
a 2107 8388608 65536
f 2104
f 2105
f 2106
f 2107
a 2108 16777216 65536
a 2109 16777216 65536
a 2110 16777216 65536
a 2111 8388608 65536
f 2084
a 2112 4194304 65536
f 2112
a 2113 4194304 65536
f 2102
f 2103
a 2114 16777216 65536
a 2115 8388608 65536
f 2108
f 2109
f 2110
f 2111
a 2116 16777216 65536
a 2117 16777216 65536
a 2118 16777216 65536
a 2119 8388608 65536
f 2085
a 2120 8388608 65536
f 2094
a 2121 4194304 65536
f 2097
f 2098
f 2099
f 2100
f 2101
a 2122 16777216 65536
a 2123 16777216 65536
a 2124 16777216 65536
a 2125 16777216 65536
a 2126 8388608 65536
f 2121
a 2127 4194304 65536
f 2122
f 2123
f 2124
f 2125
f 2126
a 2128 16777216 65536
a 2129 16777216 65536
a 2130 16777216 65536
a 2131 16777216 65536
a 2132 8388608 65536
f 2113
a 2133 4194304 65536
f 2116
f 2117
f 2118
f 2119
a 2134 16777216 65536
a 2135 16777216 65536
a 2136 16777216 65536
a 2137 8388608 65536
f 2079
a 2138 16777216 65536
f 2120
a 2139 8388608 65536
f 2134
f 2135
f 2136
f 2137
a 2140 16777216 65536
a 2141 16777216 65536
a 2142 16777216 65536
a 2143 8388608 65536
f 2138
a 2144 16777216 65536
f 2114
f 2115
a 2145 16777216 65536
a 2146 8388608 65536
f 2145
f 2146
a 2147 16777216 65536
a 2148 8388608 65536
f 2140
f 2141
f 2142
f 2143
a 2149 16777216 65536
a 2150 16777216 65536
a 2151 16777216 65536
a 2152 8388608 65536
f 2127
a 2153 4194304 65536
f 2147
f 2148
a 2154 16777216 65536
a 2155 8388608 65536
f 2153
a 2156 4194304 65536
f 2128
f 2129
f 2130
f 2131
f 2132
a 2157 16777216 65536
a 2158 16777216 65536
a 2159 16777216 65536
a 2160 16777216 65536
a 2161 8388608 65536
f 2139
a 2162 8388608 65536
f 2156
a 2163 4194304 65536
f 2154
f 2155
a 2164 16777216 65536
a 2165 8388608 65536
f 2149
f 2150
f 2151
f 2152
a 2166 16777216 65536
a 2167 16777216 65536
a 2168 16777216 65536
a 2169 8388608 65536
f 2166
f 2167
f 2168
f 2169
a 2170 16777216 65536
a 2171 16777216 65536
a 2172 16777216 65536
a 2173 8388608 65536
f 2162
a 2174 8388608 65536
f 2163
a 2175 4194304 65536
f 2133
a 2176 4194304 65536
f 2144
a 2177 16777216 65536
f 2177
a 2178 16777216 65536
f 2178
a 2179 16777216 65536
f 2179
a 2180 16777216 65536
f 2174
a 2181 8388608 65536
f 2180
a 2182 16777216 65536
f 2182
a 2183 16777216 65536
f 2157
f 2158
f 2159
f 2160
f 2161
a 2184 16777216 65536
a 2185 16777216 65536
a 2186 16777216 65536
a 2187 16777216 65536
a 2188 8388608 65536
f 2183
a 2189 16777216 65536
f 2181
a 2190 8388608 65536
f 2190
a 2191 8388608 65536
f 2189
a 2192 16777216 65536
f 2176
a 2193 4194304 65536
f 2164
f 2165
a 2194 16777216 65536
a 2195 8388608 65536
f 2175
a 2196 4194304 65536
f 2193
a 2197 4194304 65536
c churn-1000
f 2192
a 2198 16777216 65536
f 2197
a 2199 4194304 65536
f 2198
a 2200 16777216 65536
f 2200
a 2201 16777216 65536
f 2170
f 2171
f 2172
f 2173
a 2202 16777216 65536
a 2203 16777216 65536
a 2204 16777216 65536
a 2205 8388608 65536
f 2184
f 2185
f 2186
f 2187
f 2188
a 2206 16777216 65536
a 2207 16777216 65536
a 2208 16777216 65536
a 2209 16777216 65536
a 2210 8388608 65536
f 2206
f 2207
f 2208
f 2209
f 2210
a 2211 16777216 65536
a 2212 16777216 65536
a 2213 16777216 65536
a 2214 16777216 65536
a 2215 8388608 65536
f 2211
f 2212
f 2213
f 2214
f 2215
a 2216 16777216 65536
a 2217 16777216 65536
a 2218 16777216 65536
a 2219 16777216 65536
a 2220 8388608 65536
f 2202
f 2203
f 2204
f 2205
a 2221 16777216 65536
a 2222 16777216 65536
a 2223 16777216 65536
a 2224 8388608 65536
f 2201
a 2225 16777216 65536
f 2199
a 2226 4194304 65536
f 2221
f 2222
f 2223
f 2224
a 2227 16777216 65536
a 2228 16777216 65536
a 2229 16777216 65536
a 2230 8388608 65536
f 2194
f 2195
a 2231 16777216 65536
a 2232 8388608 65536
f 2196
a 2233 4194304 65536
f 2216
f 2217
f 2218
f 2219
f 2220
a 2234 16777216 65536
a 2235 16777216 65536
a 2236 16777216 65536
a 2237 16777216 65536
a 2238 8388608 65536
f 2231
f 2232
a 2239 16777216 65536
a 2240 8388608 65536
f 2226
a 2241 4194304 65536
f 2241
a 2242 4194304 65536
f 2234
f 2235
f 2236
f 2237
f 2238
a 2243 16777216 65536
a 2244 16777216 65536
a 2245 16777216 65536
a 2246 16777216 65536
a 2247 8388608 65536
f 2191
a 2248 8388608 65536
f 2225
a 2249 16777216 65536
f 2239
f 2240
a 2250 16777216 65536
a 2251 8388608 65536
f 2249
a 2252 16777216 65536
f 2243
f 2244
f 2245
f 2246
f 2247
a 2253 16777216 65536
a 2254 16777216 65536
a 2255 16777216 65536
a 2256 16777216 65536
a 2257 8388608 65536
f 2233
a 2258 4194304 65536
f 2252
a 2259 16777216 65536
f 2258
a 2260 4194304 65536
f 2242
a 2261 4194304 65536
f 2227
f 2228
f 2229
f 2230
a 2262 16777216 65536
a 2263 16777216 65536
a 2264 16777216 65536
a 2265 8388608 65536
f 2261
a 2266 4194304 65536
f 2266
a 2267 4194304 65536
f 2260
a 2268 4194304 65536
f 2259
a 2269 16777216 65536
f 2269
a 2270 16777216 65536
f 2248
a 2271 8388608 65536
f 2267
a 2272 4194304 65536
f 2270
a 2273 16777216 65536
f 2253
f 2254
f 2255
f 2256
f 2257
a 2274 16777216 65536
a 2275 16777216 65536
a 2276 16777216 65536
a 2277 16777216 65536
a 2278 8388608 65536
f 2271
a 2279 8388608 65536
f 2279
a 2280 8388608 65536
f 2268
a 2281 4194304 65536
f 2272
a 2282 4194304 65536
f 2281
a 2283 4194304 65536
f 2262
f 2263
f 2264
f 2265
a 2284 16777216 65536
a 2285 16777216 65536
a 2286 16777216 65536
a 2287 8388608 65536
f 2280
a 2288 8388608 65536
f 2274
f 2275
f 2276
f 2277
f 2278
a 2289 16777216 65536
a 2290 16777216 65536
a 2291 16777216 65536
a 2292 16777216 65536
a 2293 8388608 65536
f 2288
a 2294 8388608 65536
f 2273
a 2295 16777216 65536
f 2295
a 2296 16777216 65536
f 2289
f 2290
f 2291
f 2292
f 2293
a 2297 16777216 65536
a 2298 16777216 65536
a 2299 16777216 65536
a 2300 16777216 65536
a 2301 8388608 65536
f 2297
f 2298
f 2299
f 2300
f 2301
a 2302 16777216 65536
a 2303 16777216 65536
a 2304 16777216 65536
a 2305 16777216 65536
a 2306 8388608 65536
f 2250
f 2251
a 2307 16777216 65536
a 2308 8388608 65536
f 2294
a 2309 8388608 65536
f 2283
a 2310 4194304 65536
f 2296
a 2311 16777216 65536
f 2307
f 2308
a 2312 16777216 65536
a 2313 8388608 65536
f 2282
a 2314 4194304 65536
f 2314
a 2315 4194304 65536
f 2309
a 2316 8388608 65536
f 2310
a 2317 4194304 65536
f 2315
a 2318 4194304 65536
f 2312
f 2313
a 2319 16777216 65536
a 2320 8388608 65536
f 2319
f 2320
a 2321 16777216 65536
a 2322 8388608 65536
f 2316
a 2323 8388608 65536
f 2318
a 2324 4194304 65536
f 2302
f 2303
f 2304
f 2305
f 2306
a 2325 16777216 65536
a 2326 16777216 65536
a 2327 16777216 65536
a 2328 16777216 65536
a 2329 8388608 65536
f 2317
a 2330 4194304 65536
f 2325
f 2326
f 2327
f 2328
f 2329
a 2331 16777216 65536
a 2332 16777216 65536
a 2333 16777216 65536
a 2334 16777216 65536
a 2335 8388608 65536
f 2331
f 2332
f 2333
f 2334
f 2335
a 2336 16777216 65536
a 2337 16777216 65536
a 2338 16777216 65536
a 2339 16777216 65536
a 2340 8388608 65536
f 2323
a 2341 8388608 65536
f 2336
f 2337
f 2338
f 2339
f 2340
a 2342 16777216 65536
a 2343 16777216 65536
a 2344 16777216 65536
a 2345 16777216 65536
a 2346 8388608 65536
f 2324
a 2347 4194304 65536
f 2342
f 2343
f 2344
f 2345
f 2346
a 2348 16777216 65536
a 2349 16777216 65536
a 2350 16777216 65536
a 2351 16777216 65536
a 2352 8388608 65536
f 2321
f 2322
a 2353 16777216 65536
a 2354 8388608 65536
f 2311
a 2355 16777216 65536
f 2341
a 2356 8388608 65536
f 2347
a 2357 4194304 65536
f 2348
f 2349
f 2350
f 2351
f 2352
a 2358 16777216 65536
a 2359 16777216 65536
a 2360 16777216 65536
a 2361 16777216 65536
a 2362 8388608 65536
f 2355
a 2363 16777216 65536
f 2363
a 2364 16777216 65536
f 2357
a 2365 4194304 65536
f 2284
f 2285
f 2286
f 2287
a 2366 16777216 65536
a 2367 16777216 65536
a 2368 16777216 65536
a 2369 8388608 65536
f 2330
a 2370 4194304 65536
f 2365
a 2371 4194304 65536
f 2370
a 2372 4194304 65536
f 2366
f 2367
f 2368
f 2369
a 2373 16777216 65536
a 2374 16777216 65536
a 2375 16777216 65536
a 2376 8388608 65536
f 2372
a 2377 4194304 65536
f 2353
f 2354
a 2378 16777216 65536
a 2379 8388608 65536
f 2378
f 2379
a 2380 16777216 65536
a 2381 8388608 65536
f 2371
a 2382 4194304 65536
f 2382
a 2383 4194304 65536
f 2356
a 2384 8388608 65536
f 2383
a 2385 4194304 65536
f 2384
a 2386 8388608 65536
f 2364
a 2387 16777216 65536
f 2386
a 2388 8388608 65536
f 2380
f 2381
a 2389 16777216 65536
a 2390 8388608 65536
f 2358
f 2359
f 2360
f 2361
f 2362
a 2391 16777216 65536
a 2392 16777216 65536
a 2393 16777216 65536
a 2394 16777216 65536
a 2395 8388608 65536
f 2389
f 2390
a 2396 16777216 65536
a 2397 8388608 65536
f 2373
f 2374
f 2375
f 2376
a 2398 16777216 65536
a 2399 16777216 65536
a 2400 16777216 65536
a 2401 8388608 65536
c churn-1100
f 2385
a 2402 4194304 65536
f 2388
a 2403 8388608 65536
f 2377
a 2404 4194304 65536
f 2403
a 2405 8388608 65536
f 2405
a 2406 8388608 65536
f 2396
f 2397
a 2407 16777216 65536
a 2408 8388608 65536
f 2387
a 2409 16777216 65536
f 2407
f 2408
a 2410 16777216 65536
a 2411 8388608 65536
f 2404
a 2412 4194304 65536
f 2402
a 2413 4194304 65536
f 2391
f 2392
f 2393
f 2394
f 2395
a 2414 16777216 65536
a 2415 16777216 65536
a 2416 16777216 65536
a 2417 16777216 65536
a 2418 8388608 65536
f 2409
a 2419 16777216 65536
f 2419
a 2420 16777216 65536
f 2420
a 2421 16777216 65536
f 2414
f 2415
f 2416
f 2417
f 2418
a 2422 16777216 65536
a 2423 16777216 65536
a 2424 16777216 65536
a 2425 16777216 65536
a 2426 8388608 65536
f 2412
a 2427 4194304 65536
f 2421
a 2428 16777216 65536
f 2427
a 2429 4194304 65536
f 2429
a 2430 4194304 65536
f 2410
f 2411
a 2431 16777216 65536
a 2432 8388608 65536
f 2430
a 2433 4194304 65536
f 2422
f 2423
f 2424
f 2425
f 2426
a 2434 16777216 65536
a 2435 16777216 65536
a 2436 16777216 65536
a 2437 16777216 65536
a 2438 8388608 65536
f 2428
a 2439 16777216 65536
f 2439
a 2440 16777216 65536
f 2431
f 2432
a 2441 16777216 65536
a 2442 8388608 65536
f 2434
f 2435
f 2436
f 2437
f 2438
a 2443 16777216 65536
a 2444 16777216 65536
a 2445 16777216 65536
a 2446 16777216 65536
a 2447 8388608 65536
f 2398
f 2399
f 2400
f 2401
a 2448 16777216 65536
a 2449 16777216 65536
a 2450 16777216 65536
a 2451 8388608 65536
f 2441
f 2442
a 2452 16777216 65536
a 2453 8388608 65536
f 2406
a 2454 8388608 65536
f 2448
f 2449
f 2450
f 2451
a 2455 16777216 65536
a 2456 16777216 65536
a 2457 16777216 65536
a 2458 8388608 65536
f 2440
a 2459 16777216 65536
f 2452
f 2453
a 2460 16777216 65536
a 2461 8388608 65536
f 2433
a 2462 4194304 65536
f 2413
a 2463 4194304 65536
f 2443
f 2444
f 2445
f 2446
f 2447
a 2464 16777216 65536
a 2465 16777216 65536
a 2466 16777216 65536
a 2467 16777216 65536
a 2468 8388608 65536
f 2455
f 2456
f 2457
f 2458
a 2469 16777216 65536
a 2470 16777216 65536
a 2471 16777216 65536
a 2472 8388608 65536
f 2454
a 2473 8388608 65536
f 2460
f 2461
a 2474 16777216 65536
a 2475 8388608 65536
f 2469
f 2470
f 2471
f 2472
a 2476 16777216 65536
a 2477 16777216 65536
a 2478 16777216 65536
a 2479 8388608 65536
f 2464
f 2465
f 2466
f 2467
f 2468
a 2480 16777216 65536
a 2481 16777216 65536
a 2482 16777216 65536
a 2483 16777216 65536
a 2484 8388608 65536
f 2463
a 2485 4194304 65536
f 2473
a 2486 8388608 65536
f 2486
a 2487 8388608 65536
f 2476
f 2477
f 2478
f 2479
a 2488 16777216 65536
a 2489 16777216 65536
a 2490 16777216 65536
a 2491 8388608 65536
f 2485
a 2492 4194304 65536
f 2492
a 2493 4194304 65536
f 2459
a 2494 16777216 65536
f 2462
a 2495 4194304 65536
f 2487
a 2496 8388608 65536
f 2488
f 2489
f 2490
f 2491
a 2497 16777216 65536
a 2498 16777216 65536
a 2499 16777216 65536
a 2500 8388608 65536
f 2497
f 2498
f 2499
f 2500
a 2501 16777216 65536
a 2502 16777216 65536
a 2503 16777216 65536
a 2504 8388608 65536
f 2501
f 2502
f 2503
f 2504
a 2505 16777216 65536
a 2506 16777216 65536
a 2507 16777216 65536
a 2508 8388608 65536
f 2480
f 2481
f 2482
f 2483
f 2484
a 2509 16777216 65536
a 2510 16777216 65536
a 2511 16777216 65536
a 2512 16777216 65536
a 2513 8388608 65536
f 2474
f 2475
a 2514 16777216 65536
a 2515 8388608 65536
f 2509
f 2510
f 2511
f 2512
f 2513
a 2516 16777216 65536
a 2517 16777216 65536
a 2518 16777216 65536
a 2519 16777216 65536
a 2520 8388608 65536
f 2516
f 2517
f 2518
f 2519
f 2520
a 2521 16777216 65536
a 2522 16777216 65536
a 2523 16777216 65536
a 2524 16777216 65536
a 2525 8388608 65536
f 2494
a 2526 16777216 65536
f 2505
f 2506
f 2507
f 2508
a 2527 16777216 65536
a 2528 16777216 65536
a 2529 16777216 65536
a 2530 8388608 65536
f 2514
f 2515
a 2531 16777216 65536
a 2532 8388608 65536
f 2531
f 2532
a 2533 16777216 65536
a 2534 8388608 65536
f 2527
f 2528
f 2529
f 2530
a 2535 16777216 65536
a 2536 16777216 65536
a 2537 16777216 65536
a 2538 8388608 65536
f 2493
a 2539 4194304 65536
f 2533
f 2534
a 2540 16777216 65536
a 2541 8388608 65536
f 2495
a 2542 4194304 65536
f 2496
a 2543 8388608 65536
f 2542
a 2544 4194304 65536
f 2535
f 2536
f 2537
f 2538
a 2545 16777216 65536
a 2546 16777216 65536
a 2547 16777216 65536
a 2548 8388608 65536
f 2526
a 2549 16777216 65536
f 2540
f 2541
a 2550 16777216 65536
a 2551 8388608 65536
f 2549
a 2552 16777216 65536
f 2539
a 2553 4194304 65536
f 2552
a 2554 16777216 65536
f 2553
a 2555 4194304 65536
f 2521
f 2522
f 2523
f 2524
f 2525
a 2556 16777216 65536
a 2557 16777216 65536
a 2558 16777216 65536
a 2559 16777216 65536
a 2560 8388608 65536
f 2550
f 2551
a 2561 16777216 65536
a 2562 8388608 65536
f 2561
f 2562
a 2563 16777216 65536
a 2564 8388608 65536
f 2563
f 2564
a 2565 16777216 65536
a 2566 8388608 65536
f 2545
f 2546
f 2547
f 2548
a 2567 16777216 65536
a 2568 16777216 65536
a 2569 16777216 65536
a 2570 8388608 65536
f 2543
a 2571 8388608 65536
f 2544
a 2572 4194304 65536
f 2556
f 2557
f 2558
f 2559
f 2560
a 2573 16777216 65536
a 2574 16777216 65536
a 2575 16777216 65536
a 2576 16777216 65536
a 2577 8388608 65536
f 2555
a 2578 4194304 65536
f 2567
f 2568
f 2569
f 2570
a 2579 16777216 65536
a 2580 16777216 65536
a 2581 16777216 65536
a 2582 8388608 65536
f 2565
f 2566
a 2583 16777216 65536
a 2584 8388608 65536
f 2572
a 2585 4194304 65536
f 2578
a 2586 4194304 65536
f 2586
a 2587 4194304 65536
f 2585
a 2588 4194304 65536
f 2588
a 2589 4194304 65536
f 2589
a 2590 4194304 65536
f 2583
f 2584
a 2591 16777216 65536
a 2592 8388608 65536
f 2587
a 2593 4194304 65536
f 2573
f 2574
f 2575
f 2576
f 2577
a 2594 16777216 65536
a 2595 16777216 65536
a 2596 16777216 65536
a 2597 16777216 65536
a 2598 8388608 65536
f 2593
a 2599 4194304 65536
f 2591
f 2592
a 2600 16777216 65536
a 2601 8388608 65536
f 2594
f 2595
f 2596
f 2597
f 2598
a 2602 16777216 65536
a 2603 16777216 65536
a 2604 16777216 65536
a 2605 16777216 65536
a 2606 8388608 65536
f 2599
a 2607 4194304 65536
f 2554
a 2608 16777216 65536
f 2590
a 2609 4194304 65536
f 2602
f 2603
f 2604
f 2605
f 2606
a 2610 16777216 65536
a 2611 16777216 65536
a 2612 16777216 65536
a 2613 16777216 65536
a 2614 8388608 65536
c churn-1200
f 2608
a 2615 16777216 65536
f 2609
a 2616 4194304 65536
f 2579
f 2580
f 2581
f 2582
a 2617 16777216 65536
a 2618 16777216 65536
a 2619 16777216 65536
a 2620 8388608 65536
f 2607
a 2621 4194304 65536
f 2600
f 2601
a 2622 16777216 65536
a 2623 8388608 65536
f 2622
f 2623
a 2624 16777216 65536
a 2625 8388608 65536
f 2615
a 2626 16777216 65536
f 2610
f 2611
f 2612
f 2613
f 2614
a 2627 16777216 65536
a 2628 16777216 65536
a 2629 16777216 65536
a 2630 16777216 65536
a 2631 8388608 65536
f 2624
f 2625
a 2632 16777216 65536
a 2633 8388608 65536
f 2571
a 2634 8388608 65536
f 2621
a 2635 4194304 65536
f 2627
f 2628
f 2629
f 2630
f 2631
a 2636 16777216 65536
a 2637 16777216 65536
a 2638 16777216 65536
a 2639 16777216 65536
a 2640 8388608 65536
f 2617
f 2618
f 2619
f 2620
a 2641 16777216 65536
a 2642 16777216 65536
a 2643 16777216 65536
a 2644 8388608 65536
f 2632
f 2633
a 2645 16777216 65536
a 2646 8388608 65536
f 2645
f 2646
a 2647 16777216 65536
a 2648 8388608 65536
f 2634
a 2649 8388608 65536
f 2641
f 2642
f 2643
f 2644
a 2650 16777216 65536
a 2651 16777216 65536
a 2652 16777216 65536
a 2653 8388608 65536
f 2626
a 2654 16777216 65536
f 2647
f 2648
a 2655 16777216 65536
a 2656 8388608 65536
f 2654
a 2657 16777216 65536
f 2635
a 2658 4194304 65536
f 2655
f 2656
a 2659 16777216 65536
a 2660 8388608 65536
f 2636
f 2637
f 2638
f 2639
f 2640
a 2661 16777216 65536
a 2662 16777216 65536
a 2663 16777216 65536
a 2664 16777216 65536
a 2665 8388608 65536
f 2650
f 2651
f 2652
f 2653
a 2666 16777216 65536
a 2667 16777216 65536
a 2668 16777216 65536
a 2669 8388608 65536
f 2659
f 2660
a 2670 16777216 65536
a 2671 8388608 65536
f 2657
a 2672 16777216 65536
f 2649
a 2673 8388608 65536
f 2616
a 2674 4194304 65536
f 2658
a 2675 4194304 65536
f 2675
a 2676 4194304 65536
f 2674
a 2677 4194304 65536
f 2677
a 2678 4194304 65536
f 2670
f 2671
a 2679 16777216 65536
a 2680 8388608 65536
f 2676
a 2681 4194304 65536
f 2666
f 2667
f 2668
f 2669
a 2682 16777216 65536
a 2683 16777216 65536
a 2684 16777216 65536
a 2685 8388608 65536
f 2678
a 2686 4194304 65536
f 2686
a 2687 4194304 65536
f 2681
a 2688 4194304 65536
f 2673
a 2689 8388608 65536
f 2689
a 2690 8388608 65536
f 2672
a 2691 16777216 65536
f 2679
f 2680
a 2692 16777216 65536
a 2693 8388608 65536
f 2661
f 2662
f 2663
f 2664
f 2665
a 2694 16777216 65536
a 2695 16777216 65536
a 2696 16777216 65536
a 2697 16777216 65536
a 2698 8388608 65536
f 2688
a 2699 4194304 65536
f 2691
a 2700 16777216 65536
f 2687
a 2701 4194304 65536
f 2699
a 2702 4194304 65536
f 2690
a 2703 8388608 65536
f 2692
f 2693
a 2704 16777216 65536
a 2705 8388608 65536
f 2704
f 2705
a 2706 16777216 65536
a 2707 8388608 65536
f 2703
a 2708 8388608 65536
f 2682
f 2683
f 2684
f 2685
a 2709 16777216 65536
a 2710 16777216 65536
a 2711 16777216 65536
a 2712 8388608 65536
f 2706
f 2707
a 2713 16777216 65536
a 2714 8388608 65536
f 2694
f 2695
f 2696
f 2697
f 2698
a 2715 16777216 65536
a 2716 16777216 65536
a 2717 16777216 65536
a 2718 16777216 65536
a 2719 8388608 65536
f 2702
a 2720 4194304 65536
f 2713
f 2714
a 2721 16777216 65536
a 2722 8388608 65536
f 2709
f 2710
f 2711
f 2712
a 2723 16777216 65536
a 2724 16777216 65536
a 2725 16777216 65536
a 2726 8388608 65536
f 2715
f 2716
f 2717
f 2718
f 2719
a 2727 16777216 65536
a 2728 16777216 65536
a 2729 16777216 65536
a 2730 16777216 65536
a 2731 8388608 65536
f 2708
a 2732 8388608 65536
f 2727
f 2728
f 2729
f 2730
f 2731
a 2733 16777216 65536
a 2734 16777216 65536
a 2735 16777216 65536
a 2736 16777216 65536
a 2737 8388608 65536
f 2723
f 2724
f 2725
f 2726
a 2738 16777216 65536
a 2739 16777216 65536
a 2740 16777216 65536
a 2741 8388608 65536
f 2732
a 2742 8388608 65536
f 2721
f 2722
a 2743 16777216 65536
a 2744 8388608 65536
f 2738
f 2739
f 2740
f 2741
a 2745 16777216 65536
a 2746 16777216 65536
a 2747 16777216 65536
a 2748 8388608 65536
f 2743
f 2744
a 2749 16777216 65536
a 2750 8388608 65536
f 2700
a 2751 16777216 65536
f 2733
f 2734
f 2735
f 2736
f 2737
a 2752 16777216 65536
a 2753 16777216 65536
a 2754 16777216 65536
a 2755 16777216 65536
a 2756 8388608 65536
f 2701
a 2757 4194304 65536
f 2757
a 2758 4194304 65536
f 2745
f 2746
f 2747
f 2748
a 2759 16777216 65536
a 2760 16777216 65536
a 2761 16777216 65536
a 2762 8388608 65536
f 2749
f 2750
a 2763 16777216 65536
a 2764 8388608 65536
f 2742
a 2765 8388608 65536
f 2765
a 2766 8388608 65536
f 2758
a 2767 4194304 65536
f 2759
f 2760
f 2761
f 2762
a 2768 16777216 65536
a 2769 16777216 65536
a 2770 16777216 65536
a 2771 8388608 65536
f 2763
f 2764
a 2772 16777216 65536
a 2773 8388608 65536
f 2768
f 2769
f 2770
f 2771
a 2774 16777216 65536
a 2775 16777216 65536
a 2776 16777216 65536
a 2777 8388608 65536
f 2720
a 2778 4194304 65536
f 2767
a 2779 4194304 65536
f 2779
a 2780 4194304 65536
f 2780
a 2781 4194304 65536
f 2781
a 2782 4194304 65536
f 2774
f 2775
f 2776
f 2777
a 2783 16777216 65536
a 2784 16777216 65536
a 2785 16777216 65536
a 2786 8388608 65536
f 2782
a 2787 4194304 65536
f 2787
a 2788 4194304 65536
f 2772
f 2773
a 2789 16777216 65536
a 2790 8388608 65536
f 2788
a 2791 4194304 65536
f 2789
f 2790
a 2792 16777216 65536
a 2793 8388608 65536
f 2778
a 2794 4194304 65536
f 2792
f 2793
a 2795 16777216 65536
a 2796 8388608 65536
f 2766
a 2797 8388608 65536
f 2752
f 2753
f 2754
f 2755
f 2756
a 2798 16777216 65536
a 2799 16777216 65536
a 2800 16777216 65536
a 2801 16777216 65536
a 2802 8388608 65536
f 2795
f 2796
a 2803 16777216 65536
a 2804 8388608 65536
f 2783
f 2784
f 2785
f 2786
a 2805 16777216 65536
a 2806 16777216 65536
a 2807 16777216 65536
a 2808 8388608 65536
f 2794
a 2809 4194304 65536
f 2791
a 2810 4194304 65536
f 2798
f 2799
f 2800
f 2801
f 2802
a 2811 16777216 65536
a 2812 16777216 65536
a 2813 16777216 65536
a 2814 16777216 65536
a 2815 8388608 65536
f 2803
f 2804
a 2816 16777216 65536
a 2817 8388608 65536
f 2797
a 2818 8388608 65536
f 2805
f 2806
f 2807
f 2808
a 2819 16777216 65536
a 2820 16777216 65536
a 2821 16777216 65536
a 2822 8388608 65536
c churn-1300
f 2818
a 2823 8388608 65536
f 2819
f 2820
f 2821
f 2822
a 2824 16777216 65536
a 2825 16777216 65536
a 2826 16777216 65536
a 2827 8388608 65536
f 2823
a 2828 8388608 65536
f 2810
a 2829 4194304 65536
f 2824
f 2825
f 2826
f 2827
a 2830 16777216 65536
a 2831 16777216 65536
a 2832 16777216 65536
a 2833 8388608 65536
f 2830
f 2831
f 2832
f 2833
a 2834 16777216 65536
a 2835 16777216 65536
a 2836 16777216 65536
a 2837 8388608 65536
f 2828
a 2838 8388608 65536
f 2811
f 2812
f 2813
f 2814
f 2815
a 2839 16777216 65536
a 2840 16777216 65536
a 2841 16777216 65536
a 2842 16777216 65536
a 2843 8388608 65536
f 2838
a 2844 8388608 65536
f 2834
f 2835
f 2836
f 2837
a 2845 16777216 65536
a 2846 16777216 65536
a 2847 16777216 65536
a 2848 8388608 65536
f 2844
a 2849 8388608 65536
f 2829
a 2850 4194304 65536
f 2849
a 2851 8388608 65536
f 2850
a 2852 4194304 65536
f 2809
a 2853 4194304 65536
f 2853
a 2854 4194304 65536
f 2751
a 2855 16777216 65536
f 2855
a 2856 16777216 65536
f 2854
a 2857 4194304 65536
f 2839
f 2840
f 2841
f 2842
f 2843
a 2858 16777216 65536
a 2859 16777216 65536
a 2860 16777216 65536
a 2861 16777216 65536
a 2862 8388608 65536
f 2845
f 2846
f 2847
f 2848
a 2863 16777216 65536
a 2864 16777216 65536
a 2865 16777216 65536
a 2866 8388608 65536
f 2851
a 2867 8388608 65536
f 2856
a 2868 16777216 65536
f 2868
a 2869 16777216 65536
f 2816
f 2817
a 2870 16777216 65536
a 2871 8388608 65536
f 2857
a 2872 4194304 65536
f 2872
a 2873 4194304 65536
f 2867
a 2874 8388608 65536
f 2869
a 2875 16777216 65536
f 2875
a 2876 16777216 65536
f 2863
f 2864
f 2865
f 2866
a 2877 16777216 65536
a 2878 16777216 65536
a 2879 16777216 65536
a 2880 8388608 65536
f 2852
a 2881 4194304 65536
f 2873
a 2882 4194304 65536
f 2874
a 2883 8388608 65536
f 2876
a 2884 16777216 65536
f 2883
a 2885 8388608 65536
f 2885
a 2886 8388608 65536
f 2884
a 2887 16777216 65536
f 2881
a 2888 4194304 65536
f 2888
a 2889 4194304 65536
f 2887
a 2890 16777216 65536
f 2889
a 2891 4194304 65536
f 2877
f 2878
f 2879
f 2880
a 2892 16777216 65536
a 2893 16777216 65536
a 2894 16777216 65536
a 2895 8388608 65536
f 2886
a 2896 8388608 65536
f 2890
a 2897 16777216 65536
f 2882
a 2898 4194304 65536
f 2858
f 2859
f 2860
f 2861
f 2862
a 2899 16777216 65536
a 2900 16777216 65536
a 2901 16777216 65536
a 2902 16777216 65536
a 2903 8388608 65536
f 2891
a 2904 4194304 65536
f 2870
f 2871
a 2905 16777216 65536
a 2906 8388608 65536
f 2898
a 2907 4194304 65536
f 2892
f 2893
f 2894
f 2895
a 2908 16777216 65536
a 2909 16777216 65536
a 2910 16777216 65536
a 2911 8388608 65536
f 2904
a 2912 4194304 65536
f 2905
f 2906
a 2913 16777216 65536
a 2914 8388608 65536
f 2896
a 2915 8388608 65536
f 2897
a 2916 16777216 65536
f 2908
f 2909
f 2910
f 2911
a 2917 16777216 65536
a 2918 16777216 65536
a 2919 16777216 65536
a 2920 8388608 65536
f 2913
f 2914
a 2921 16777216 65536
a 2922 8388608 65536
f 2912
a 2923 4194304 65536
f 2923
a 2924 4194304 65536
f 2921
f 2922
a 2925 16777216 65536
a 2926 8388608 65536
f 2907
a 2927 4194304 65536
f 2924
a 2928 4194304 65536
f 2917
f 2918
f 2919
f 2920
a 2929 16777216 65536
a 2930 16777216 65536
a 2931 16777216 65536
a 2932 8388608 65536
f 2915
a 2933 8388608 65536
f 2927
a 2934 4194304 65536
f 2934
a 2935 4194304 65536
f 2916
a 2936 16777216 65536
f 2933
a 2937 8388608 65536
f 2928
a 2938 4194304 65536
f 2937
a 2939 8388608 65536
f 2929
f 2930
f 2931
f 2932
a 2940 16777216 65536
a 2941 16777216 65536
a 2942 16777216 65536
a 2943 8388608 65536
f 2935
a 2944 4194304 65536
f 2938
a 2945 4194304 65536
f 2925
f 2926
a 2946 16777216 65536
a 2947 8388608 65536
f 2936
a 2948 16777216 65536
f 2944
a 2949 4194304 65536
f 2945
a 2950 4194304 65536
f 2946
f 2947
a 2951 16777216 65536
a 2952 8388608 65536
f 2949
a 2953 4194304 65536
f 2948
a 2954 16777216 65536
f 2899
f 2900
f 2901
f 2902
f 2903
a 2955 16777216 65536
a 2956 16777216 65536
a 2957 16777216 65536
a 2958 16777216 65536
a 2959 8388608 65536
f 2955
f 2956
f 2957
f 2958
f 2959
a 2960 16777216 65536
a 2961 16777216 65536
a 2962 16777216 65536
a 2963 16777216 65536
a 2964 8388608 65536
f 2939
a 2965 8388608 65536
f 2954
a 2966 16777216 65536
f 2960
f 2961
f 2962
f 2963
f 2964
a 2967 16777216 65536
a 2968 16777216 65536
a 2969 16777216 65536
a 2970 16777216 65536
a 2971 8388608 65536
f 2967
f 2968
f 2969
f 2970
f 2971
a 2972 16777216 65536
a 2973 16777216 65536
a 2974 16777216 65536
a 2975 16777216 65536
a 2976 8388608 65536
f 2950
a 2977 4194304 65536
f 2972
f 2973
f 2974
f 2975
f 2976
a 2978 16777216 65536
a 2979 16777216 65536
a 2980 16777216 65536
a 2981 16777216 65536
a 2982 8388608 65536
f 2965
a 2983 8388608 65536
f 2977
a 2984 4194304 65536
f 2978
f 2979
f 2980
f 2981
f 2982
a 2985 16777216 65536
a 2986 16777216 65536
a 2987 16777216 65536
a 2988 16777216 65536
a 2989 8388608 65536
f 2966
a 2990 16777216 65536
f 2990
a 2991 16777216 65536
f 2951
f 2952
a 2992 16777216 65536
a 2993 8388608 65536
f 2983
a 2994 8388608 65536
f 2994
a 2995 8388608 65536
f 2992
f 2993
a 2996 16777216 65536
a 2997 8388608 65536
f 2991
a 2998 16777216 65536
f 2998
a 2999 16777216 65536
f 2985
f 2986
f 2987
f 2988
f 2989
a 3000 16777216 65536
a 3001 16777216 65536
a 3002 16777216 65536
a 3003 16777216 65536
a 3004 8388608 65536
c churn-1400
f 3000
f 3001
f 3002
f 3003
f 3004
a 3005 16777216 65536
a 3006 16777216 65536
a 3007 16777216 65536
a 3008 16777216 65536
a 3009 8388608 65536
f 3005
f 3006
f 3007
f 3008
f 3009
a 3010 16777216 65536
a 3011 16777216 65536
a 3012 16777216 65536
a 3013 16777216 65536
a 3014 8388608 65536
f 2940
f 2941
f 2942
f 2943
a 3015 16777216 65536
a 3016 16777216 65536
a 3017 16777216 65536
a 3018 8388608 65536
f 3010
f 3011
f 3012
f 3013
f 3014
a 3019 16777216 65536
a 3020 16777216 65536
a 3021 16777216 65536
a 3022 16777216 65536
a 3023 8388608 65536
f 2995
a 3024 8388608 65536
f 2953
a 3025 4194304 65536
f 3024
a 3026 8388608 65536
f 3026
a 3027 8388608 65536
f 3015
f 3016
f 3017
f 3018
a 3028 16777216 65536
a 3029 16777216 65536
a 3030 16777216 65536
a 3031 8388608 65536
f 3019
f 3020
f 3021
f 3022
f 3023
a 3032 16777216 65536
a 3033 16777216 65536
a 3034 16777216 65536
a 3035 16777216 65536
a 3036 8388608 65536
f 2996
f 2997
a 3037 16777216 65536
a 3038 8388608 65536
f 3027
a 3039 8388608 65536
f 3037
f 3038
a 3040 16777216 65536
a 3041 8388608 65536
f 3039
a 3042 8388608 65536
f 3028
f 3029
f 3030
f 3031
a 3043 16777216 65536
a 3044 16777216 65536
a 3045 16777216 65536
a 3046 8388608 65536
f 3040
f 3041
a 3047 16777216 65536
a 3048 8388608 65536
f 2999
a 3049 16777216 65536
f 3047
f 3048
a 3050 16777216 65536
a 3051 8388608 65536
f 3043
f 3044
f 3045
f 3046
a 3052 16777216 65536
a 3053 16777216 65536
a 3054 16777216 65536
a 3055 8388608 65536
f 2984
a 3056 4194304 65536
f 3056
a 3057 4194304 65536
f 3052
f 3053
f 3054
f 3055
a 3058 16777216 65536
a 3059 16777216 65536
a 3060 16777216 65536
a 3061 8388608 65536
f 3032
f 3033
f 3034
f 3035
f 3036
a 3062 16777216 65536
a 3063 16777216 65536
a 3064 16777216 65536
a 3065 16777216 65536
a 3066 8388608 65536
f 3050
f 3051
a 3067 16777216 65536
a 3068 8388608 65536
f 3042
a 3069 8388608 65536
f 3058
f 3059
f 3060
f 3061
a 3070 16777216 65536
a 3071 16777216 65536
a 3072 16777216 65536
a 3073 8388608 65536
f 3057
a 3074 4194304 65536
f 3049
a 3075 16777216 65536
f 3025
a 3076 4194304 65536
f 3070
f 3071
f 3072
f 3073
a 3077 16777216 65536
a 3078 16777216 65536
a 3079 16777216 65536
a 3080 8388608 65536
f 3076
a 3081 4194304 65536
f 3075
a 3082 16777216 65536
f 3069
a 3083 8388608 65536
f 3081
a 3084 4194304 65536
f 3082
a 3085 16777216 65536
f 3074
a 3086 4194304 65536
f 3083
a 3087 8388608 65536
f 3067
f 3068
a 3088 16777216 65536
a 3089 8388608 65536
f 3088
f 3089
a 3090 16777216 65536
a 3091 8388608 65536
f 3087
a 3092 8388608 65536
f 3084
a 3093 4194304 65536
f 3093
a 3094 4194304 65536
f 3085
a 3095 16777216 65536
f 3090
f 3091
a 3096 16777216 65536
a 3097 8388608 65536
f 3096
f 3097
a 3098 16777216 65536
a 3099 8388608 65536
f 3094
a 3100 4194304 65536
f 3100
a 3101 4194304 65536
f 3086
a 3102 4194304 65536
f 3098
f 3099
a 3103 16777216 65536
a 3104 8388608 65536
f 3092
a 3105 8388608 65536
f 3105
a 3106 8388608 65536
f 3103
f 3104
a 3107 16777216 65536
a 3108 8388608 65536
f 3077
f 3078
f 3079
f 3080
a 3109 16777216 65536
a 3110 16777216 65536
a 3111 16777216 65536
a 3112 8388608 65536
f 3102
a 3113 4194304 65536
f 3113
a 3114 4194304 65536
f 3107
f 3108
a 3115 16777216 65536
a 3116 8388608 65536
f 3101
a 3117 4194304 65536
f 3106
a 3118 8388608 65536
f 3109
f 3110
f 3111
f 3112
a 3119 16777216 65536
a 3120 16777216 65536
a 3121 16777216 65536
a 3122 8388608 65536
f 3118
a 3123 8388608 65536
f 3117
a 3124 4194304 65536
f 3124
a 3125 4194304 65536
f 3114
a 3126 4194304 65536
f 3095
a 3127 16777216 65536
f 3115
f 3116
a 3128 16777216 65536
a 3129 8388608 65536
f 3062
f 3063
f 3064
f 3065
f 3066
a 3130 16777216 65536
a 3131 16777216 65536
a 3132 16777216 65536
a 3133 16777216 65536
a 3134 8388608 65536
f 3125
a 3135 4194304 65536
f 3126
a 3136 4194304 65536
f 3123
a 3137 8388608 65536
f 3130
f 3131
f 3132
f 3133
f 3134
a 3138 16777216 65536
a 3139 16777216 65536
a 3140 16777216 65536
a 3141 16777216 65536
a 3142 8388608 65536
f 3137
a 3143 8388608 65536
f 3143
a 3144 8388608 65536
f 3119
f 3120
f 3121
f 3122
a 3145 16777216 65536
a 3146 16777216 65536
a 3147 16777216 65536
a 3148 8388608 65536
f 3144
a 3149 8388608 65536
f 3145
f 3146
f 3147
f 3148
a 3150 16777216 65536
a 3151 16777216 65536
a 3152 16777216 65536
a 3153 8388608 65536
f 3150
f 3151
f 3152
f 3153
a 3154 16777216 65536
a 3155 16777216 65536
a 3156 16777216 65536
a 3157 8388608 65536
f 3154
f 3155
f 3156
f 3157
a 3158 16777216 65536
a 3159 16777216 65536
a 3160 16777216 65536
a 3161 8388608 65536
f 3158
f 3159
f 3160
f 3161
a 3162 16777216 65536
a 3163 16777216 65536
a 3164 16777216 65536
a 3165 8388608 65536
f 3127
a 3166 16777216 65536
f 3149
a 3167 8388608 65536
f 3166
a 3168 16777216 65536
f 3167
a 3169 8388608 65536
f 3169
a 3170 8388608 65536
f 3170
a 3171 8388608 65536
f 3135
a 3172 4194304 65536
f 3136
a 3173 4194304 65536
f 3168
a 3174 16777216 65536
f 3172
a 3175 4194304 65536
f 3174
a 3176 16777216 65536
f 3171
a 3177 8388608 65536
f 3162
f 3163
f 3164
f 3165
a 3178 16777216 65536
a 3179 16777216 65536
a 3180 16777216 65536
a 3181 8388608 65536
f 3128
f 3129
a 3182 16777216 65536
a 3183 8388608 65536
f 3177
a 3184 8388608 65536
f 3176
a 3185 16777216 65536
f 3178
f 3179
f 3180
f 3181
a 3186 16777216 65536
a 3187 16777216 65536
a 3188 16777216 65536
a 3189 8388608 65536
f 3173
a 3190 4194304 65536
f 3182
f 3183
a 3191 16777216 65536
a 3192 8388608 65536
f 3190
a 3193 4194304 65536
f 3186
f 3187
f 3188
f 3189
a 3194 16777216 65536
a 3195 16777216 65536
a 3196 16777216 65536
a 3197 8388608 65536
f 3185
a 3198 16777216 65536
c churn-1500
f 3194
f 3195
f 3196
f 3197
f 3191
f 3192
f 3193
f 3198
f 3175
f 3184
f 3138
f 3139
f 3140
f 3141
f 3142
c residents-only
