# hetoimasia allocator parity trace, format 1; see README.md
# Derived from Synarchy 9a274311de7596fc971008eb90a3e67eb83fe004: 6251 PNGs under assets/, 255112372 bytes as RGBA8,
# packed into 33 sheets totalling 348127232 bytes; 8 streamed unit families.
# Every sheet is an optimally tiled image aligned to 64 KiB.
# Churn sensitivity variant, hypothetical: a 150 MiB streaming budget in the 256 MiB block (default 200 MiB); every other parameter as synarchy-sheets.
trace churn-budget-150
capacity 268435456
seed 331
a 0 4194304 65536
a 1 2097152 65536
a 2 8388608 65536
a 3 1048576 65536
a 4 1048576 65536
a 5 1048576 65536
a 6 4194304 65536
a 7 1048576 65536
a 8 4194304 65536
a 9 8388608 65536
a 10 16777216 65536
a 11 16777216 65536
a 12 16777216 65536
a 13 16777216 65536
a 14 8388608 65536
a 15 16777216 65536
a 16 16777216 65536
a 17 16777216 65536
a 18 8388608 65536
a 19 16777216 65536
a 20 4194304 65536
c after-load
f 19
a 21 4194304 65536
a 22 8388608 65536
a 23 16777216 65536
f 11
a 24 16777216 65536
f 10
f 23
f 12
f 13
f 14
a 25 16777216 65536
a 26 16777216 65536
a 27 8388608 65536
f 20
a 28 4194304 65536
f 17
a 29 8388608 65536
f 18
f 21
a 30 4194304 65536
a 31 8388608 65536
f 29
a 32 16777216 65536
a 33 4194304 65536
f 32
f 16
f 24
f 31
a 34 16777216 65536
a 35 16777216 65536
a 36 16777216 65536
a 37 8388608 65536
f 15
f 22
a 38 8388608 65536
f 30
a 39 4194304 65536
f 26
f 27
a 40 16777216 65536
a 41 8388608 65536
f 28
f 25
a 42 16777216 65536
f 34
f 35
f 36
f 37
a 43 16777216 65536
a 44 16777216 65536
a 45 16777216 65536
a 46 8388608 65536
a 47 16777216 65536
f 39
a 48 4194304 65536
f 44
f 48
a 49 4194304 65536
f 33
a 50 4194304 65536
a 51 16777216 65536
f 40
f 42
a 52 16777216 65536
a 53 8388608 65536
a 54 8388608 65536
f 41
f 38
f 43
f 47
f 45
f 46
a 55 16777216 65536
a 56 16777216 65536
a 57 16777216 65536
a 58 8388608 65536
f 55
f 56
f 57
f 58
a 59 16777216 65536
a 60 16777216 65536
a 61 16777216 65536
a 62 16777216 65536
a 63 8388608 65536
f 54
a 64 8388608 65536
f 50
a 65 4194304 65536
f 65
a 66 4194304 65536
a 67 8388608 65536
f 64
f 52
a 68 16777216 65536
f 51
f 53
a 69 16777216 65536
a 70 8388608 65536
a 71 16777216 65536
f 71
a 72 16777216 65536
f 68
f 72
a 73 16777216 65536
f 66
a 74 4194304 65536
a 75 16777216 65536
f 62
f 59
f 60
f 61
f 75
f 63
a 76 16777216 65536
a 77 16777216 65536
a 78 16777216 65536
a 79 8388608 65536
f 67
a 80 8388608 65536
f 80
a 81 8388608 65536
f 76
f 77
f 78
f 79
a 82 16777216 65536
a 83 16777216 65536
a 84 16777216 65536
a 85 8388608 65536
f 81
a 86 8388608 65536
a 87 16777216 65536
f 49
a 88 4194304 65536
f 69
f 70
a 89 16777216 65536
a 90 8388608 65536
f 83
f 89
f 90
a 91 16777216 65536
a 92 8388608 65536
f 82
f 87
f 84
f 85
a 93 16777216 65536
a 94 16777216 65536
a 95 16777216 65536
a 96 16777216 65536
a 97 8388608 65536
f 86
a 98 8388608 65536
f 88
a 99 4194304 65536
f 91
f 92
a 100 16777216 65536
a 101 8388608 65536
a 102 16777216 65536
f 102
f 94
f 95
f 96
f 97
a 103 16777216 65536
a 104 16777216 65536
a 105 16777216 65536
a 106 16777216 65536
a 107 8388608 65536
f 98
a 108 8388608 65536
f 93
f 108
a 109 8388608 65536
a 110 4194304 65536
f 99
f 109
a 111 8388608 65536
a 112 16777216 65536
f 110
a 113 4194304 65536
f 105
f 103
f 104
f 112
f 106
f 107
a 114 16777216 65536
a 115 16777216 65536
a 116 16777216 65536
a 117 16777216 65536
a 118 8388608 65536
f 73
a 119 16777216 65536
f 119
a 120 16777216 65536
a 121 4194304 65536
a 122 4194304 65536
f 113
f 74
a 123 4194304 65536
f 121
a 124 8388608 65536
a 125 16777216 65536
f 118
f 116
f 100
f 101
a 126 16777216 65536
a 127 8388608 65536
f 123
a 128 4194304 65536
f 114
f 115
f 125
f 117
f 124
a 129 16777216 65536
a 130 16777216 65536
a 131 16777216 65536
a 132 16777216 65536
a 133 8388608 65536
f 129
f 130
f 131
f 132
f 133
a 134 16777216 65536
a 135 16777216 65536
a 136 16777216 65536
a 137 16777216 65536
a 138 8388608 65536
f 134
f 135
f 136
f 137
f 138
a 139 16777216 65536
a 140 16777216 65536
a 141 16777216 65536
a 142 16777216 65536
a 143 8388608 65536
f 139
f 140
f 141
f 142
f 143
a 144 16777216 65536
a 145 16777216 65536
a 146 16777216 65536
a 147 16777216 65536
a 148 8388608 65536
a 149 8388608 65536
f 144
f 145
f 146
f 147
f 149
a 150 16777216 65536
a 151 16777216 65536
a 152 16777216 65536
a 153 8388608 65536
a 154 16777216 65536
f 148
f 150
f 111
a 155 8388608 65536
a 156 16777216 65536
f 156
a 157 16777216 65536
a 158 16777216 65536
f 120
f 152
a 159 8388608 65536
f 122
a 160 4194304 65536
a 161 8388608 65536
f 153
f 159
f 157
a 162 16777216 65536
f 154
f 151
f 158
f 161
a 163 16777216 65536
a 164 16777216 65536
a 165 16777216 65536
a 166 16777216 65536
a 167 8388608 65536
f 160
a 168 4194304 65536
f 128
a 169 4194304 65536
f 126
f 127
a 170 16777216 65536
a 171 8388608 65536
a 172 16777216 65536
f 170
f 169
a 173 4194304 65536
f 163
f 164
f 165
f 166
f 167
a 174 16777216 65536
a 175 16777216 65536
a 176 16777216 65536
a 177 8388608 65536
f 172
f 171
a 178 16777216 65536
a 179 8388608 65536
f 162
a 180 16777216 65536
f 173
a 181 4194304 65536
a 182 16777216 65536
a 183 16777216 65536
f 155
a 184 8388608 65536
f 175
f 180
a 185 16777216 65536
f 185
a 186 16777216 65536
f 183
f 181
a 187 4194304 65536
a 188 16777216 65536
c churn-100
a 189 4194304 65536
a 190 16777216 65536
f 186
f 168
f 182
f 187
a 191 4194304 65536
f 178
f 179
a 192 16777216 65536
a 193 8388608 65536
a 194 4194304 65536
f 189
a 195 4194304 65536
f 188
a 196 16777216 65536
f 191
f 174
f 190
f 176
f 177
a 197 16777216 65536
a 198 16777216 65536
a 199 16777216 65536
a 200 16777216 65536
a 201 8388608 65536
f 192
f 193
a 202 16777216 65536
a 203 8388608 65536
f 195
a 204 4194304 65536
f 202
f 203
a 205 16777216 65536
a 206 8388608 65536
f 204
a 207 4194304 65536
a 208 8388608 65536
a 209 16777216 65536
f 207
a 210 4194304 65536
f 206
f 184
a 211 8388608 65536
f 197
a 212 16777216 65536
f 196
a 213 16777216 65536
a 214 4194304 65536
f 198
a 215 16777216 65536
f 205
f 208
a 216 16777216 65536
a 217 8388608 65536
f 194
f 209
f 212
f 199
f 200
f 201
a 218 16777216 65536
a 219 16777216 65536
a 220 16777216 65536
a 221 8388608 65536
f 213
f 210
a 222 4194304 65536
f 218
f 219
f 220
f 221
a 223 16777216 65536
a 224 16777216 65536
a 225 16777216 65536
a 226 16777216 65536
a 227 8388608 65536
f 211
a 228 8388608 65536
a 229 8388608 65536
f 215
a 230 16777216 65536
f 227
f 216
f 217
a 231 16777216 65536
a 232 8388608 65536
f 214
a 233 4194304 65536
f 231
f 232
a 234 16777216 65536
a 235 8388608 65536
f 234
f 235
a 236 16777216 65536
a 237 8388608 65536
f 236
f 237
a 238 16777216 65536
a 239 8388608 65536
f 230
a 240 16777216 65536
a 241 16777216 65536
a 242 16777216 65536
f 223
f 241
f 224
f 225
f 242
f 229
a 243 16777216 65536
a 244 16777216 65536
a 245 16777216 65536
a 246 16777216 65536
a 247 8388608 65536
f 226
f 238
f 239
a 248 16777216 65536
a 249 8388608 65536
f 233
a 250 4194304 65536
f 243
f 244
f 245
f 246
f 247
a 251 16777216 65536
a 252 16777216 65536
a 253 16777216 65536
a 254 8388608 65536
a 255 8388608 65536
f 254
a 256 4194304 65536
f 222
f 240
a 257 16777216 65536
f 251
f 252
f 253
f 255
a 258 16777216 65536
a 259 16777216 65536
a 260 16777216 65536
a 261 8388608 65536
a 262 8388608 65536
f 228
a 263 8388608 65536
f 258
f 259
f 260
f 262
a 264 16777216 65536
a 265 16777216 65536
a 266 16777216 65536
a 267 16777216 65536
a 268 8388608 65536
f 261
f 257
a 269 16777216 65536
a 270 16777216 65536
a 271 8388608 65536
f 267
f 263
a 272 8388608 65536
f 268
a 273 16777216 65536
f 273
f 265
f 266
f 270
f 271
a 274 16777216 65536
a 275 16777216 65536
a 276 16777216 65536
a 277 8388608 65536
f 250
a 278 4194304 65536
f 264
f 272
a 279 8388608 65536
f 279
a 280 8388608 65536
f 274
f 275
f 276
f 277
a 281 16777216 65536
a 282 16777216 65536
a 283 16777216 65536
a 284 8388608 65536
f 278
a 285 4194304 65536
f 280
a 286 8388608 65536
f 256
a 287 4194304 65536
f 286
a 288 8388608 65536
f 287
a 289 4194304 65536
f 269
a 290 16777216 65536
f 288
a 291 8388608 65536
f 248
f 249
a 292 16777216 65536
a 293 8388608 65536
f 292
f 293
a 294 16777216 65536
a 295 8388608 65536
f 281
f 282
f 283
f 284
a 296 16777216 65536
a 297 16777216 65536
a 298 16777216 65536
a 299 16777216 65536
a 300 8388608 65536
a 301 8388608 65536
f 291
a 302 8388608 65536
f 300
a 303 8388608 65536
f 302
a 304 8388608 65536
f 295
f 289
a 305 4194304 65536
f 304
a 306 8388608 65536
f 290
a 307 16777216 65536
a 308 4194304 65536
f 285
a 309 8388608 65536
f 307
a 310 16777216 65536
f 303
f 305
a 311 4194304 65536
f 311
a 312 4194304 65536
a 313 16777216 65536
f 294
f 296
f 297
f 298
f 299
f 301
a 314 16777216 65536
a 315 16777216 65536
a 316 16777216 65536
a 317 8388608 65536
f 308
a 318 4194304 65536
f 314
f 315
f 316
f 317
a 319 16777216 65536
a 320 16777216 65536
a 321 16777216 65536
a 322 16777216 65536
a 323 8388608 65536
f 313
f 309
a 324 16777216 65536
a 325 8388608 65536
f 318
a 326 4194304 65536
f 310
a 327 16777216 65536
f 312
a 328 4194304 65536
f 327
a 329 16777216 65536
f 328
a 330 4194304 65536
f 330
a 331 4194304 65536
f 331
a 332 4194304 65536
f 324
f 325
a 333 16777216 65536
a 334 8388608 65536
f 306
a 335 8388608 65536
f 335
a 336 8388608 65536
f 326
a 337 4194304 65536
a 338 16777216 65536
f 319
a 339 16777216 65536
f 339
f 334
a 340 16777216 65536
a 341 8388608 65536
f 338
f 320
f 321
f 322
f 323
a 342 16777216 65536
a 343 16777216 65536
a 344 16777216 65536
a 345 16777216 65536
a 346 8388608 65536
f 333
a 347 16777216 65536
a 348 16777216 65536
c churn-200
f 347
f 337
a 349 4194304 65536
f 345
f 336
a 350 8388608 65536
f 332
a 351 4194304 65536
f 329
a 352 16777216 65536
f 349
a 353 4194304 65536
a 354 16777216 65536
f 350
a 355 8388608 65536
a 356 16777216 65536
f 348
a 357 16777216 65536
f 340
f 342
f 351
a 358 4194304 65536
a 359 8388608 65536
f 352
a 360 16777216 65536
a 361 8388608 65536
f 355
a 362 16777216 65536
f 353
a 363 4194304 65536
f 346
a 364 16777216 65536
f 343
f 344
f 359
a 365 8388608 65536
a 366 16777216 65536
f 356
a 367 16777216 65536
f 363
a 368 4194304 65536
f 364
a 369 16777216 65536
f 368
a 370 4194304 65536
f 360
a 371 16777216 65536
f 362
f 357
f 369
f 367
f 354
f 361
a 372 16777216 65536
a 373 16777216 65536
a 374 16777216 65536
a 375 8388608 65536
f 358
a 376 4194304 65536
a 377 8388608 65536
f 376
a 378 4194304 65536
f 371
a 379 16777216 65536
f 375
f 379
a 380 16777216 65536
f 366
f 341
a 381 16777216 65536
a 382 8388608 65536
a 383 4194304 65536
f 378
a 384 4194304 65536
f 370
f 372
f 373
f 374
f 377
a 385 16777216 65536
a 386 16777216 65536
a 387 16777216 65536
a 388 16777216 65536
a 389 8388608 65536
f 385
f 386
f 387
f 388
f 389
a 390 16777216 65536
a 391 16777216 65536
a 392 16777216 65536
a 393 8388608 65536
f 384
a 394 4194304 65536
a 395 4194304 65536
f 395
a 396 4194304 65536
f 383
f 394
a 397 4194304 65536
f 380
a 398 16777216 65536
f 396
a 399 4194304 65536
f 399
a 400 4194304 65536
f 397
a 401 4194304 65536
a 402 8388608 65536
f 401
a 403 4194304 65536
f 365
a 404 8388608 65536
f 382
a 405 16777216 65536
f 403
a 406 4194304 65536
a 407 4194304 65536
f 391
f 404
a 408 8388608 65536
f 406
f 408
a 409 8388608 65536
f 398
a 410 16777216 65536
f 390
f 405
f 392
f 393
a 411 16777216 65536
a 412 16777216 65536
a 413 16777216 65536
a 414 16777216 65536
a 415 8388608 65536
a 416 16777216 65536
f 412
a 417 8388608 65536
f 411
f 416
f 413
f 414
f 415
a 418 16777216 65536
a 419 16777216 65536
a 420 16777216 65536
a 421 16777216 65536
a 422 8388608 65536
f 409
a 423 8388608 65536
f 422
f 417
a 424 8388608 65536
a 425 8388608 65536
f 410
a 426 16777216 65536
f 418
f 419
f 420
f 421
f 423
a 427 16777216 65536
a 428 16777216 65536
a 429 16777216 65536
a 430 8388608 65536
f 424
f 427
f 428
f 429
f 430
a 431 16777216 65536
a 432 16777216 65536
a 433 16777216 65536
a 434 16777216 65536
a 435 8388608 65536
f 426
a 436 16777216 65536
f 425
a 437 8388608 65536
f 381
f 402
a 438 16777216 65536
a 439 8388608 65536
f 407
a 440 4194304 65536
f 437
a 441 8388608 65536
f 440
a 442 4194304 65536
a 443 16777216 65536
f 438
f 439
a 444 16777216 65536
a 445 8388608 65536
f 436
a 446 16777216 65536
f 431
f 432
f 446
f 434
f 435
a 447 16777216 65536
a 448 16777216 65536
a 449 16777216 65536
a 450 16777216 65536
a 451 8388608 65536
f 444
f 445
a 452 16777216 65536
a 453 8388608 65536
f 433
f 443
a 454 16777216 65536
f 442
a 455 4194304 65536
f 454
a 456 16777216 65536
f 452
f 453
a 457 16777216 65536
a 458 8388608 65536
f 441
a 459 8388608 65536
a 460 4194304 65536
f 400
f 456
a 461 16777216 65536
a 462 4194304 65536
f 455
a 463 4194304 65536
f 460
f 462
a 464 4194304 65536
a 465 4194304 65536
f 459
a 466 8388608 65536
f 463
f 464
a 467 4194304 65536
a 468 4194304 65536
a 469 16777216 65536
f 457
f 447
f 448
f 449
f 450
f 451
a 470 16777216 65536
a 471 16777216 65536
a 472 16777216 65536
a 473 8388608 65536
f 465
a 474 8388608 65536
f 470
f 471
f 472
f 473
a 475 16777216 65536
a 476 16777216 65536
a 477 16777216 65536
a 478 16777216 65536
a 479 8388608 65536
f 469
f 458
a 480 16777216 65536
a 481 8388608 65536
f 466
f 468
a 482 4194304 65536
f 474
a 483 8388608 65536
f 483
a 484 8388608 65536
f 482
a 485 4194304 65536
f 467
a 486 4194304 65536
f 485
a 487 4194304 65536
f 486
a 488 4194304 65536
a 489 16777216 65536
f 477
a 490 16777216 65536
c churn-300
f 475
a 491 8388608 65536
a 492 4194304 65536
f 481
f 480
f 491
a 493 16777216 65536
a 494 8388608 65536
f 493
f 494
a 495 16777216 65536
a 496 8388608 65536
f 488
f 487
a 497 4194304 65536
f 461
a 498 16777216 65536
f 495
f 496
a 499 16777216 65536
a 500 8388608 65536
f 490
f 476
f 489
f 478
f 479
a 501 16777216 65536
a 502 16777216 65536
a 503 16777216 65536
a 504 8388608 65536
f 499
f 500
a 505 16777216 65536
a 506 8388608 65536
a 507 4194304 65536
f 492
f 497
a 508 4194304 65536
a 509 16777216 65536
f 509
f 502
f 503
f 504
a 510 16777216 65536
a 511 16777216 65536
a 512 16777216 65536
a 513 16777216 65536
a 514 8388608 65536
f 507
a 515 4194304 65536
f 501
f 505
f 506
a 516 16777216 65536
a 517 8388608 65536
f 484
a 518 8388608 65536
f 510
f 511
f 512
f 513
f 514
a 519 16777216 65536
a 520 16777216 65536
a 521 16777216 65536
a 522 16777216 65536
a 523 8388608 65536
f 515
a 524 4194304 65536
f 518
a 525 8388608 65536
f 498
a 526 16777216 65536
f 526
a 527 16777216 65536
f 516
f 517
a 528 16777216 65536
a 529 8388608 65536
f 508
a 530 4194304 65536
f 528
f 529
a 531 16777216 65536
a 532 8388608 65536
f 525
a 533 8388608 65536
a 534 16777216 65536
f 531
f 532
a 535 16777216 65536
a 536 8388608 65536
f 527
a 537 16777216 65536
f 521
a 538 16777216 65536
f 522
a 539 4194304 65536
a 540 16777216 65536
f 539
a 541 4194304 65536
f 530
f 520
f 541
a 542 4194304 65536
f 542
a 543 4194304 65536
a 544 16777216 65536
f 540
f 535
f 536
a 545 16777216 65536
a 546 8388608 65536
a 547 16777216 65536
a 548 8388608 65536
f 546
f 519
f 544
f 534
f 547
f 523
a 549 16777216 65536
a 550 16777216 65536
a 551 16777216 65536
a 552 8388608 65536
f 538
f 543
a 553 4194304 65536
f 553
a 554 4194304 65536
a 555 16777216 65536
f 551
f 537
a 556 16777216 65536
f 524
a 557 4194304 65536
f 549
f 550
f 555
f 552
a 558 16777216 65536
a 559 16777216 65536
a 560 16777216 65536
a 561 16777216 65536
a 562 8388608 65536
a 563 16777216 65536
a 564 16777216 65536
f 559
a 565 16777216 65536
f 556
f 554
a 566 4194304 65536
f 566
a 567 4194304 65536
f 563
f 558
f 564
f 560
f 561
f 562
a 568 16777216 65536
a 569 16777216 65536
a 570 16777216 65536
a 571 16777216 65536
a 572 8388608 65536
a 573 4194304 65536
f 568
f 569
f 570
f 571
f 572
a 574 16777216 65536
a 575 16777216 65536
a 576 16777216 65536
a 577 16777216 65536
a 578 8388608 65536
f 533
a 579 8388608 65536
f 567
f 565
a 580 16777216 65536
f 579
a 581 8388608 65536
f 580
a 582 16777216 65536
f 581
a 583 8388608 65536
f 573
a 584 4194304 65536
f 584
a 585 4194304 65536
f 582
a 586 16777216 65536
f 585
a 587 4194304 65536
f 587
a 588 4194304 65536
a 589 8388608 65536
f 588
a 590 4194304 65536
f 548
f 545
f 589
a 591 16777216 65536
a 592 8388608 65536
a 593 16777216 65536
f 593
a 594 16777216 65536
f 586
a 595 16777216 65536
f 557
a 596 4194304 65536
f 576
f 594
a 597 16777216 65536
f 597
a 598 16777216 65536
a 599 8388608 65536
a 600 8388608 65536
f 583
f 591
f 592
a 601 16777216 65536
a 602 8388608 65536
f 578
f 574
f 575
f 595
f 577
f 600
a 603 16777216 65536
a 604 16777216 65536
a 605 16777216 65536
a 606 16777216 65536
a 607 8388608 65536
f 596
a 608 4194304 65536
f 590
a 609 4194304 65536
f 603
f 604
f 605
f 606
f 607
a 610 16777216 65536
a 611 16777216 65536
a 612 16777216 65536
a 613 8388608 65536
a 614 4194304 65536
f 598
a 615 16777216 65536
f 614
a 616 4194304 65536
f 608
a 617 16777216 65536
f 601
f 602
a 618 16777216 65536
a 619 8388608 65536
f 612
f 599
a 620 8388608 65536
f 609
a 621 4194304 65536
f 615
a 622 16777216 65536
f 610
f 611
f 617
f 613
a 623 16777216 65536
a 624 16777216 65536
a 625 16777216 65536
a 626 16777216 65536
a 627 8388608 65536
f 620
a 628 8388608 65536
f 618
f 619
a 629 16777216 65536
a 630 8388608 65536
f 628
a 631 8388608 65536
f 616
a 632 4194304 65536
f 629
f 630
a 633 16777216 65536
a 634 8388608 65536
f 633
f 634
a 635 16777216 65536
a 636 8388608 65536
a 637 16777216 65536
f 625
f 621
a 638 4194304 65536
a 639 16777216 65536
f 623
f 624
f 637
f 626
f 627
a 640 16777216 65536
a 641 16777216 65536
a 642 16777216 65536
a 643 16777216 65536
a 644 8388608 65536
f 635
f 631
a 645 8388608 65536
f 639
f 636
a 646 16777216 65536
a 647 8388608 65536
c churn-400
a 648 16777216 65536
f 632
a 649 4194304 65536
a 650 4194304 65536
f 646
f 650
a 651 4194304 65536
f 638
f 622
a 652 16777216 65536
a 653 8388608 65536
f 651
a 654 4194304 65536
f 644
f 640
f 641
f 642
f 643
f 653
a 655 16777216 65536
a 656 16777216 65536
a 657 16777216 65536
a 658 16777216 65536
a 659 8388608 65536
f 652
a 660 16777216 65536
f 654
a 661 4194304 65536
a 662 8388608 65536
a 663 8388608 65536
f 662
f 645
a 664 8388608 65536
f 647
f 664
a 665 8388608 65536
f 660
a 666 16777216 65536
a 667 16777216 65536
f 665
a 668 8388608 65536
a 669 8388608 65536
f 655
f 648
f 663
a 670 16777216 65536
a 671 8388608 65536
f 668
a 672 8388608 65536
f 659
f 672
a 673 8388608 65536
f 666
a 674 16777216 65536
f 661
a 675 4194304 65536
a 676 16777216 65536
f 674
f 673
a 677 8388608 65536
a 678 16777216 65536
f 656
f 675
a 679 4194304 65536
f 649
a 680 4194304 65536
f 676
a 681 16777216 65536
f 681
a 682 16777216 65536
f 677
a 683 8388608 65536
f 682
a 684 16777216 65536
f 680
a 685 4194304 65536
f 667
f 678
f 657
f 658
f 669
a 686 16777216 65536
a 687 16777216 65536
a 688 16777216 65536
a 689 16777216 65536
a 690 8388608 65536
f 686
f 687
f 688
f 689
f 690
a 691 16777216 65536
a 692 16777216 65536
a 693 16777216 65536
a 694 8388608 65536
a 695 16777216 65536
f 691
f 679
a 696 4194304 65536
f 683
a 697 8388608 65536
f 697
a 698 8388608 65536
f 695
f 692
f 693
f 694
a 699 16777216 65536
a 700 16777216 65536
a 701 16777216 65536
a 702 16777216 65536
a 703 8388608 65536
a 704 8388608 65536
f 696
a 705 4194304 65536
f 698
f 704
a 706 8388608 65536
f 699
f 700
f 701
f 702
f 703
a 707 16777216 65536
a 708 16777216 65536
a 709 16777216 65536
a 710 8388608 65536
f 707
f 708
f 709
f 710
a 711 16777216 65536
a 712 16777216 65536
a 713 16777216 65536
a 714 16777216 65536
a 715 8388608 65536
a 716 4194304 65536
f 706
a 717 8388608 65536
a 718 16777216 65536
f 685
f 684
a 719 16777216 65536
f 705
a 720 4194304 65536
f 670
a 721 8388608 65536
a 722 8388608 65536
f 717
f 716
a 723 4194304 65536
f 722
a 724 8388608 65536
f 721
f 724
a 725 8388608 65536
a 726 16777216 65536
a 727 4194304 65536
f 727
a 728 4194304 65536
f 711
f 720
f 725
a 729 8388608 65536
f 728
a 730 4194304 65536
f 718
f 671
a 731 16777216 65536
a 732 8388608 65536
f 730
a 733 4194304 65536
f 726
f 712
f 713
f 714
f 715
a 734 16777216 65536
a 735 16777216 65536
a 736 16777216 65536
a 737 8388608 65536
f 729
a 738 8388608 65536
f 731
f 732
a 739 16777216 65536
a 740 8388608 65536
f 739
f 740
a 741 16777216 65536
a 742 8388608 65536
a 743 4194304 65536
f 741
f 742
a 744 16777216 65536
a 745 8388608 65536
f 733
f 734
f 735
f 736
f 737
a 746 16777216 65536
a 747 16777216 65536
a 748 16777216 65536
a 749 16777216 65536
a 750 8388608 65536
a 751 16777216 65536
f 744
f 745
a 752 16777216 65536
a 753 8388608 65536
f 719
a 754 16777216 65536
f 747
f 738
a 755 8388608 65536
f 746
f 751
f 748
f 749
f 750
a 756 16777216 65536
a 757 16777216 65536
a 758 16777216 65536
a 759 8388608 65536
a 760 16777216 65536
a 761 8388608 65536
f 723
a 762 4194304 65536
f 756
f 743
a 763 4194304 65536
f 759
a 764 16777216 65536
f 752
f 753
a 765 16777216 65536
a 766 8388608 65536
f 765
f 766
a 767 16777216 65536
a 768 8388608 65536
f 760
f 754
a 769 16777216 65536
a 770 16777216 65536
a 771 16777216 65536
f 769
a 772 16777216 65536
f 764
f 771
a 773 8388608 65536
f 762
a 774 4194304 65536
f 761
f 774
a 775 4194304 65536
f 772
f 757
f 758
f 773
a 776 16777216 65536
a 777 16777216 65536
a 778 16777216 65536
a 779 16777216 65536
a 780 8388608 65536
a 781 8388608 65536
f 755
a 782 8388608 65536
f 768
a 783 16777216 65536
f 779
a 784 16777216 65536
f 778
f 776
f 777
f 784
f 783
f 780
a 785 16777216 65536
a 786 16777216 65536
a 787 16777216 65536
a 788 16777216 65536
a 789 8388608 65536
f 767
f 781
a 790 16777216 65536
a 791 8388608 65536
a 792 16777216 65536
f 785
f 786
f 787
f 788
f 789
a 793 16777216 65536
a 794 16777216 65536
a 795 16777216 65536
a 796 8388608 65536
a 797 4194304 65536
f 790
f 792
f 791
a 798 16777216 65536
a 799 8388608 65536
f 797
a 800 4194304 65536
c churn-500
f 763
f 770
a 801 16777216 65536
f 782
a 802 8388608 65536
f 802
a 803 8388608 65536
a 804 16777216 65536
f 793
f 798
f 799
a 805 16777216 65536
a 806 8388608 65536
a 807 8388608 65536
f 805
f 806
a 808 16777216 65536
a 809 8388608 65536
a 810 4194304 65536
f 803
f 800
a 811 4194304 65536
f 775
f 808
f 809
a 812 16777216 65536
a 813 8388608 65536
f 812
f 813
a 814 16777216 65536
a 815 8388608 65536
f 811
a 816 4194304 65536
f 807
a 817 8388608 65536
f 817
a 818 8388608 65536
f 804
f 794
f 795
f 796
a 819 16777216 65536
a 820 16777216 65536
a 821 16777216 65536
a 822 16777216 65536
a 823 8388608 65536
f 814
f 815
a 824 16777216 65536
a 825 8388608 65536
f 810
a 826 4194304 65536
f 824
f 825
a 827 16777216 65536
a 828 8388608 65536
f 818
a 829 8388608 65536
f 801
a 830 16777216 65536
f 816
a 831 4194304 65536
f 819
f 820
f 821
f 822
f 823
a 832 16777216 65536
a 833 16777216 65536
a 834 16777216 65536
a 835 8388608 65536
f 826
a 836 4194304 65536
f 829
a 837 8388608 65536
f 827
f 828
a 838 16777216 65536
a 839 8388608 65536
a 840 16777216 65536
f 836
a 841 4194304 65536
a 842 16777216 65536
f 834
f 832
f 833
f 840
f 835
a 843 16777216 65536
a 844 16777216 65536
a 845 16777216 65536
a 846 16777216 65536
a 847 8388608 65536
f 838
f 837
a 848 8388608 65536
f 830
a 849 16777216 65536
f 841
a 850 4194304 65536
a 851 16777216 65536
f 851
f 844
f 845
f 846
f 847
a 852 16777216 65536
a 853 16777216 65536
a 854 16777216 65536
a 855 16777216 65536
a 856 8388608 65536
f 843
a 857 16777216 65536
a 858 16777216 65536
f 853
f 852
f 857
f 854
f 858
f 856
a 859 16777216 65536
a 860 16777216 65536
a 861 16777216 65536
a 862 16777216 65536
a 863 8388608 65536
f 848
a 864 8388608 65536
f 855
f 864
a 865 8388608 65536
f 850
a 866 4194304 65536
f 859
f 860
f 861
f 862
f 863
a 867 16777216 65536
a 868 16777216 65536
a 869 16777216 65536
a 870 16777216 65536
a 871 8388608 65536
f 865
a 872 8388608 65536
a 873 16777216 65536
f 873
f 839
a 874 16777216 65536
a 875 8388608 65536
f 849
a 876 16777216 65536
f 842
f 874
f 875
a 877 16777216 65536
a 878 8388608 65536
a 879 16777216 65536
f 872
a 880 8388608 65536
f 876
a 881 16777216 65536
f 870
f 877
f 878
a 882 16777216 65536
a 883 8388608 65536
a 884 8388608 65536
f 882
f 884
a 885 16777216 65536
a 886 8388608 65536
a 887 16777216 65536
f 883
f 880
a 888 8388608 65536
f 867
f 868
f 869
f 879
f 871
a 889 16777216 65536
a 890 16777216 65536
a 891 16777216 65536
a 892 8388608 65536
f 885
a 893 8388608 65536
a 894 8388608 65536
f 893
f 866
a 895 4194304 65536
f 892
a 896 16777216 65536
f 881
f 889
f 890
f 891
f 894
a 897 16777216 65536
a 898 16777216 65536
a 899 16777216 65536
a 900 16777216 65536
a 901 8388608 65536
f 897
f 898
f 899
f 900
f 901
a 902 16777216 65536
a 903 16777216 65536
a 904 16777216 65536
a 905 8388608 65536
a 906 4194304 65536
f 906
a 907 4194304 65536
f 831
a 908 8388608 65536
f 888
f 902
f 903
f 904
f 905
a 909 16777216 65536
a 910 16777216 65536
a 911 16777216 65536
a 912 16777216 65536
a 913 8388608 65536
f 908
a 914 8388608 65536
f 909
f 910
f 911
f 912
f 913
a 915 16777216 65536
a 916 16777216 65536
a 917 16777216 65536
a 918 8388608 65536
a 919 16777216 65536
f 915
a 920 16777216 65536
f 887
f 886
a 921 16777216 65536
a 922 8388608 65536
f 916
f 921
f 922
a 923 16777216 65536
a 924 8388608 65536
a 925 4194304 65536
f 923
f 924
a 926 16777216 65536
a 927 8388608 65536
f 907
a 928 16777216 65536
f 914
a 929 8388608 65536
f 920
f 929
a 930 8388608 65536
f 925
a 931 4194304 65536
f 896
a 932 16777216 65536
f 932
a 933 16777216 65536
a 934 16777216 65536
a 935 8388608 65536
f 919
a 936 4194304 65536
f 930
f 931
f 933
a 937 16777216 65536
f 926
f 927
a 938 16777216 65536
a 939 8388608 65536
f 895
a 940 4194304 65536
f 938
f 939
a 941 16777216 65536
a 942 8388608 65536
a 943 8388608 65536
f 941
f 942
a 944 16777216 65536
a 945 8388608 65536
f 935
a 946 16777216 65536
f 936
a 947 4194304 65536
f 940
a 948 4194304 65536
f 937
f 944
f 945
a 949 16777216 65536
a 950 8388608 65536
f 946
a 951 16777216 65536
f 934
f 928
f 917
f 918
a 952 16777216 65536
a 953 16777216 65536
a 954 16777216 65536
a 955 16777216 65536
a 956 8388608 65536
f 951
a 957 16777216 65536
f 952
f 953
f 954
f 955
f 956
a 958 16777216 65536
a 959 16777216 65536
a 960 16777216 65536
a 961 8388608 65536
f 958
f 959
f 960
f 961
a 962 16777216 65536
a 963 16777216 65536
a 964 16777216 65536
a 965 16777216 65536
a 966 8388608 65536
f 947
a 967 4194304 65536
f 948
a 968 4194304 65536
a 969 8388608 65536
c churn-600
f 950
f 962
f 963
f 964
f 965
f 966
a 970 16777216 65536
a 971 16777216 65536
a 972 16777216 65536
a 973 8388608 65536
f 970
f 971
f 972
f 973
a 974 16777216 65536
a 975 16777216 65536
a 976 16777216 65536
a 977 8388608 65536
a 978 8388608 65536
a 979 4194304 65536
f 943
f 967
f 957
a 980 16777216 65536
f 978
a 981 8388608 65536
f 980
a 982 16777216 65536
f 982
a 983 16777216 65536
f 974
f 975
f 976
f 977
a 984 16777216 65536
a 985 16777216 65536
a 986 16777216 65536
a 987 8388608 65536
f 984
f 985
f 986
f 987
a 988 16777216 65536
a 989 16777216 65536
a 990 16777216 65536
a 991 16777216 65536
a 992 8388608 65536
a 993 8388608 65536
f 981
f 993
a 994 8388608 65536
f 988
f 989
f 990
f 991
f 992
a 995 16777216 65536
a 996 16777216 65536
a 997 16777216 65536
a 998 8388608 65536
a 999 16777216 65536
f 949
f 969
a 1000 16777216 65536
a 1001 8388608 65536
a 1002 16777216 65536
f 983
f 979
a 1003 4194304 65536
f 999
a 1004 16777216 65536
f 995
f 994
a 1005 8388608 65536
f 1002
f 996
f 997
f 998
a 1006 16777216 65536
a 1007 16777216 65536
a 1008 16777216 65536
a 1009 8388608 65536
f 1005
a 1010 8388608 65536
f 1004
a 1011 16777216 65536
a 1012 8388608 65536
f 1001
f 1000
f 1012
a 1013 16777216 65536
a 1014 8388608 65536
a 1015 16777216 65536
f 1015
f 1014
a 1016 16777216 65536
a 1017 8388608 65536
a 1018 4194304 65536
f 1013
f 1010
a 1019 8388608 65536
a 1020 16777216 65536
f 1003
a 1021 4194304 65536
f 1011
f 1020
a 1022 16777216 65536
a 1023 16777216 65536
f 1018
f 968
a 1024 4194304 65536
f 1019
a 1025 8388608 65536
f 1016
f 1006
f 1007
f 1008
f 1009
a 1026 16777216 65536
a 1027 16777216 65536
a 1028 16777216 65536
a 1029 16777216 65536
a 1030 8388608 65536
f 1026
f 1027
f 1028
f 1029
f 1030
a 1031 16777216 65536
a 1032 16777216 65536
a 1033 16777216 65536
a 1034 8388608 65536
a 1035 8388608 65536
f 1017
f 1025
a 1036 8388608 65536
f 1021
a 1037 4194304 65536
f 1022
a 1038 16777216 65536
f 1023
f 1035
a 1039 16777216 65536
a 1040 8388608 65536
f 1037
a 1041 4194304 65536
f 1041
a 1042 4194304 65536
a 1043 4194304 65536
f 1036
a 1044 8388608 65536
f 1024
a 1045 16777216 65536
f 1043
a 1046 4194304 65536
f 1042
a 1047 4194304 65536
f 1031
f 1046
a 1048 4194304 65536
f 1039
f 1040
a 1049 16777216 65536
a 1050 8388608 65536
f 1049
f 1050
a 1051 16777216 65536
a 1052 8388608 65536
a 1053 4194304 65536
f 1048
f 1038
a 1054 16777216 65536
f 1045
f 1032
f 1033
f 1034
a 1055 16777216 65536
a 1056 16777216 65536
a 1057 16777216 65536
a 1058 16777216 65536
a 1059 8388608 65536
a 1060 8388608 65536
f 1051
f 1052
a 1061 16777216 65536
a 1062 8388608 65536
a 1063 16777216 65536
f 1044
f 1054
a 1064 16777216 65536
f 1056
f 1053
a 1065 4194304 65536
f 1065
a 1066 4194304 65536
f 1055
f 1063
f 1057
f 1058
f 1059
a 1067 16777216 65536
a 1068 16777216 65536
a 1069 16777216 65536
a 1070 16777216 65536
a 1071 8388608 65536
f 1067
f 1068
f 1069
f 1070
f 1071
a 1072 16777216 65536
a 1073 16777216 65536
a 1074 16777216 65536
a 1075 16777216 65536
a 1076 8388608 65536
f 1060
a 1077 8388608 65536
f 1061
f 1062
a 1078 16777216 65536
a 1079 8388608 65536
f 1047
a 1080 4194304 65536
a 1081 8388608 65536
f 1080
a 1082 4194304 65536
f 1064
a 1083 16777216 65536
f 1077
f 1083
a 1084 16777216 65536
f 1072
f 1073
f 1074
f 1075
f 1076
a 1085 16777216 65536
a 1086 16777216 65536
a 1087 16777216 65536
a 1088 8388608 65536
f 1085
f 1086
f 1087
f 1088
a 1089 16777216 65536
a 1090 16777216 65536
a 1091 16777216 65536
a 1092 8388608 65536
a 1093 8388608 65536
f 1078
f 1079
a 1094 16777216 65536
a 1095 8388608 65536
f 1092
f 1089
f 1090
f 1091
f 1093
a 1096 16777216 65536
a 1097 16777216 65536
a 1098 16777216 65536
a 1099 8388608 65536
f 1096
f 1097
f 1098
f 1099
a 1100 16777216 65536
a 1101 16777216 65536
a 1102 16777216 65536
a 1103 16777216 65536
a 1104 8388608 65536
f 1082
a 1105 4194304 65536
f 1066
a 1106 4194304 65536
a 1107 8388608 65536
f 1095
a 1108 16777216 65536
f 1084
a 1109 16777216 65536
f 1109
a 1110 16777216 65536
f 1103
f 1081
a 1111 8388608 65536
a 1112 16777216 65536
f 1100
f 1094
f 1107
a 1113 16777216 65536
a 1114 8388608 65536
a 1115 16777216 65536
f 1112
f 1101
f 1102
f 1115
f 1104
a 1116 16777216 65536
a 1117 16777216 65536
a 1118 16777216 65536
a 1119 8388608 65536
f 1108
f 1106
a 1120 4194304 65536
a 1121 8388608 65536
f 1120
a 1122 4194304 65536
f 1113
f 1114
a 1123 16777216 65536
a 1124 8388608 65536
f 1111
f 1123
f 1124
a 1125 16777216 65536
a 1126 8388608 65536
f 1122
a 1127 4194304 65536
a 1128 8388608 65536
f 1126
a 1129 16777216 65536
f 1125
f 1129
f 1128
a 1130 16777216 65536
a 1131 8388608 65536
f 1127
a 1132 4194304 65536
f 1116
f 1117
f 1118
f 1119
a 1133 16777216 65536
a 1134 16777216 65536
a 1135 16777216 65536
a 1136 16777216 65536
a 1137 8388608 65536
a 1138 16777216 65536
a 1139 16777216 65536
f 1136
f 1138
f 1131
a 1140 16777216 65536
a 1141 8388608 65536
c churn-700
f 1130
f 1132
a 1142 4194304 65536
f 1140
f 1141
a 1143 16777216 65536
a 1144 8388608 65536
f 1110
a 1145 16777216 65536
a 1146 4194304 65536
a 1147 4194304 65536
f 1142
f 1143
f 1144
a 1148 16777216 65536
a 1149 8388608 65536
f 1133
f 1134
f 1135
f 1139
f 1137
a 1150 16777216 65536
a 1151 16777216 65536
a 1152 16777216 65536
a 1153 16777216 65536
a 1154 8388608 65536
f 1146
f 1147
a 1155 4194304 65536
f 1105
a 1156 4194304 65536
f 1156
a 1157 4194304 65536
f 1157
a 1158 4194304 65536
f 1145
a 1159 16777216 65536
f 1150
f 1151
f 1152
f 1153
f 1154
a 1160 16777216 65536
a 1161 16777216 65536
a 1162 16777216 65536
a 1163 8388608 65536
a 1164 16777216 65536
f 1121
a 1165 8388608 65536
f 1162
f 1155
a 1166 4194304 65536
f 1160
f 1161
f 1164
f 1163
a 1167 16777216 65536
a 1168 16777216 65536
a 1169 16777216 65536
a 1170 16777216 65536
a 1171 8388608 65536
f 1166
a 1172 4194304 65536
a 1173 4194304 65536
f 1148
f 1149
a 1174 16777216 65536
a 1175 8388608 65536
f 1158
f 1173
a 1176 4194304 65536
f 1174
f 1175
a 1177 16777216 65536
a 1178 8388608 65536
f 1167
f 1168
f 1169
f 1170
f 1171
a 1179 16777216 65536
a 1180 16777216 65536
a 1181 16777216 65536
a 1182 16777216 65536
a 1183 8388608 65536
f 1172
a 1184 4194304 65536
f 1159
a 1185 16777216 65536
f 1177
f 1178
a 1186 16777216 65536
a 1187 8388608 65536
f 1185
a 1188 16777216 65536
f 1184
a 1189 4194304 65536
f 1188
a 1190 16777216 65536
a 1191 16777216 65536
f 1190
a 1192 16777216 65536
f 1181
f 1192
a 1193 16777216 65536
f 1176
a 1194 4194304 65536
f 1186
f 1187
a 1195 16777216 65536
a 1196 8388608 65536
f 1189
a 1197 4194304 65536
f 1194
a 1198 4194304 65536
f 1179
f 1180
f 1191
f 1182
f 1183
a 1199 16777216 65536
a 1200 16777216 65536
a 1201 16777216 65536
a 1202 16777216 65536
a 1203 8388608 65536
f 1193
a 1204 16777216 65536
f 1199
f 1200
f 1201
f 1202
f 1203
a 1205 16777216 65536
a 1206 16777216 65536
a 1207 16777216 65536
a 1208 8388608 65536
a 1209 8388608 65536
f 1205
f 1206
f 1207
f 1208
a 1210 16777216 65536
a 1211 16777216 65536
a 1212 16777216 65536
a 1213 16777216 65536
a 1214 8388608 65536
a 1215 4194304 65536
f 1165
a 1216 16777216 65536
f 1197
f 1215
a 1217 4194304 65536
f 1198
a 1218 4194304 65536
f 1211
f 1217
a 1219 4194304 65536
f 1210
f 1216
f 1212
f 1213
f 1214
a 1220 16777216 65536
a 1221 16777216 65536
a 1222 16777216 65536
a 1223 8388608 65536
f 1209
a 1224 8388608 65536
f 1220
f 1221
f 1222
f 1223
a 1225 16777216 65536
a 1226 16777216 65536
a 1227 16777216 65536
a 1228 8388608 65536
f 1204
a 1229 16777216 65536
a 1230 4194304 65536
f 1218
a 1231 4194304 65536
a 1232 4194304 65536
f 1219
f 1230
f 1229
a 1233 16777216 65536
f 1233
a 1234 16777216 65536
f 1231
a 1235 4194304 65536
a 1236 16777216 65536
f 1195
f 1196
a 1237 16777216 65536
a 1238 8388608 65536
f 1225
f 1226
f 1236
f 1228
a 1239 16777216 65536
a 1240 16777216 65536
a 1241 16777216 65536
a 1242 8388608 65536
f 1227
f 1239
f 1240
f 1241
f 1242
a 1243 16777216 65536
a 1244 16777216 65536
a 1245 16777216 65536
a 1246 16777216 65536
a 1247 8388608 65536
a 1248 16777216 65536
f 1234
a 1249 16777216 65536
f 1249
a 1250 16777216 65536
f 1246
a 1251 8388608 65536
f 1224
f 1235
a 1252 4194304 65536
f 1252
a 1253 4194304 65536
a 1254 16777216 65536
f 1251
a 1255 8388608 65536
f 1243
f 1255
a 1256 8388608 65536
f 1254
f 1244
f 1245
f 1248
f 1247
a 1257 16777216 65536
a 1258 16777216 65536
a 1259 16777216 65536
a 1260 8388608 65536
f 1256
a 1261 8388608 65536
f 1237
f 1238
a 1262 16777216 65536
a 1263 8388608 65536
f 1262
f 1263
a 1264 16777216 65536
a 1265 8388608 65536
f 1257
f 1258
f 1259
f 1260
a 1266 16777216 65536
a 1267 16777216 65536
a 1268 16777216 65536
a 1269 16777216 65536
a 1270 8388608 65536
f 1253
a 1271 4194304 65536
f 1266
f 1267
f 1268
f 1269
f 1270
a 1272 16777216 65536
a 1273 16777216 65536
a 1274 16777216 65536
a 1275 16777216 65536
a 1276 8388608 65536
f 1264
f 1265
a 1277 16777216 65536
a 1278 8388608 65536
f 1272
f 1273
f 1274
f 1275
f 1276
a 1279 16777216 65536
a 1280 16777216 65536
a 1281 16777216 65536
a 1282 8388608 65536
f 1232
a 1283 4194304 65536
a 1284 4194304 65536
f 1250
a 1285 16777216 65536
f 1279
f 1280
f 1281
f 1282
a 1286 16777216 65536
a 1287 16777216 65536
a 1288 16777216 65536
a 1289 8388608 65536
f 1271
a 1290 16777216 65536
f 1261
a 1291 8388608 65536
f 1288
a 1292 8388608 65536
f 1291
a 1293 8388608 65536
f 1278
f 1284
a 1294 4194304 65536
f 1286
f 1287
f 1290
f 1289
a 1295 16777216 65536
a 1296 16777216 65536
a 1297 16777216 65536
a 1298 8388608 65536
f 1277
f 1292
a 1299 16777216 65536
a 1300 8388608 65536
f 1299
f 1300
a 1301 16777216 65536
a 1302 8388608 65536
f 1301
f 1302
a 1303 16777216 65536
a 1304 8388608 65536
f 1303
f 1304
a 1305 16777216 65536
a 1306 8388608 65536
f 1293
a 1307 8388608 65536
a 1308 16777216 65536
f 1296
f 1283
a 1309 4194304 65536
f 1285
a 1310 16777216 65536
a 1311 4194304 65536
f 1310
a 1312 16777216 65536
f 1294
f 1309
a 1313 4194304 65536
f 1305
f 1306
a 1314 16777216 65536
a 1315 8388608 65536
c churn-800
a 1316 8388608 65536
f 1315
f 1314
f 1316
a 1317 16777216 65536
a 1318 8388608 65536
f 1317
f 1318
a 1319 16777216 65536
a 1320 8388608 65536
f 1312
a 1321 16777216 65536
f 1307
a 1322 8388608 65536
f 1321
a 1323 16777216 65536
a 1324 16777216 65536
f 1297
a 1325 16777216 65536
a 1326 16777216 65536
f 1319
f 1323
f 1322
a 1327 8388608 65536
f 1327
a 1328 8388608 65536
f 1313
a 1329 4194304 65536
f 1295
f 1308
f 1324
f 1298
a 1330 16777216 65536
a 1331 16777216 65536
a 1332 16777216 65536
a 1333 8388608 65536
a 1334 16777216 65536
f 1332
f 1330
f 1331
f 1334
f 1333
a 1335 16777216 65536
a 1336 16777216 65536
a 1337 16777216 65536
a 1338 8388608 65536
f 1326
a 1339 16777216 65536
f 1339
a 1340 16777216 65536
a 1341 16777216 65536
a 1342 16777216 65536
f 1337
f 1329
a 1343 4194304 65536
a 1344 16777216 65536
f 1335
f 1343
a 1345 4194304 65536
f 1345
a 1346 4194304 65536
f 1341
f 1328
a 1347 8388608 65536
f 1342
f 1336
f 1344
f 1338
a 1348 16777216 65536
a 1349 16777216 65536
a 1350 16777216 65536
a 1351 16777216 65536
a 1352 8388608 65536
a 1353 4194304 65536
f 1311
f 1346
a 1354 4194304 65536
f 1354
a 1355 4194304 65536
f 1355
a 1356 4194304 65536
a 1357 4194304 65536
f 1356
a 1358 4194304 65536
f 1353
f 1340
a 1359 16777216 65536
f 1358
a 1360 4194304 65536
a 1361 16777216 65536
f 1359
f 1348
f 1349
f 1350
f 1351
f 1352
a 1362 16777216 65536
a 1363 16777216 65536
a 1364 16777216 65536
a 1365 16777216 65536
a 1366 8388608 65536
a 1367 16777216 65536
f 1363
f 1357
a 1368 4194304 65536
f 1368
a 1369 4194304 65536
a 1370 16777216 65536
f 1369
a 1371 4194304 65536
f 1361
f 1347
a 1372 8388608 65536
f 1371
a 1373 4194304 65536
a 1374 16777216 65536
f 1365
f 1325
f 1320
a 1375 16777216 65536
a 1376 8388608 65536
f 1375
f 1376
a 1377 16777216 65536
a 1378 8388608 65536
f 1373
a 1379 4194304 65536
f 1360
a 1380 4194304 65536
f 1362
f 1367
f 1364
f 1374
f 1366
a 1381 16777216 65536
a 1382 16777216 65536
a 1383 16777216 65536
a 1384 8388608 65536
f 1377
f 1378
a 1385 16777216 65536
a 1386 8388608 65536
f 1379
a 1387 4194304 65536
f 1380
a 1388 4194304 65536
f 1372
a 1389 8388608 65536
f 1387
a 1390 4194304 65536
f 1388
a 1391 4194304 65536
f 1370
a 1392 16777216 65536
a 1393 16777216 65536
f 1390
a 1394 4194304 65536
f 1382
f 1385
f 1386
a 1395 16777216 65536
a 1396 8388608 65536
f 1391
a 1397 4194304 65536
f 1392
a 1398 16777216 65536
f 1389
a 1399 8388608 65536
a 1400 16777216 65536
f 1399
a 1401 8388608 65536
f 1394
a 1402 4194304 65536
f 1398
f 1402
a 1403 4194304 65536
f 1401
a 1404 8388608 65536
f 1381
f 1393
f 1383
f 1384
a 1405 16777216 65536
a 1406 16777216 65536
a 1407 16777216 65536
a 1408 16777216 65536
a 1409 8388608 65536
f 1400
a 1410 16777216 65536
f 1404
a 1411 8388608 65536
f 1410
a 1412 16777216 65536
a 1413 4194304 65536
a 1414 8388608 65536
f 1397
a 1415 16777216 65536
f 1409
f 1412
f 1395
f 1396
a 1416 16777216 65536
a 1417 8388608 65536
f 1411
a 1418 8388608 65536
f 1405
f 1406
f 1407
f 1408
f 1414
a 1419 16777216 65536
a 1420 16777216 65536
a 1421 16777216 65536
a 1422 8388608 65536
f 1418
a 1423 8388608 65536
f 1415
a 1424 16777216 65536
f 1423
a 1425 8388608 65536
f 1424
a 1426 16777216 65536
f 1403
a 1427 4194304 65536
f 1416
f 1417
a 1428 16777216 65536
a 1429 8388608 65536
f 1427
a 1430 4194304 65536
f 1426
a 1431 16777216 65536
f 1430
a 1432 4194304 65536
f 1432
a 1433 4194304 65536
f 1419
f 1420
f 1421
f 1422
a 1434 16777216 65536
a 1435 16777216 65536
a 1436 16777216 65536
a 1437 16777216 65536
a 1438 8388608 65536
a 1439 8388608 65536
f 1429
f 1434
f 1435
f 1436
f 1437
f 1438
a 1440 16777216 65536
a 1441 16777216 65536
a 1442 16777216 65536
a 1443 8388608 65536
f 1440
f 1441
f 1442
f 1443
a 1444 16777216 65536
a 1445 16777216 65536
a 1446 16777216 65536
a 1447 16777216 65536
a 1448 8388608 65536
f 1444
f 1445
f 1446
f 1447
f 1448
a 1449 16777216 65536
a 1450 16777216 65536
a 1451 16777216 65536
a 1452 8388608 65536
f 1449
f 1450
f 1451
f 1452
a 1453 16777216 65536
a 1454 16777216 65536
a 1455 16777216 65536
a 1456 16777216 65536
a 1457 8388608 65536
a 1458 8388608 65536
f 1439
a 1459 8388608 65536
f 1425
a 1460 8388608 65536
f 1459
f 1413
a 1461 4194304 65536
f 1433
a 1462 4194304 65536
f 1460
a 1463 8388608 65536
a 1464 8388608 65536
f 1458
f 1463
a 1465 8388608 65536
c churn-900
f 1461
a 1466 4194304 65536
f 1466
a 1467 4194304 65536
a 1468 8388608 65536
f 1464
a 1469 4194304 65536
f 1462
f 1467
a 1470 4194304 65536
f 1465
a 1471 8388608 65536
f 1470
a 1472 4194304 65536
a 1473 16777216 65536
f 1453
f 1469
a 1474 4194304 65536
f 1428
f 1468
a 1475 16777216 65536
a 1476 8388608 65536
f 1471
a 1477 8388608 65536
f 1475
f 1476
a 1478 16777216 65536
a 1479 8388608 65536
f 1474
a 1480 4194304 65536
a 1481 16777216 65536
f 1431
a 1482 16777216 65536
f 1478
a 1483 16777216 65536
f 1473
f 1454
f 1455
f 1456
f 1457
a 1484 16777216 65536
a 1485 16777216 65536
a 1486 16777216 65536
a 1487 16777216 65536
a 1488 8388608 65536
f 1480
a 1489 4194304 65536
f 1482
f 1489
a 1490 4194304 65536
f 1481
f 1479
a 1491 16777216 65536
a 1492 8388608 65536
f 1472
a 1493 4194304 65536
a 1494 16777216 65536
f 1483
a 1495 8388608 65536
f 1491
f 1492
a 1496 16777216 65536
a 1497 8388608 65536
f 1488
f 1493
a 1498 4194304 65536
a 1499 16777216 65536
f 1484
f 1496
f 1497
a 1500 16777216 65536
a 1501 8388608 65536
f 1477
a 1502 8388608 65536
a 1503 16777216 65536
f 1498
a 1504 4194304 65536
f 1500
f 1501
a 1505 16777216 65536
a 1506 8388608 65536
f 1487
f 1490
a 1507 4194304 65536
f 1502
a 1508 8388608 65536
f 1508
a 1509 8388608 65536
f 1499
f 1485
f 1486
f 1503
f 1495
a 1510 16777216 65536
a 1511 16777216 65536
a 1512 16777216 65536
a 1513 8388608 65536
a 1514 8388608 65536
a 1515 8388608 65536
f 1506
a 1516 16777216 65536
f 1514
f 1504
a 1517 4194304 65536
f 1510
f 1516
f 1511
f 1512
f 1513
a 1518 16777216 65536
a 1519 16777216 65536
a 1520 16777216 65536
a 1521 8388608 65536
f 1505
f 1515
a 1522 16777216 65536
a 1523 8388608 65536
f 1517
a 1524 4194304 65536
a 1525 16777216 65536
a 1526 8388608 65536
f 1494
f 1507
a 1527 4194304 65536
f 1523
f 1518
f 1519
f 1520
f 1521
a 1528 16777216 65536
a 1529 16777216 65536
a 1530 16777216 65536
a 1531 8388608 65536
f 1524
a 1532 4194304 65536
a 1533 16777216 65536
f 1525
a 1534 16777216 65536
f 1530
a 1535 16777216 65536
a 1536 16777216 65536
f 1528
f 1529
f 1536
f 1531
a 1537 16777216 65536
a 1538 16777216 65536
a 1539 16777216 65536
a 1540 8388608 65536
f 1534
f 1509
a 1541 8388608 65536
f 1533
f 1541
a 1542 8388608 65536
a 1543 16777216 65536
a 1544 8388608 65536
f 1537
f 1540
f 1535
a 1545 16777216 65536
f 1545
a 1546 16777216 65536
f 1522
f 1526
a 1547 16777216 65536
a 1548 8388608 65536
f 1542
a 1549 8388608 65536
f 1549
a 1550 8388608 65536
f 1546
a 1551 16777216 65536
a 1552 16777216 65536
f 1551
f 1552
a 1553 16777216 65536
f 1550
a 1554 8388608 65536
f 1543
f 1538
f 1539
f 1544
a 1555 16777216 65536
a 1556 16777216 65536
a 1557 16777216 65536
a 1558 8388608 65536
a 1559 8388608 65536
a 1560 4194304 65536
f 1554
f 1560
a 1561 4194304 65536
a 1562 16777216 65536
f 1527
a 1563 8388608 65536
a 1564 16777216 65536
f 1547
f 1553
a 1565 8388608 65536
f 1558
f 1548
a 1566 16777216 65536
f 1564
f 1559
a 1567 8388608 65536
f 1555
f 1556
f 1557
f 1563
a 1568 16777216 65536
a 1569 16777216 65536
a 1570 16777216 65536
a 1571 8388608 65536
f 1561
a 1572 4194304 65536
f 1567
a 1573 8388608 65536
f 1572
a 1574 4194304 65536
a 1575 16777216 65536
f 1566
a 1576 16777216 65536
f 1574
a 1577 4194304 65536
f 1562
f 1577
a 1578 4194304 65536
f 1576
a 1579 16777216 65536
f 1579
a 1580 16777216 65536
a 1581 16777216 65536
f 1570
f 1568
f 1569
f 1581
f 1571
a 1582 16777216 65536
a 1583 16777216 65536
a 1584 16777216 65536
a 1585 16777216 65536
a 1586 8388608 65536
f 1575
f 1565
a 1587 16777216 65536
a 1588 8388608 65536
f 1580
a 1589 16777216 65536
a 1590 16777216 65536
f 1587
f 1588
a 1591 16777216 65536
a 1592 8388608 65536
f 1584
a 1593 16777216 65536
a 1594 4194304 65536
f 1589
a 1595 16777216 65536
f 1585
a 1596 8388608 65536
f 1578
f 1591
f 1596
a 1597 16777216 65536
a 1598 8388608 65536
f 1597
f 1598
a 1599 16777216 65536
a 1600 8388608 65536
f 1592
f 1599
f 1600
a 1601 16777216 65536
a 1602 8388608 65536
f 1601
f 1602
a 1603 16777216 65536
a 1604 8388608 65536
f 1532
a 1605 4194304 65536
c churn-1000
f 1573
a 1606 8388608 65536
f 1595
a 1607 16777216 65536
f 1606
a 1608 8388608 65536
f 1607
a 1609 16777216 65536
a 1610 4194304 65536
a 1611 8388608 65536
f 1594
f 1608
f 1582
f 1583
f 1590
f 1593
f 1586
a 1612 16777216 65536
a 1613 16777216 65536
a 1614 16777216 65536
a 1615 8388608 65536
f 1603
f 1604
a 1616 16777216 65536
a 1617 8388608 65536
f 1616
f 1617
a 1618 16777216 65536
a 1619 8388608 65536
a 1620 16777216 65536
f 1613
a 1621 16777216 65536
f 1614
f 1611
a 1622 8388608 65536
f 1622
a 1623 8388608 65536
a 1624 16777216 65536
f 1620
f 1605
a 1625 4194304 65536
a 1626 8388608 65536
f 1609
a 1627 16777216 65536
f 1623
f 1627
a 1628 16777216 65536
f 1610
a 1629 4194304 65536
f 1618
f 1619
a 1630 16777216 65536
a 1631 8388608 65536
f 1630
f 1631
a 1632 16777216 65536
a 1633 8388608 65536
f 1629
a 1634 4194304 65536
f 1634
a 1635 4194304 65536
f 1628
a 1636 16777216 65536
f 1626
a 1637 8388608 65536
a 1638 4194304 65536
f 1638
a 1639 4194304 65536
f 1632
f 1633
a 1640 16777216 65536
a 1641 8388608 65536
f 1625
a 1642 8388608 65536
a 1643 8388608 65536
f 1615
f 1642
f 1637
a 1644 8388608 65536
a 1645 4194304 65536
a 1646 4194304 65536
f 1635
a 1647 16777216 65536
f 1640
f 1612
f 1624
f 1621
f 1643
a 1648 16777216 65536
a 1649 16777216 65536
a 1650 16777216 65536
a 1651 8388608 65536
f 1639
f 1645
a 1652 4194304 65536
f 1644
a 1653 8388608 65536
f 1652
a 1654 4194304 65536
f 1646
a 1655 4194304 65536
a 1656 8388608 65536
f 1653
a 1657 8388608 65536
f 1647
f 1656
a 1658 16777216 65536
a 1659 8388608 65536
f 1641
a 1660 16777216 65536
f 1648
a 1661 16777216 65536
f 1657
a 1662 8388608 65536
f 1660
f 1662
a 1663 8388608 65536
f 1661
f 1649
f 1650
f 1651
a 1664 16777216 65536
a 1665 16777216 65536
a 1666 16777216 65536
a 1667 16777216 65536
a 1668 8388608 65536
f 1664
f 1665
f 1666
f 1667
f 1668
a 1669 16777216 65536
a 1670 16777216 65536
a 1671 16777216 65536
a 1672 16777216 65536
a 1673 8388608 65536
f 1663
a 1674 8388608 65536
f 1658
f 1659
a 1675 16777216 65536
a 1676 8388608 65536
f 1655
a 1677 4194304 65536
f 1677
a 1678 4194304 65536
a 1679 16777216 65536
f 1678
a 1680 4194304 65536
f 1670
f 1680
a 1681 4194304 65536
f 1654
a 1682 4194304 65536
f 1674
a 1683 8388608 65536
f 1669
f 1679
f 1671
f 1672
f 1673
a 1684 16777216 65536
a 1685 16777216 65536
a 1686 16777216 65536
a 1687 8388608 65536
f 1681
a 1688 4194304 65536
a 1689 16777216 65536
f 1684
f 1685
f 1689
f 1687
a 1690 16777216 65536
a 1691 16777216 65536
a 1692 16777216 65536
a 1693 16777216 65536
a 1694 8388608 65536
a 1695 8388608 65536
f 1686
a 1696 8388608 65536
f 1683
a 1697 4194304 65536
a 1698 16777216 65536
f 1695
f 1682
f 1690
f 1691
f 1692
f 1693
f 1694
a 1699 16777216 65536
a 1700 16777216 65536
a 1701 16777216 65536
a 1702 16777216 65536
a 1703 8388608 65536
f 1699
f 1700
f 1701
f 1702
f 1703
a 1704 16777216 65536
a 1705 16777216 65536
a 1706 16777216 65536
a 1707 16777216 65536
a 1708 8388608 65536
f 1636
f 1698
a 1709 16777216 65536
a 1710 16777216 65536
f 1675
f 1676
a 1711 16777216 65536
a 1712 8388608 65536
f 1696
a 1713 8388608 65536
f 1709
a 1714 4194304 65536
f 1713
a 1715 8388608 65536
f 1715
a 1716 8388608 65536
f 1697
f 1704
f 1705
f 1706
f 1707
f 1708
a 1717 16777216 65536
a 1718 16777216 65536
a 1719 16777216 65536
a 1720 16777216 65536
a 1721 8388608 65536
f 1711
f 1712
a 1722 16777216 65536
a 1723 8388608 65536
a 1724 16777216 65536
f 1720
f 1722
f 1723
a 1725 16777216 65536
a 1726 8388608 65536
f 1688
a 1727 4194304 65536
f 1717
f 1718
f 1719
f 1724
f 1721
a 1728 16777216 65536
a 1729 16777216 65536
a 1730 16777216 65536
a 1731 8388608 65536
f 1728
f 1729
f 1730
f 1731
a 1732 16777216 65536
a 1733 16777216 65536
a 1734 16777216 65536
a 1735 8388608 65536
a 1736 16777216 65536
f 1727
a 1737 4194304 65536
f 1725
a 1738 16777216 65536
a 1739 8388608 65536
f 1726
f 1714
a 1740 4194304 65536
f 1736
f 1716
a 1741 8388608 65536
f 1738
f 1739
a 1742 16777216 65536
a 1743 8388608 65536
a 1744 8388608 65536
f 1741
a 1745 8388608 65536
f 1745
a 1746 8388608 65536
f 1735
f 1737
a 1747 4194304 65536
f 1732
f 1733
f 1734
f 1744
a 1748 16777216 65536
a 1749 16777216 65536
a 1750 16777216 65536
a 1751 16777216 65536
a 1752 8388608 65536
f 1747
a 1753 4194304 65536
f 1710
a 1754 16777216 65536
f 1753
a 1755 4194304 65536
f 1742
f 1743
a 1756 16777216 65536
a 1757 8388608 65536
a 1758 4194304 65536
f 1756
f 1757
a 1759 16777216 65536
a 1760 8388608 65536
f 1755
a 1761 8388608 65536
c churn-1100
f 1760
f 1740
a 1762 4194304 65536
f 1746
a 1763 8388608 65536
f 1762
a 1764 4194304 65536
f 1758
a 1765 4194304 65536
f 1759
f 1761
a 1766 16777216 65536
a 1767 8388608 65536
f 1748
f 1749
f 1750
f 1751
f 1752
a 1768 16777216 65536
a 1769 16777216 65536
a 1770 16777216 65536
a 1771 8388608 65536
f 1765
a 1772 4194304 65536
f 1766
f 1767
a 1773 16777216 65536
a 1774 8388608 65536
f 1764
a 1775 4194304 65536
f 1763
a 1776 8388608 65536
a 1777 4194304 65536
f 1775
a 1778 16777216 65536
f 1777
a 1779 4194304 65536
f 1769
f 1779
a 1780 4194304 65536
f 1754
a 1781 16777216 65536
a 1782 16777216 65536
f 1772
a 1783 4194304 65536
f 1770
f 1773
f 1774
a 1784 16777216 65536
a 1785 8388608 65536
f 1776
a 1786 8388608 65536
f 1781
a 1787 16777216 65536
f 1783
a 1788 4194304 65536
f 1768
f 1778
f 1782
f 1771
a 1789 16777216 65536
a 1790 16777216 65536
a 1791 16777216 65536
a 1792 8388608 65536
f 1780
a 1793 4194304 65536
f 1784
f 1785
a 1794 16777216 65536
a 1795 8388608 65536
a 1796 16777216 65536
f 1788
a 1797 4194304 65536
f 1789
f 1787
a 1798 16777216 65536
f 1794
f 1795
a 1799 16777216 65536
a 1800 8388608 65536
a 1801 16777216 65536
f 1799
f 1801
f 1800
a 1802 16777216 65536
a 1803 8388608 65536
f 1793
a 1804 4194304 65536
f 1798
a 1805 16777216 65536
f 1802
f 1803
a 1806 16777216 65536
a 1807 8388608 65536
a 1808 4194304 65536
a 1809 16777216 65536
f 1796
f 1790
f 1791
f 1792
a 1810 16777216 65536
a 1811 16777216 65536
a 1812 16777216 65536
a 1813 16777216 65536
a 1814 8388608 65536
f 1797
f 1805
a 1815 8388608 65536
f 1786
a 1816 8388608 65536
a 1817 8388608 65536
f 1814
a 1818 16777216 65536
f 1810
f 1804
a 1819 4194304 65536
f 1816
f 1819
a 1820 4194304 65536
f 1809
a 1821 16777216 65536
f 1808
a 1822 4194304 65536
f 1821
a 1823 16777216 65536
f 1823
a 1824 16777216 65536
f 1817
a 1825 8388608 65536
f 1822
a 1826 4194304 65536
f 1825
a 1827 8388608 65536
f 1818
f 1811
f 1812
f 1813
f 1815
a 1828 16777216 65536
a 1829 16777216 65536
a 1830 16777216 65536
a 1831 16777216 65536
a 1832 8388608 65536
f 1824
a 1833 16777216 65536
f 1806
f 1807
a 1834 16777216 65536
a 1835 8388608 65536
f 1826
a 1836 4194304 65536
f 1820
a 1837 4194304 65536
f 1834
f 1835
a 1838 16777216 65536
a 1839 8388608 65536
a 1840 16777216 65536
f 1828
f 1829
f 1830
f 1840
f 1832
a 1841 16777216 65536
a 1842 16777216 65536
a 1843 16777216 65536
a 1844 8388608 65536
a 1845 8388608 65536
f 1831
f 1839
f 1833
a 1846 16777216 65536
f 1836
a 1847 4194304 65536
f 1846
a 1848 16777216 65536
a 1849 16777216 65536
a 1850 16777216 65536
a 1851 16777216 65536
f 1843
f 1838
f 1849
f 1837
a 1852 4194304 65536
a 1853 16777216 65536
a 1854 4194304 65536
f 1848
a 1855 8388608 65536
f 1845
a 1856 16777216 65536
f 1852
f 1827
a 1857 8388608 65536
f 1851
f 1853
a 1858 16777216 65536
f 1854
a 1859 4194304 65536
f 1857
a 1860 8388608 65536
a 1861 16777216 65536
f 1842
f 1841
f 1861
f 1856
f 1844
a 1862 16777216 65536
a 1863 16777216 65536
a 1864 16777216 65536
a 1865 8388608 65536
a 1866 16777216 65536
a 1867 16777216 65536
f 1847
a 1868 4194304 65536
f 1862
f 1860
a 1869 8388608 65536
f 1863
f 1868
a 1870 4194304 65536
a 1871 8388608 65536
a 1872 16777216 65536
f 1867
a 1873 4194304 65536
f 1865
f 1859
a 1874 4194304 65536
f 1870
f 1869
a 1875 8388608 65536
a 1876 8388608 65536
a 1877 16777216 65536
f 1855
a 1878 8388608 65536
f 1875
a 1879 8388608 65536
f 1850
f 1876
f 1858
a 1880 16777216 65536
f 1877
f 1878
a 1881 16777216 65536
a 1882 8388608 65536
a 1883 16777216 65536
f 1881
f 1882
a 1884 16777216 65536
a 1885 8388608 65536
a 1886 8388608 65536
f 1866
f 1885
a 1887 16777216 65536
f 1879
a 1888 8388608 65536
f 1883
f 1872
f 1887
f 1871
a 1889 16777216 65536
a 1890 16777216 65536
a 1891 16777216 65536
a 1892 16777216 65536
a 1893 8388608 65536
f 1864
f 1880
a 1894 16777216 65536
a 1895 16777216 65536
f 1894
f 1888
a 1896 8388608 65536
c churn-1200
a 1897 16777216 65536
f 1891
a 1898 8388608 65536
f 1893
a 1899 4194304 65536
f 1874
f 1899
a 1900 4194304 65536
f 1900
a 1901 4194304 65536
a 1902 16777216 65536
f 1884
f 1886
a 1903 16777216 65536
a 1904 8388608 65536
a 1905 4194304 65536
f 1890
f 1895
a 1906 16777216 65536
f 1901
a 1907 8388608 65536
a 1908 16777216 65536
f 1908
a 1909 16777216 65536
f 1898
f 1906
f 1903
f 1904
a 1910 16777216 65536
a 1911 8388608 65536
f 1909
a 1912 16777216 65536
f 1896
a 1913 8388608 65536
f 1905
a 1914 4194304 65536
f 1910
f 1911
a 1915 16777216 65536
a 1916 8388608 65536
a 1917 16777216 65536
f 1914
a 1918 4194304 65536
f 1873
a 1919 4194304 65536
f 1902
f 1912
a 1920 16777216 65536
f 1920
a 1921 16777216 65536
a 1922 16777216 65536
f 1897
f 1919
a 1923 4194304 65536
f 1913
a 1924 8388608 65536
a 1925 8388608 65536
f 1924
a 1926 16777216 65536
f 1921
a 1927 16777216 65536
f 1915
f 1916
a 1928 16777216 65536
a 1929 8388608 65536
f 1922
f 1889
f 1917
f 1926
f 1892
f 1907
a 1930 16777216 65536
a 1931 16777216 65536
a 1932 16777216 65536
a 1933 8388608 65536
a 1934 16777216 65536
f 1918
a 1935 4194304 65536
f 1925
a 1936 8388608 65536
f 1931
f 1930
f 1934
f 1932
f 1933
a 1937 16777216 65536
a 1938 16777216 65536
a 1939 16777216 65536
a 1940 8388608 65536
f 1927
a 1941 16777216 65536
f 1935
a 1942 4194304 65536
f 1941
a 1943 16777216 65536
f 1923
a 1944 4194304 65536
f 1928
f 1929
a 1945 16777216 65536
a 1946 8388608 65536
f 1937
f 1938
f 1939
f 1940
a 1947 16777216 65536
a 1948 16777216 65536
a 1949 16777216 65536
a 1950 8388608 65536
a 1951 8388608 65536
f 1944
a 1952 4194304 65536
f 1936
f 1952
a 1953 4194304 65536
f 1945
f 1946
a 1954 16777216 65536
a 1955 8388608 65536
a 1956 4194304 65536
f 1947
f 1948
f 1949
f 1950
a 1957 16777216 65536
a 1958 16777216 65536
a 1959 16777216 65536
a 1960 8388608 65536
f 1942
a 1961 4194304 65536
f 1953
a 1962 4194304 65536
a 1963 16777216 65536
f 1956
f 1961
a 1964 4194304 65536
f 1964
a 1965 4194304 65536
f 1954
f 1943
a 1966 16777216 65536
a 1967 16777216 65536
f 1959
f 1962
a 1968 4194304 65536
f 1965
a 1969 4194304 65536
a 1970 8388608 65536
f 1970
a 1971 8388608 65536
f 1951
f 1971
a 1972 8388608 65536
f 1969
a 1973 4194304 65536
f 1972
a 1974 8388608 65536
f 1957
f 1958
f 1967
f 1960
a 1975 16777216 65536
a 1976 16777216 65536
a 1977 16777216 65536
a 1978 16777216 65536
a 1979 8388608 65536
a 1980 16777216 65536
a 1981 8388608 65536
f 1978
a 1982 16777216 65536
f 1974
f 1973
a 1983 4194304 65536
f 1963
f 1955
a 1984 16777216 65536
a 1985 8388608 65536
f 1980
f 1983
a 1986 4194304 65536
f 1986
a 1987 4194304 65536
a 1988 4194304 65536
f 1968
f 1984
f 1985
a 1989 16777216 65536
a 1990 8388608 65536
f 1989
f 1990
a 1991 16777216 65536
a 1992 8388608 65536
a 1993 16777216 65536
f 1976
f 1981
a 1994 8388608 65536
f 1994
a 1995 8388608 65536
f 1987
a 1996 4194304 65536
f 1988
a 1997 4194304 65536
f 1996
a 1998 4194304 65536
f 1991
f 1992
a 1999 16777216 65536
a 2000 8388608 65536
a 2001 16777216 65536
a 2002 16777216 65536
f 1975
f 2001
f 1993
f 1977
f 1982
f 1979
a 2003 16777216 65536
a 2004 16777216 65536
a 2005 16777216 65536
a 2006 8388608 65536
f 1998
a 2007 4194304 65536
f 1966
f 2002
a 2008 16777216 65536
a 2009 16777216 65536
f 1995
a 2010 8388608 65536
f 2004
f 2008
a 2011 16777216 65536
f 2011
a 2012 16777216 65536
f 2012
a 2013 16777216 65536
f 2010
a 2014 8388608 65536
f 2014
a 2015 8388608 65536
f 2015
a 2016 8388608 65536
a 2017 4194304 65536
f 1997
f 2017
a 2018 4194304 65536
f 2016
a 2019 8388608 65536
f 2013
a 2020 16777216 65536
f 2003
f 2009
f 2005
f 2006
a 2021 16777216 65536
a 2022 16777216 65536
a 2023 16777216 65536
a 2024 8388608 65536
a 2025 16777216 65536
a 2026 8388608 65536
f 2021
f 2022
f 2023
f 2024
a 2027 16777216 65536
a 2028 16777216 65536
a 2029 16777216 65536
a 2030 16777216 65536
a 2031 8388608 65536
f 2020
a 2032 16777216 65536
c churn-1300
f 2000
f 2007
a 2033 4194304 65536
f 1999
f 2018
a 2034 4194304 65536
f 2027
f 2028
f 2029
f 2030
f 2031
a 2035 16777216 65536
a 2036 16777216 65536
a 2037 16777216 65536
a 2038 8388608 65536
f 2035
f 2036
f 2037
f 2038
a 2039 16777216 65536
a 2040 16777216 65536
a 2041 16777216 65536
a 2042 16777216 65536
a 2043 8388608 65536
a 2044 16777216 65536
f 2041
f 2039
f 2040
f 2044
f 2042
f 2043
a 2045 16777216 65536
a 2046 16777216 65536
a 2047 16777216 65536
a 2048 8388608 65536
f 2034
a 2049 4194304 65536
a 2050 16777216 65536
f 2025
a 2051 16777216 65536
f 2019
a 2052 8388608 65536
f 2032
f 2051
a 2053 16777216 65536
a 2054 16777216 65536
f 2033
a 2055 4194304 65536
f 2050
a 2056 16777216 65536
a 2057 16777216 65536
f 2047
a 2058 16777216 65536
f 2046
f 2057
f 2055
a 2059 4194304 65536
f 2053
a 2060 16777216 65536
a 2061 8388608 65536
a 2062 8388608 65536
f 2052
f 2061
a 2063 16777216 65536
f 2049
a 2064 4194304 65536
f 2045
f 2056
f 2063
f 2048
a 2065 16777216 65536
a 2066 16777216 65536
a 2067 16777216 65536
a 2068 16777216 65536
a 2069 8388608 65536
f 2058
f 2054
f 2026
a 2070 16777216 65536
a 2071 8388608 65536
a 2072 16777216 65536
f 2065
f 2059
a 2073 4194304 65536
f 2072
f 2066
f 2067
f 2068
f 2069
a 2074 16777216 65536
a 2075 16777216 65536
a 2076 16777216 65536
a 2077 8388608 65536
f 2060
a 2078 16777216 65536
a 2079 16777216 65536
f 2062
a 2080 8388608 65536
f 2070
f 2073
a 2081 4194304 65536
f 2078
a 2082 16777216 65536
f 2074
f 2075
f 2076
f 2077
a 2083 16777216 65536
a 2084 16777216 65536
a 2085 16777216 65536
a 2086 8388608 65536
f 2083
f 2084
f 2085
f 2086
a 2087 16777216 65536
a 2088 16777216 65536
a 2089 16777216 65536
a 2090 16777216 65536
a 2091 8388608 65536
f 2064
a 2092 4194304 65536
f 2087
f 2088
f 2089
f 2090
f 2091
a 2093 16777216 65536
a 2094 16777216 65536
a 2095 16777216 65536
a 2096 8388608 65536
f 2079
f 2071
a 2097 16777216 65536
a 2098 8388608 65536
f 2097
f 2098
a 2099 16777216 65536
a 2100 8388608 65536
a 2101 16777216 65536
f 2081
a 2102 4194304 65536
f 2095
f 2082
a 2103 16777216 65536
f 2099
f 2100
a 2104 16777216 65536
a 2105 8388608 65536
a 2106 4194304 65536
f 2102
f 2104
f 2105
a 2107 16777216 65536
a 2108 8388608 65536
f 2106
a 2109 4194304 65536
a 2110 8388608 65536
f 2107
f 2108
a 2111 16777216 65536
a 2112 8388608 65536
f 2080
f 2109
a 2113 4194304 65536
f 2113
a 2114 4194304 65536
f 2111
f 2112
a 2115 16777216 65536
a 2116 8388608 65536
f 2093
f 2094
f 2101
f 2096
a 2117 16777216 65536
a 2118 16777216 65536
a 2119 16777216 65536
a 2120 16777216 65536
a 2121 8388608 65536
f 2103
a 2122 16777216 65536
f 2114
a 2123 4194304 65536
a 2124 16777216 65536
f 2117
f 2118
f 2119
f 2120
f 2121
a 2125 16777216 65536
a 2126 16777216 65536
a 2127 16777216 65536
a 2128 16777216 65536
a 2129 8388608 65536
f 2115
a 2130 4194304 65536
f 2122
a 2131 16777216 65536
f 2124
f 2116
a 2132 16777216 65536
a 2133 8388608 65536
f 2123
f 2132
f 2133
a 2134 16777216 65536
a 2135 8388608 65536
f 2130
a 2136 4194304 65536
f 2125
f 2126
f 2127
f 2128
f 2129
a 2137 16777216 65536
a 2138 16777216 65536
a 2139 16777216 65536
a 2140 8388608 65536
a 2141 16777216 65536
a 2142 16777216 65536
f 2138
f 2131
a 2143 16777216 65536
a 2144 4194304 65536
f 2136
a 2145 16777216 65536
f 2141
f 2144
a 2146 4194304 65536
f 2092
a 2147 4194304 65536
f 2139
a 2148 16777216 65536
f 2110
a 2149 8388608 65536
f 2134
a 2150 8388608 65536
f 2140
f 2148
f 2135
a 2151 16777216 65536
a 2152 8388608 65536
f 2142
a 2153 16777216 65536
f 2153
a 2154 16777216 65536
f 2154
a 2155 16777216 65536
f 2137
f 2143
f 2145
f 2150
a 2156 16777216 65536
a 2157 16777216 65536
a 2158 16777216 65536
a 2159 16777216 65536
a 2160 8388608 65536
f 2155
a 2161 16777216 65536
f 2147
a 2162 4194304 65536
a 2163 16777216 65536
a 2164 8388608 65536
f 2149
a 2165 8388608 65536
f 2159
f 2162
a 2166 4194304 65536
f 2160
f 2161
a 2167 16777216 65536
f 2151
f 2152
a 2168 16777216 65536
a 2169 8388608 65536
f 2156
f 2157
f 2158
f 2163
f 2164
a 2170 16777216 65536
a 2171 16777216 65536
a 2172 16777216 65536
a 2173 8388608 65536
f 2165
a 2174 8388608 65536
f 2168
f 2169
a 2175 16777216 65536
a 2176 8388608 65536
f 2166
a 2177 4194304 65536
a 2178 4194304 65536
f 2175
f 2176
a 2179 16777216 65536
a 2180 8388608 65536
f 2177
f 2179
f 2180
a 2181 16777216 65536
a 2182 8388608 65536
f 2170
f 2171
f 2172
f 2173
a 2183 16777216 65536
a 2184 16777216 65536
a 2185 16777216 65536
a 2186 8388608 65536
f 2181
f 2182
a 2187 16777216 65536
a 2188 8388608 65536
f 2187
f 2188
a 2189 16777216 65536
a 2190 8388608 65536
a 2191 8388608 65536
f 2189
f 2190
a 2192 16777216 65536
a 2193 8388608 65536
f 2174
f 2191
a 2194 8388608 65536
f 2183
f 2184
f 2185
f 2186
a 2195 16777216 65536
a 2196 16777216 65536
a 2197 16777216 65536
a 2198 8388608 65536
a 2199 8388608 65536
f 2194
f 2146
a 2200 4194304 65536
c churn-1400
a 2201 16777216 65536
f 2197
f 2199
a 2202 8388608 65536
f 2192
f 2193
a 2203 16777216 65536
a 2204 8388608 65536
f 2202
a 2205 8388608 65536
f 2178
a 2206 4194304 65536
a 2207 16777216 65536
f 2205
a 2208 8388608 65536
a 2209 16777216 65536
f 2195
a 2210 4194304 65536
f 2167
f 2200
a 2211 8388608 65536
f 2198
a 2212 16777216 65536
f 2210
a 2213 4194304 65536
f 2207
f 2209
a 2214 16777216 65536
a 2215 16777216 65536
a 2216 8388608 65536
f 2215
f 2196
f 2201
f 2211
a 2217 16777216 65536
a 2218 16777216 65536
a 2219 16777216 65536
a 2220 8388608 65536
f 2212
a 2221 8388608 65536
f 2208
f 2203
f 2204
a 2222 16777216 65536
a 2223 8388608 65536
f 2220
f 2222
f 2223
a 2224 16777216 65536
a 2225 8388608 65536
f 2224
f 2225
a 2226 16777216 65536
a 2227 8388608 65536
a 2228 4194304 65536
f 2226
f 2227
a 2229 16777216 65536
a 2230 8388608 65536
f 2213
f 2214
a 2231 16777216 65536
f 2231
a 2232 16777216 65536
f 2232
a 2233 16777216 65536
a 2234 16777216 65536
f 2206
a 2235 4194304 65536
f 2218
f 2216
a 2236 8388608 65536
f 2217
f 2234
f 2219
f 2221
a 2237 16777216 65536
a 2238 16777216 65536
a 2239 16777216 65536
a 2240 8388608 65536
a 2241 16777216 65536
a 2242 8388608 65536
f 2228
a 2243 4194304 65536
f 2233
f 2241
a 2244 16777216 65536
f 2236
f 2242
a 2245 8388608 65536
f 2229
f 2230
a 2246 16777216 65536
a 2247 8388608 65536
a 2248 16777216 65536
f 2246
f 2247
a 2249 16777216 65536
a 2250 8388608 65536
f 2237
f 2248
f 2238
f 2239
f 2240
a 2251 16777216 65536
a 2252 16777216 65536
a 2253 16777216 65536
a 2254 16777216 65536
a 2255 8388608 65536
f 2245
a 2256 8388608 65536
f 2256
a 2257 8388608 65536
f 2243
a 2258 4194304 65536
f 2235
a 2259 4194304 65536
f 2257
a 2260 8388608 65536
f 2259
a 2261 4194304 65536
f 2258
a 2262 4194304 65536
a 2263 4194304 65536
a 2264 16777216 65536
a 2265 8388608 65536
f 2261
f 2244
a 2266 16777216 65536
f 2254
f 2265
a 2267 8388608 65536
f 2260
a 2268 4194304 65536
f 2262
f 2249
f 2250
a 2269 16777216 65536
a 2270 8388608 65536
f 2263
a 2271 4194304 65536
a 2272 16777216 65536
a 2273 4194304 65536
f 2251
f 2268
a 2274 4194304 65536
a 2275 16777216 65536
f 2271
f 2253
f 2273
a 2276 4194304 65536
f 2274
a 2277 4194304 65536
f 2269
f 2270
a 2278 16777216 65536
a 2279 8388608 65536
a 2280 16777216 65536
f 2266
f 2277
a 2281 4194304 65536
f 2281
a 2282 4194304 65536
a 2283 16777216 65536
f 2278
f 2279
a 2284 16777216 65536
a 2285 8388608 65536
f 2272
f 2284
f 2285
a 2286 16777216 65536
a 2287 8388608 65536
a 2288 16777216 65536
f 2286
f 2287
a 2289 16777216 65536
a 2290 8388608 65536
f 2280
a 2291 16777216 65536
f 2264
f 2283
f 2252
f 2275
f 2288
f 2255
a 2292 16777216 65536
a 2293 16777216 65536
a 2294 16777216 65536
a 2295 16777216 65536
a 2296 8388608 65536
a 2297 8388608 65536
f 2276
a 2298 4194304 65536
f 2290
f 2282
a 2299 4194304 65536
f 2298
a 2300 4194304 65536
a 2301 16777216 65536
f 2289
f 2292
f 2293
f 2294
f 2295
f 2296
a 2302 16777216 65536
a 2303 16777216 65536
a 2304 16777216 65536
a 2305 8388608 65536
f 2291
a 2306 16777216 65536
f 2299
a 2307 4194304 65536
f 2267
a 2308 8388608 65536
f 2301
f 2297
a 2309 16777216 65536
a 2310 8388608 65536
f 2309
f 2310
a 2311 16777216 65536
a 2312 8388608 65536
f 2308
a 2313 8388608 65536
a 2314 16777216 65536
f 2303
f 2311
f 2312
a 2315 16777216 65536
a 2316 8388608 65536
f 2300
a 2317 4194304 65536
f 2306
a 2318 16777216 65536
a 2319 16777216 65536
f 2318
a 2320 16777216 65536
f 2302
f 2314
f 2319
f 2305
a 2321 16777216 65536
a 2322 16777216 65536
a 2323 16777216 65536
a 2324 16777216 65536
a 2325 8388608 65536
f 2304
f 2321
f 2322
f 2323
f 2324
f 2325
a 2326 16777216 65536
a 2327 16777216 65536
a 2328 16777216 65536
a 2329 8388608 65536
f 2313
a 2330 8388608 65536
f 2326
f 2327
f 2328
f 2329
a 2331 16777216 65536
a 2332 16777216 65536
a 2333 16777216 65536
a 2334 16777216 65536
a 2335 8388608 65536
f 2331
f 2332
f 2333
f 2334
f 2335
a 2336 16777216 65536
a 2337 16777216 65536
a 2338 16777216 65536
a 2339 16777216 65536
a 2340 8388608 65536
f 2315
f 2316
a 2341 16777216 65536
a 2342 8388608 65536
f 2341
f 2342
a 2343 16777216 65536
a 2344 8388608 65536
f 2307
a 2345 4194304 65536
f 2320
a 2346 16777216 65536
f 2343
f 2344
a 2347 16777216 65536
a 2348 8388608 65536
f 2346
a 2349 16777216 65536
a 2350 16777216 65536
c churn-1500
f 2337
f 2347
f 2348
f 2345
f 2349
f 2317
f 2330
f 2336
f 2350
f 2338
f 2339
f 2340
c residents-only
